Archive member included to satisfy reference by file (symbol)

/opt/st/stm32cubeide_2.1.1/plugins/com.st.stm32cube.ide.mcu.externaltools.gnu-tools-for-stm32.14.3.rel1.linux64_1.0.100.202602081740/tools/bin/../lib/gcc/arm-none-eabi/14.3.1/../../../../arm-none-eabi/lib/thumb/v7e-m+fp/hard/libc_nano.a(libc_a-exit.o)
                              /opt/st/stm32cubeide_2.1.1/plugins/com.st.stm32cube.ide.mcu.externaltools.gnu-tools-for-stm32.14.3.rel1.linux64_1.0.100.202602081740/tools/bin/../lib/gcc/arm-none-eabi/14.3.1/../../../../arm-none-eabi/lib/thumb/v7e-m+fp/hard/crt0.o (exit)
/opt/st/stm32cubeide_2.1.1/plugins/com.st.stm32cube.ide.mcu.externaltools.gnu-tools-for-stm32.14.3.rel1.linux64_1.0.100.202602081740/tools/bin/../lib/gcc/arm-none-eabi/14.3.1/../../../../arm-none-eabi/lib/thumb/v7e-m+fp/hard/libc_nano.a(libc_a-findfp.o)
                              /opt/st/stm32cubeide_2.1.1/plugins/com.st.stm32cube.ide.mcu.externaltools.gnu-tools-for-stm32.14.3.rel1.linux64_1.0.100.202602081740/tools/bin/../lib/gcc/arm-none-eabi/14.3.1/../../../../arm-none-eabi/lib/thumb/v7e-m+fp/hard/libc_nano.a(libc_a-exit.o) (__stdio_exit_handler)
/opt/st/stm32cubeide_2.1.1/plugins/com.st.stm32cube.ide.mcu.externaltools.gnu-tools-for-stm32.14.3.rel1.linux64_1.0.100.202602081740/tools/bin/../lib/gcc/arm-none-eabi/14.3.1/../../../../arm-none-eabi/lib/thumb/v7e-m+fp/hard/libc_nano.a(libc_a-fwalk.o)
                              /opt/st/stm32cubeide_2.1.1/plugins/com.st.stm32cube.ide.mcu.externaltools.gnu-tools-for-stm32.14.3.rel1.linux64_1.0.100.202602081740/tools/bin/../lib/gcc/arm-none-eabi/14.3.1/../../../../arm-none-eabi/lib/thumb/v7e-m+fp/hard/libc_nano.a(libc_a-findfp.o) (_fwalk_sglue)
/opt/st/stm32cubeide_2.1.1/plugins/com.st.stm32cube.ide.mcu.externaltools.gnu-tools-for-stm32.14.3.rel1.linux64_1.0.100.202602081740/tools/bin/../lib/gcc/arm-none-eabi/14.3.1/../../../../arm-none-eabi/lib/thumb/v7e-m+fp/hard/libc_nano.a(libc_a-snprintf.o)
                              ./Core/Src/optical_slice_app.o (snprintf)
/opt/st/stm32cubeide_2.1.1/plugins/com.st.stm32cube.ide.mcu.externaltools.gnu-tools-for-stm32.14.3.rel1.linux64_1.0.100.202602081740/tools/bin/../lib/gcc/arm-none-eabi/14.3.1/../../../../arm-none-eabi/lib/thumb/v7e-m+fp/hard/libc_nano.a(libc_a-stdio.o)
                              /opt/st/stm32cubeide_2.1.1/plugins/com.st.stm32cube.ide.mcu.externaltools.gnu-tools-for-stm32.14.3.rel1.linux64_1.0.100.202602081740/tools/bin/../lib/gcc/arm-none-eabi/14.3.1/../../../../arm-none-eabi/lib/thumb/v7e-m+fp/hard/libc_nano.a(libc_a-findfp.o) (__sread)
/opt/st/stm32cubeide_2.1.1/plugins/com.st.stm32cube.ide.mcu.externaltools.gnu-tools-for-stm32.14.3.rel1.linux64_1.0.100.202602081740/tools/bin/../lib/gcc/arm-none-eabi/14.3.1/../../../../arm-none-eabi/lib/thumb/v7e-m+fp/hard/libc_nano.a(libc_a-vsnprintf.o)
                              ./Core/Src/optical_slice_app.o (vsnprintf)
/opt/st/stm32cubeide_2.1.1/plugins/com.st.stm32cube.ide.mcu.externaltools.gnu-tools-for-stm32.14.3.rel1.linux64_1.0.100.202602081740/tools/bin/../lib/gcc/arm-none-eabi/14.3.1/../../../../arm-none-eabi/lib/thumb/v7e-m+fp/hard/libc_nano.a(libc_a-memset.o)
                              /opt/st/stm32cubeide_2.1.1/plugins/com.st.stm32cube.ide.mcu.externaltools.gnu-tools-for-stm32.14.3.rel1.linux64_1.0.100.202602081740/tools/bin/../lib/gcc/arm-none-eabi/14.3.1/../../../../arm-none-eabi/lib/thumb/v7e-m+fp/hard/crt0.o (memset)
/opt/st/stm32cubeide_2.1.1/plugins/com.st.stm32cube.ide.mcu.externaltools.gnu-tools-for-stm32.14.3.rel1.linux64_1.0.100.202602081740/tools/bin/../lib/gcc/arm-none-eabi/14.3.1/../../../../arm-none-eabi/lib/thumb/v7e-m+fp/hard/libc_nano.a(libc_a-strncpy.o)
                              ./Core/Src/sc18is604.o (strncpy)
/opt/st/stm32cubeide_2.1.1/plugins/com.st.stm32cube.ide.mcu.externaltools.gnu-tools-for-stm32.14.3.rel1.linux64_1.0.100.202602081740/tools/bin/../lib/gcc/arm-none-eabi/14.3.1/../../../../arm-none-eabi/lib/thumb/v7e-m+fp/hard/libc_nano.a(libc_a-closer.o)
                              /opt/st/stm32cubeide_2.1.1/plugins/com.st.stm32cube.ide.mcu.externaltools.gnu-tools-for-stm32.14.3.rel1.linux64_1.0.100.202602081740/tools/bin/../lib/gcc/arm-none-eabi/14.3.1/../../../../arm-none-eabi/lib/thumb/v7e-m+fp/hard/libc_nano.a(libc_a-stdio.o) (_close_r)
/opt/st/stm32cubeide_2.1.1/plugins/com.st.stm32cube.ide.mcu.externaltools.gnu-tools-for-stm32.14.3.rel1.linux64_1.0.100.202602081740/tools/bin/../lib/gcc/arm-none-eabi/14.3.1/../../../../arm-none-eabi/lib/thumb/v7e-m+fp/hard/libc_nano.a(libc_a-reent.o)
                              /opt/st/stm32cubeide_2.1.1/plugins/com.st.stm32cube.ide.mcu.externaltools.gnu-tools-for-stm32.14.3.rel1.linux64_1.0.100.202602081740/tools/bin/../lib/gcc/arm-none-eabi/14.3.1/../../../../arm-none-eabi/lib/thumb/v7e-m+fp/hard/libc_nano.a(libc_a-closer.o) (errno)
[...]
Memory Configuration

Name             Origin             Length             Attributes
CCMRAM           0x10000000         0x00001000         xrw
RAM              0x20000000         0x00003000         xrw
FLASH            0x08000000         0x00010000         xr
*default*        0x00000000         0xffffffff

Linker script and memory map

LOAD /opt/st/stm32cubeide_2.1.1/plugins/com.st.stm32cube.ide.mcu.externaltools.gnu-tools-for-stm32.14.3.rel1.linux64_1.0.100.202602081740/tools/bin/../lib/gcc/arm-none-eabi/14.3.1/thumb/v7e-m+fp/hard/crti.o
LOAD /opt/st/stm32cubeide_2.1.1/plugins/com.st.stm32cube.ide.mcu.externaltools.gnu-tools-for-stm32.14.3.rel1.linux64_1.0.100.202602081740/tools/bin/../lib/gcc/arm-none-eabi/14.3.1/thumb/v7e-m+fp/hard/crtbegin.o
LOAD /opt/st/stm32cubeide_2.1.1/plugins/com.st.stm32cube.ide.mcu.externaltools.gnu-tools-for-stm32.14.3.rel1.linux64_1.0.100.202602081740/tools/bin/../lib/gcc/arm-none-eabi/14.3.1/../../../../arm-none-eabi/lib/thumb/v7e-m+fp/hard/crt0.o
LOAD ./Core/Src/VL53L1X_api.o
LOAD ./Core/Src/VL53L1X_calibration.o
LOAD ./Core/Src/dma.o
LOAD ./Core/Src/gpio.o
LOAD ./Core/Src/main.o
LOAD ./Core/Src/optical_slice_app.o
LOAD ./Core/Src/optical_slice_sensors.o
LOAD ./Core/Src/optical_slice_validation.o
LOAD ./Core/Src/sc18is604.o
LOAD ./Core/Src/spi.o
LOAD ./Core/Src/stm32f3xx_hal_msp.o
LOAD ./Core/Src/stm32f3xx_it.o
LOAD ./Core/Src/syscalls.o
LOAD ./Core/Src/sysmem.o
LOAD ./Core/Src/system_stm32f3xx.o
LOAD ./Core/Src/usart.o
LOAD ./Core/Src/vl53l1_platform.o
LOAD ./Core/Src/vl53l1x_bridge.o
LOAD ./Core/Startup/startup_stm32f303k8tx.o
LOAD ./Drivers/STM32F3xx_HAL_Driver/Src/stm32f3xx_hal.o
LOAD ./Drivers/STM32F3xx_HAL_Driver/Src/stm32f3xx_hal_cortex.o
LOAD ./Drivers/STM32F3xx_HAL_Driver/Src/stm32f3xx_hal_dma.o
LOAD ./Drivers/STM32F3xx_HAL_Driver/Src/stm32f3xx_hal_exti.o
LOAD ./Drivers/STM32F3xx_HAL_Driver/Src/stm32f3xx_hal_flash.o
LOAD ./Drivers/STM32F3xx_HAL_Driver/Src/stm32f3xx_hal_flash_ex.o
LOAD ./Drivers/STM32F3xx_HAL_Driver/Src/stm32f3xx_hal_gpio.o
LOAD ./Drivers/STM32F3xx_HAL_Driver/Src/stm32f3xx_hal_i2c.o
LOAD ./Drivers/STM32F3xx_HAL_Driver/Src/stm32f3xx_hal_i2c_ex.o
LOAD ./Drivers/STM32F3xx_HAL_Driver/Src/stm32f3xx_hal_pwr.o
LOAD ./Drivers/STM32F3xx_HAL_Driver/Src/stm32f3xx_hal_pwr_ex.o
LOAD ./Drivers/STM32F3xx_HAL_Driver/Src/stm32f3xx_hal_rcc.o
LOAD ./Drivers/STM32F3xx_HAL_Driver/Src/stm32f3xx_hal_rcc_ex.o
LOAD ./Drivers/STM32F3xx_HAL_Driver/Src/stm32f3xx_hal_spi.o
LOAD ./Drivers/STM32F3xx_HAL_Driver/Src/stm32f3xx_hal_spi_ex.o
LOAD ./Drivers/STM32F3xx_HAL_Driver/Src/stm32f3xx_hal_uart.o
LOAD ./Drivers/STM32F3xx_HAL_Driver/Src/stm32f3xx_hal_uart_ex.o
START GROUP
LOAD /opt/st/stm32cubeide_2.1.1/plugins/com.st.stm32cube.ide.mcu.externaltools.gnu-tools-for-stm32.14.3.rel1.linux64_1.0.100.202602081740/tools/bin/../lib/gcc/arm-none-eabi/14.3.1/../../../../arm-none-eabi/lib/thumb/v7e-m+fp/hard/libc_nano.a
LOAD /opt/st/stm32cubeide_2.1.1/plugins/com.st.stm32cube.ide.mcu.externaltools.gnu-tools-for-stm32.14.3.rel1.linux64_1.0.100.202602081740/tools/bin/../lib/gcc/arm-none-eabi/14.3.1/../../../../arm-none-eabi/lib/thumb/v7e-m+fp/hard/libm.a
END GROUP
START GROUP
LOAD /opt/st/stm32cubeide_2.1.1/plugins/com.st.stm32cube.ide.mcu.externaltools.gnu-tools-for-stm32.14.3.rel1.linux64_1.0.100.202602081740/tools/bin/../lib/gcc/arm-none-eabi/14.3.1/thumb/v7e-m+fp/hard/libgcc.a
LOAD /opt/st/stm32cubeide_2.1.1/plugins/com.st.stm32cube.ide.mcu.externaltools.gnu-tools-for-stm32.14.3.rel1.linux64_1.0.100.202602081740/tools/bin/../lib/gcc/arm-none-eabi/14.3.1/../../../../arm-none-eabi/lib/thumb/v7e-m+fp/hard/libc_nano.a
END GROUP
START GROUP
LOAD /opt/st/stm32cubeide_2.1.1/plugins/com.st.stm32cube.ide.mcu.externaltools.gnu-tools-for-stm32.14.3.rel1.linux64_1.0.100.202602081740/tools/bin/../lib/gcc/arm-none-eabi/14.3.1/thumb/v7e-m+fp/hard/libgcc.a
LOAD /opt/st/stm32cubeide_2.1.1/plugins/com.st.stm32cube.ide.mcu.externaltools.gnu-tools-for-stm32.14.3.rel1.linux64_1.0.100.202602081740/tools/bin/../lib/gcc/arm-none-eabi/14.3.1/../../../../arm-none-eabi/lib/thumb/v7e-m+fp/hard/libc_nano.a
LOAD /opt/st/stm32cubeide_2.1.1/plugins/com.st.stm32cube.ide.mcu.externaltools.gnu-tools-for-stm32.14.3.rel1.linux64_1.0.100.202602081740/tools/bin/../lib/gcc/arm-none-eabi/14.3.1/../../../../arm-none-eabi/lib/thumb/v7e-m+fp/hard/libnosys.a
END GROUP
START GROUP
LOAD /opt/st/stm32cubeide_2.1.1/plugins/com.st.stm32cube.ide.mcu.externaltools.gnu-tools-for-stm32.14.3.rel1.linux64_1.0.100.202602081740/tools/bin/../lib/gcc/arm-none-eabi/14.3.1/thumb/v7e-m+fp/hard/libgcc.a
LOAD /opt/st/stm32cubeide_2.1.1/plugins/com.st.stm32cube.ide.mcu.externaltools.gnu-tools-for-stm32.14.3.rel1.linux64_1.0.100.202602081740/tools/bin/../lib/gcc/arm-none-eabi/14.3.1/../../../../arm-none-eabi/lib/thumb/v7e-m+fp/hard/libc_nano.a
LOAD /opt/st/stm32cubeide_2.1.1/plugins/com.st.stm32cube.ide.mcu.externaltools.gnu-tools-for-stm32.14.3.rel1.linux64_1.0.100.202602081740/tools/bin/../lib/gcc/arm-none-eabi/14.3.1/../../../../arm-none-eabi/lib/thumb/v7e-m+fp/hard/libnosys.a
END GROUP
LOAD /opt/st/stm32cubeide_2.1.1/plugins/com.st.stm32cube.ide.mcu.externaltools.gnu-tools-for-stm32.14.3.rel1.linux64_1.0.100.202602081740/tools/bin/../lib/gcc/arm-none-eabi/14.3.1/thumb/v7e-m+fp/hard/crtend.o
LOAD /opt/st/stm32cubeide_2.1.1/plugins/com.st.stm32cube.ide.mcu.externaltools.gnu-tools-for-stm32.14.3.rel1.linux64_1.0.100.202602081740/tools/bin/../lib/gcc/arm-none-eabi/14.3.1/thumb/v7e-m+fp/hard/crtn.o
                0x20003000                        _estack = (ORIGIN (RAM) + LENGTH (RAM))
                0x00000200                        _Min_Heap_Size = 0x200
                0x00000400                        _Min_Stack_Size = 0x400

.isr_vector     0x08000000      0x188
                0x08000000                        . = ALIGN (0x4)
 *(.isr_vector)
 .isr_vector    0x08000000      0x188 ./Core/Startup/startup_stm32f303k8tx.o
                0x08000000                g_pfnVectors
                0x08000188                        . = ALIGN (0x4)

.text           0x08000190     0x99c0
                0x08000190                        . = ALIGN (0x4)
 *(.text)
 .text          0x08000190       0x40 /opt/st/stm32cubeide_2.1.1/plugins/com.st.stm32cube.ide.mcu.externaltools.gnu-tools-for-stm32.14.3.rel1.linux64_1.0.100.202602081740/tools/bin/../lib/gcc/arm-none-eabi/14.3.1/thumb/v7e-m+fp/hard/crtbegin.o
 .text          0x080001d0       0x14 /opt/st/stm32cubeide_2.1.1/plugins/com.st.stm32cube.ide.mcu.externaltools.gnu-tools-for-stm32.14.3.rel1.linux64_1.0.100.202602081740/tools/bin/../lib/gcc/arm-none-eabi/14.3.1/../../../../arm-none-eabi/lib/thumb/v7e-m+fp/hard/libc_nano.a(libc_a-strcmp.o)
                0x080001d0                strcmp
 *fill*         0x080001e4        0xc 
 .text          0x080001f0       0xa0 /opt/st/stm32cubeide_2.1.1/plugins/com.st.stm32cube.ide.mcu.externaltools.gnu-tools-for-stm32.14.3.rel1.linux64_1.0.100.202602081740/tools/bin/../lib/gcc/arm-none-eabi/14.3.1/../../../../arm-none-eabi/lib/thumb/v7e-m+fp/hard/libc_nano.a(libc_a-memchr.o)
                0x080001f0                memchr
 .text          0x08000290      0x378 /opt/st/stm32cubeide_2.1.1/plugins/com.st.stm32cube.ide.mcu.externaltools.gnu-tools-for-stm32.14.3.rel1.linux64_1.0.100.202602081740/tools/bin/../lib/gcc/arm-none-eabi/14.3.1/thumb/v7e-m+fp/hard/libgcc.a(_arm_addsubdf3.o)
                0x08000290                __aeabi_drsub
                0x08000298                __aeabi_dsub
                0x08000298                __subdf3
                0x0800029c                __adddf3
                0x0800029c                __aeabi_dadd
                0x08000514                __aeabi_ui2d
                0x08000514                __floatunsidf
                0x08000534                __floatsidf
                0x08000534                __aeabi_i2d
                0x08000558                __extendsfdf2
                0x08000558                __aeabi_f2d
                0x0800059c                __aeabi_ul2d
                0x0800059c                __floatundidf
                0x080005ac                __floatdidf
                0x080005ac                __aeabi_l2d
 .text          0x08000608      0x424 /opt/st/stm32cubeide_2.1.1/plugins/com.st.stm32cube.ide.mcu.externaltools.gnu-tools-for-stm32.14.3.rel1.linux64_1.0.100.202602081740/tools/bin/../lib/gcc/arm-none-eabi/14.3.1/thumb/v7e-m+fp/hard/libgcc.a(_arm_muldivdf3.o)
                0x08000608                __aeabi_dmul
                0x08000608                __muldf3
                0x0800085c                __aeabi_ddiv
                0x0800085c                __divdf3
 .text          0x08000a2c       0x40 /opt/st/stm32cubeide_2.1.1/plugins/com.st.stm32cube.ide.mcu.externaltools.gnu-tools-for-stm32.14.3.rel1.linux64_1.0.100.202602081740/tools/bin/../lib/gcc/arm-none-eabi/14.3.1/thumb/v7e-m+fp/hard/libgcc.a(_arm_fixunsdfsi.o)
                0x08000a2c                __fixunsdfsi
                0x08000a2c                __aeabi_d2uiz
 *(.text*)
 .text.VL53L1X_SensorInit
                0x08000a6c      0x104 ./Core/Src/VL53L1X_api.o
                0x08000a6c                VL53L1X_SensorInit
 .text.VL53L1X_ClearInterrupt
                0x08000b70       0x32 ./Core/Src/VL53L1X_api.o
                0x08000b70                VL53L1X_ClearInterrupt
 .text.VL53L1X_SetInterruptPolarity
                0x08000ba2       0x76 ./Core/Src/VL53L1X_api.o
                0x08000ba2                VL53L1X_SetInterruptPolarity
 .text.VL53L1X_GetInterruptPolarity
                0x08000c18       0x56 ./Core/Src/VL53L1X_api.o
                0x08000c18                VL53L1X_GetInterruptPolarity
 .text.VL53L1X_StartRanging
                0x08000c6e       0x32 ./Core/Src/VL53L1X_api.o
                0x08000c6e                VL53L1X_StartRanging
 .text.VL53L1X_StopRanging
                0x08000ca0       0x32 ./Core/Src/VL53L1X_api.o
                0x08000ca0                VL53L1X_StopRanging
 .text.VL53L1X_CheckForDataReady
                0x08000cd2       0x6e ./Core/Src/VL53L1X_api.o
                0x08000cd2                VL53L1X_CheckForDataReady
 .text.VL53L1X_SetTimingBudgetInMs
                0x08000d40      0x22a ./Core/Src/VL53L1X_api.o
                0x08000d40                VL53L1X_SetTimingBudgetInMs
 .text.VL53L1X_GetTimingBudgetInMs
                0x08000f6a      0x10c ./Core/Src/VL53L1X_api.o
                0x08000f6a                VL53L1X_GetTimingBudgetInMs
 .text.VL53L1X_SetDistanceMode
                0x08001076      0x13a ./Core/Src/VL53L1X_api.o
                0x08001076                VL53L1X_SetDistanceMode
 .text.VL53L1X_GetDistanceMode
                0x080011b0       0x4e ./Core/Src/VL53L1X_api.o
                0x080011b0                VL53L1X_GetDistanceMode
 *fill*         0x080011fe        0x2 
 .text.VL53L1X_SetInterMeasurementInMs
                0x08001200       0x80 ./Core/Src/VL53L1X_api.o
                0x08001200                VL53L1X_SetInterMeasurementInMs
 .text.VL53L1X_BootState
                0x08001280       0x40 ./Core/Src/VL53L1X_api.o
                0x08001280                VL53L1X_BootState
 .text.VL53L1X_GetSensorId
                0x080012c0       0x42 ./Core/Src/VL53L1X_api.o
                0x080012c0                VL53L1X_GetSensorId
 .text.VL53L1X_GetDistance
                0x08001302       0x3c ./Core/Src/VL53L1X_api.o
                0x08001302                VL53L1X_GetDistance
 *fill*         0x0800133e        0x2 
 .text.VL53L1X_GetRangeStatus
                0x08001340       0x5c ./Core/Src/VL53L1X_api.o
                0x08001340                VL53L1X_GetRangeStatus
 .text.MX_DMA_Init
                0x0800139c       0x3c ./Core/Src/dma.o
                0x0800139c                MX_DMA_Init
 .text.MX_GPIO_Init
                0x080013d8      0x118 ./Core/Src/gpio.o
                0x080013d8                MX_GPIO_Init
 .text.main     0x080014f0       0x2a ./Core/Src/main.o
                0x080014f0                main
 .text.SystemClock_Config
                0x0800151a       0xa4 ./Core/Src/main.o
                0x0800151a                SystemClock_Config
 .text.Error_Handler
                0x080015be        0xc ./Core/Src/main.o
                0x080015be                Error_Handler
 .text.OpticalSlice_ReadLaserRaw
                0x080015ca       0x20 ./Core/Src/optical_slice_app.o
 .text.OpticalSlice_ReadLaserBeam
                0x080015ea       0x18 ./Core/Src/optical_slice_app.o
 *fill*         0x08001602        0x2 
 .text.OpticalSlice_UartPrint
                0x08001604       0x64 ./Core/Src/optical_slice_app.o
 .text.OpticalSlice_GetSensorStatus
                0x08001668       0x52 ./Core/Src/optical_slice_app.o
 *fill*         0x080016ba        0x2 
 .text.OpticalSlice_ReportBootDiagnostics
                0x080016bc       0xfc ./Core/Src/optical_slice_app.o
 .text.OpticalSlice_ReportVl53BridgeProbe
                0x080017b8      0x134 ./Core/Src/optical_slice_app.o
 .text.OpticalSlice_GetHeightLevel
                0x080018ec       0x4c ./Core/Src/optical_slice_app.o
 .text.OpticalSlice_HeightLevelText
                0x08001938       0x48 ./Core/Src/optical_slice_app.o
 .text.OpticalSlice_YNText
                0x08001980       0x2c ./Core/Src/optical_slice_app.o
 .text.OpticalSlice_CameraShortText
                0x080019ac       0x2c ./Core/Src/optical_slice_app.o
 .text.OpticalSlice_FormatAmbientText
                0x080019d8       0x80 ./Core/Src/optical_slice_app.o
 .text.OpticalSlice_PackageShortText
                0x08001a58       0x40 ./Core/Src/optical_slice_app.o
 .text.OpticalSlice_FormatVl53Text
                0x08001a98       0x8c ./Core/Src/optical_slice_app.o
 .text.OpticalSlice_FormatSnowHeightText
                0x08001b24       0xa0 ./Core/Src/optical_slice_app.o
 .text.OpticalSlice_FormatPrecipitationText
                0x08001bc4       0xa8 ./Core/Src/optical_slice_app.o
 .text.OpticalSlice_ReportFrame
                0x08001c6c      0x118 ./Core/Src/optical_slice_app.o
 .text.OpticalSlice_ReportHealth
                0x08001d84      0x17c ./Core/Src/optical_slice_app.o
 .text.OpticalSlice_Init
                0x08001f00      0x110 ./Core/Src/optical_slice_app.o
                0x08001f00                OpticalSlice_Init
 .text.OpticalSlice_Run
                0x08002010      0x1a4 ./Core/Src/optical_slice_app.o
                0x08002010                OpticalSlice_Run
 .text.OpticalSensors_SetUpdateFlag
                0x080021b4       0x28 ./Core/Src/optical_slice_sensors.o
 .text.OpticalSensors_ResetFrameFlags
                0x080021dc       0x24 ./Core/Src/optical_slice_sensors.o
 .text.OpticalSensors_RecordHealthEvent
                0x08002200       0x34 ./Core/Src/optical_slice_sensors.o
 .text.OpticalSensors_RecordFaultEvent
                0x08002234       0x34 ./Core/Src/optical_slice_sensors.o
 .text.OpticalSensors_ApplyLaserProfile
                0x08002268       0x6c ./Core/Src/optical_slice_sensors.o
 .text.OpticalSensors_IsVl53MeasurementValid
                0x080022d4       0x34 ./Core/Src/optical_slice_sensors.o
 .text.OpticalSensors_ComputeSnowHeight
                0x08002308       0x68 ./Core/Src/optical_slice_sensors.o
 .text.OpticalSensors_IsObstructionDistance
                0x08002370       0x30 ./Core/Src/optical_slice_sensors.o
 .text.OpticalSensors_ResetBh1750Cache
                0x080023a0       0x24 ./Core/Src/optical_slice_sensors.o
 .text.OpticalSensors_ResetVl53Cache
                0x080023c4       0x24 ./Core/Src/optical_slice_sensors.o
 .text.OpticalSensors_ResetWonderCamCache
                0x080023e8       0x54 ./Core/Src/optical_slice_sensors.o
 .text.OpticalSensors_InvalidateBridgeSensors
                0x0800243c       0x40 ./Core/Src/optical_slice_sensors.o
 .text.OpticalSensors_RequestBridgeRecovery
                0x0800247c       0x48 ./Core/Src/optical_slice_sensors.o
 .text.OpticalSensors_EnsureBridgeReady
                0x080024c4       0xbc ./Core/Src/optical_slice_sensors.o
 .text.OpticalSensors_LogWonderCamDiag
                0x08002580      0x138 ./Core/Src/optical_slice_sensors.o
 .text.OpticalSensors_ScanBridgeI2cBus
                0x080026b8       0xd8 ./Core/Src/optical_slice_sensors.o
 .text.OpticalSensors_WonderCamRead
                0x08002790       0x62 ./Core/Src/optical_slice_sensors.o
 .text.OpticalSensors_WonderCamWrite
                0x080027f2       0x62 ./Core/Src/optical_slice_sensors.o
 .text.OpticalSensors_StartWonderCam
                0x08002854      0x1fc ./Core/Src/optical_slice_sensors.o
 .text.OpticalSensors_ApplyWonderCamClass
                0x08002a50       0xec ./Core/Src/optical_slice_sensors.o
 .text.OpticalSensors_SampleWonderCam
                0x08002b3c      0x290 ./Core/Src/optical_slice_sensors.o
 .text.OpticalSensors_StartBh1750
                0x08002dcc       0x54 ./Core/Src/optical_slice_sensors.o
 .text.OpticalSensors_SampleBh1750
                0x08002e20      0x188 ./Core/Src/optical_slice_sensors.o
 .text.OpticalSensors_SampleLaser
                0x08002fa8       0xec ./Core/Src/optical_slice_sensors.o
 .text.OpticalSensors_Init
                0x08003094      0x220 ./Core/Src/optical_slice_sensors.o
                0x08003094                OpticalSensors_Init
 .text.OpticalSensors_Poll
                0x080032b4      0x344 ./Core/Src/optical_slice_sensors.o
                0x080032b4                OpticalSensors_Poll
 .text.OpticalSensors_GetTable
                0x080035f8       0x28 ./Core/Src/optical_slice_sensors.o
                0x080035f8                OpticalSensors_GetTable
 .text.OpticalSensors_GetRuntimeConfig
                0x08003620       0x34 ./Core/Src/optical_slice_sensors.o
                0x08003620                OpticalSensors_GetRuntimeConfig
 .text.OpticalSensors_GetDiagnostics
                0x08003654       0x6c ./Core/Src/optical_slice_sensors.o
                0x08003654                OpticalSensors_GetDiagnostics
 .text.OpticalSensors_HasSnowBaseline
                0x080036c0       0x24 ./Core/Src/optical_slice_sensors.o
                0x080036c0                OpticalSensors_HasSnowBaseline
 .text.OpticalSensors_GetSnowBaselineMm
                0x080036e4       0x18 ./Core/Src/optical_slice_sensors.o
                0x080036e4                OpticalSensors_GetSnowBaselineMm
 .text.OpticalSensors_CaptureSnowBaseline
                0x080036fc       0x40 ./Core/Src/optical_slice_sensors.o
                0x080036fc                OpticalSensors_CaptureSnowBaseline
 .text.OpticalSensors_ClearSnowBaseline
                0x0800373c       0x1c ./Core/Src/optical_slice_sensors.o
                0x0800373c                OpticalSensors_ClearSnowBaseline
 .text.OpticalSensors_SetLaserProfile
                0x08003758       0x5e ./Core/Src/optical_slice_sensors.o
                0x08003758                OpticalSensors_SetLaserProfile
 *fill*         0x080037b6        0x2 
 .text.OpticalSensors_GetLaserProfileName
                0x080037b8       0x38 ./Core/Src/optical_slice_sensors.o
                0x080037b8                OpticalSensors_GetLaserProfileName
 .text.OpticalSensors_ResetDiagnostics
                0x080037f0       0x78 ./Core/Src/optical_slice_sensors.o
                0x080037f0                OpticalSensors_ResetDiagnostics
 .text.SC18IS604_DelayUs
                0x08003868       0x8c ./Core/Src/sc18is604.o
 .text.SC18IS604_Select
                0x080038f4       0x14 ./Core/Src/sc18is604.o
 .text.SC18IS604_Deselect
                0x08003908       0x14 ./Core/Src/sc18is604.o
 .text.SC18IS604_SpiTransfer
                0x0800391c       0x74 ./Core/Src/sc18is604.o
 .text.SC18IS604_SendCommand
                0x08003990       0x7a ./Core/Src/sc18is604.o
 .text.SC18IS604_WriteRegister
                0x08003a0a       0x36 ./Core/Src/sc18is604.o
 .text.SC18IS604_ReadRegister
                0x08003a40       0x4c ./Core/Src/sc18is604.o
 .text.SC18IS604_WaitForI2cCompletion
                0x08003a8c       0x7c ./Core/Src/sc18is604.o
 .text.SC18IS604_ReadBuffer
                0x08003b08       0xc8 ./Core/Src/sc18is604.o
 .text.SC18IS604_Init
                0x08003bd0      0x13c ./Core/Src/sc18is604.o
                0x08003bd0                SC18IS604_Init
 .text.SC18IS604_IsReady
                0x08003d0c       0x18 ./Core/Src/sc18is604.o
                0x08003d0c                SC18IS604_IsReady
 .text.SC18IS604_GetLastI2cStatus
                0x08003d24       0x18 ./Core/Src/sc18is604.o
                0x08003d24                SC18IS604_GetLastI2cStatus
 .text.SC18IS604_GetLastI2cRawStatus
                0x08003d3c       0x18 ./Core/Src/sc18is604.o
                0x08003d3c                SC18IS604_GetLastI2cRawStatus
 .text.SC18IS604_I2cStatusText
                0x08003d54       0x78 ./Core/Src/sc18is604.o
                0x08003d54                SC18IS604_I2cStatusText
 .text.SC18IS604_ReadVersion
                0x08003dcc       0x80 ./Core/Src/sc18is604.o
                0x08003dcc                SC18IS604_ReadVersion
 .text.SC18IS604_I2cWrite
                0x08003e4c       0xe4 ./Core/Src/sc18is604.o
                0x08003e4c                SC18IS604_I2cWrite
 .text.SC18IS604_I2cRead
                0x08003f30       0x78 ./Core/Src/sc18is604.o
                0x08003f30                SC18IS604_I2cRead
 .text.MX_SPI1_Init
                0x08003fa8       0x7c ./Core/Src/spi.o
                0x08003fa8                MX_SPI1_Init
 .text.HAL_SPI_MspInit
                0x08004024       0x88 ./Core/Src/spi.o
                0x08004024                HAL_SPI_MspInit
 .text.HAL_MspInit
                0x080040ac       0x48 ./Core/Src/stm32f3xx_hal_msp.o
                0x080040ac                HAL_MspInit
 .text.NMI_Handler
                0x080040f4        0x8 ./Core/Src/stm32f3xx_it.o
                0x080040f4                NMI_Handler
 .text.HardFault_Handler
                0x080040fc        0x8 ./Core/Src/stm32f3xx_it.o
                0x080040fc                HardFault_Handler
 .text.MemManage_Handler
                0x08004104        0x8 ./Core/Src/stm32f3xx_it.o
                0x08004104                MemManage_Handler
 .text.BusFault_Handler
                0x0800410c        0x8 ./Core/Src/stm32f3xx_it.o
                0x0800410c                BusFault_Handler
 .text.UsageFault_Handler
                0x08004114        0x8 ./Core/Src/stm32f3xx_it.o
                0x08004114                UsageFault_Handler
 .text.SVC_Handler
                0x0800411c        0xe ./Core/Src/stm32f3xx_it.o
                0x0800411c                SVC_Handler
 .text.DebugMon_Handler
                0x0800412a        0xe ./Core/Src/stm32f3xx_it.o
                0x0800412a                DebugMon_Handler
 .text.PendSV_Handler
                0x08004138        0xe ./Core/Src/stm32f3xx_it.o
                0x08004138                PendSV_Handler
 .text.SysTick_Handler
                0x08004146        0xc ./Core/Src/stm32f3xx_it.o
                0x08004146                SysTick_Handler
 *fill*         0x08004152        0x2 
 .text.DMA1_Channel5_IRQHandler
                0x08004154       0x14 ./Core/Src/stm32f3xx_it.o
                0x08004154                DMA1_Channel5_IRQHandler
 .text.USART1_IRQHandler
                0x08004168       0x14 ./Core/Src/stm32f3xx_it.o
                0x08004168                USART1_IRQHandler
 .text._sbrk    0x0800417c       0x6c ./Core/Src/sysmem.o
                0x0800417c                _sbrk
 .text.SystemInit
                0x080041e8       0x24 ./Core/Src/system_stm32f3xx.o
                0x080041e8                SystemInit
 .text.OpticalMasterLink_PrecipTypeText
                0x0800420c       0x48 ./Core/Src/usart.o
 .text.OpticalMasterLink_FormatOptionalU16
                0x08004254       0x58 ./Core/Src/usart.o
 .text.OpticalMasterLink_StoreAsciiPacket
                0x080042ac       0x8a ./Core/Src/usart.o
 *fill*         0x08004336        0x2 
 .text.OpticalMasterLink_EnableReceive
                0x08004338       0x3c ./Core/Src/usart.o
 .text.OpticalMasterLink_RebuildPackets
                0x08004374      0x258 ./Core/Src/usart.o
 .text.OpticalMasterLink_HandleCommand
                0x080045cc      0x230 ./Core/Src/usart.o
 .text.OpticalMasterLink_ProcessByte
                0x080047fc       0xf0 ./Core/Src/usart.o
 .text.MX_USART1_UART_Init
                0x080048ec       0x60 ./Core/Src/usart.o
                0x080048ec                MX_USART1_UART_Init
 .text.MX_USART2_UART_Init
                0x0800494c       0x60 ./Core/Src/usart.o
                0x0800494c                MX_USART2_UART_Init
 .text.HAL_UART_MspInit
                0x080049ac      0x150 ./Core/Src/usart.o
                0x080049ac                HAL_UART_MspInit
 .text.OpticalMasterLink_Init
                0x08004afc       0x98 ./Core/Src/usart.o
                0x08004afc                OpticalMasterLink_Init
 .text.OpticalMasterLink_UpdateFrame
                0x08004b94       0x34 ./Core/Src/usart.o
                0x08004b94                OpticalMasterLink_UpdateFrame
 .text.OpticalMasterLink_IsHealthy
                0x08004bc8       0x30 ./Core/Src/usart.o
                0x08004bc8                OpticalMasterLink_IsHealthy
 .text.OpticalMasterLink_HasRecentActivity
                0x08004bf8       0x30 ./Core/Src/usart.o
                0x08004bf8                OpticalMasterLink_HasRecentActivity
 .text.respondToLoaf
                0x08004c28       0xb4 ./Core/Src/usart.o
                0x08004c28                respondToLoaf
 .text.HAL_UART_RxCpltCallback
                0x08004cdc       0x30 ./Core/Src/usart.o
                0x08004cdc                HAL_UART_RxCpltCallback
 .text.HAL_UART_ErrorCallback
                0x08004d0c       0x38 ./Core/Src/usart.o
                0x08004d0c                HAL_UART_ErrorCallback
 .text.VL53L1_PlatformAddr7
                0x08004d44       0x1e ./Core/Src/vl53l1_platform.o
 .text.VL53L1_WriteMulti
                0x08004d62       0xfa ./Core/Src/vl53l1_platform.o
                0x08004d62                VL53L1_WriteMulti
 .text.VL53L1_ReadMulti
                0x08004e5c       0x90 ./Core/Src/vl53l1_platform.o
                0x08004e5c                VL53L1_ReadMulti
 .text.VL53L1_WrByte
                0x08004eec       0x28 ./Core/Src/vl53l1_platform.o
                0x08004eec                VL53L1_WrByte
 .text.VL53L1_WrWord
                0x08004f14       0x3a ./Core/Src/vl53l1_platform.o
                0x08004f14                VL53L1_WrWord
 .text.VL53L1_WrDWord
                0x08004f4e       0x46 ./Core/Src/vl53l1_platform.o
                0x08004f4e                VL53L1_WrDWord
 .text.VL53L1_RdByte
                0x08004f94       0x26 ./Core/Src/vl53l1_platform.o
                0x08004f94                VL53L1_RdByte
 .text.VL53L1_RdWord
                0x08004fba       0x56 ./Core/Src/vl53l1_platform.o
                0x08004fba                VL53L1_RdWord
 .text.VL53L1_WaitMs
                0x08005010       0x2a ./Core/Src/vl53l1_platform.o
                0x08005010                VL53L1_WaitMs
 *fill*         0x0800503a        0x2 
 .text.VL53L1XBridge_Init
                0x0800503c      0x1bc ./Core/Src/vl53l1x_bridge.o
                0x0800503c                VL53L1XBridge_Init
 .text.VL53L1XBridge_Poll
                0x080051f8       0xa4 ./Core/Src/vl53l1x_bridge.o
                0x080051f8                VL53L1XBridge_Poll
 .text.VL53L1XBridge_GetInfo
                0x0800529c       0x14 ./Core/Src/vl53l1x_bridge.o
                0x0800529c                VL53L1XBridge_GetInfo
 .text.Reset_Handler
                0x080052b0       0x50 ./Core/Startup/startup_stm32f303k8tx.o
                0x080052b0                Reset_Handler
 .text.Default_Handler
                0x08005300        0x2 ./Core/Startup/startup_stm32f303k8tx.o
                0x08005300                RTC_Alarm_IRQHandler
                0x08005300                TIM1_CC_IRQHandler
                0x08005300                PVD_IRQHandler
                0x08005300                TAMP_STAMP_IRQHandler
                0x08005300                EXTI3_IRQHandler
                0x08005300                EXTI0_IRQHandler
                0x08005300                FPU_IRQHandler
                0x08005300                CAN_TX_IRQHandler
                0x08005300                TIM1_UP_TIM16_IRQHandler
                0x08005300                ADC1_2_IRQHandler
                0x08005300                SPI1_IRQHandler
                0x08005300                CAN_SCE_IRQHandler
                0x08005300                DMA1_Channel4_IRQHandler
                0x08005300                USART3_IRQHandler
                0x08005300                DMA1_Channel7_IRQHandler
                0x08005300                TIM7_DAC2_IRQHandler
                0x08005300                CAN_RX1_IRQHandler
                0x08005300                I2C1_EV_IRQHandler
                0x08005300                DMA1_Channel6_IRQHandler
                0x08005300                TIM3_IRQHandler
                0x08005300                RCC_IRQHandler
                0x08005300                DMA1_Channel1_IRQHandler
                0x08005300                Default_Handler
                0x08005300                EXTI15_10_IRQHandler
                0x08005300                COMP2_IRQHandler
                0x08005300                TIM6_DAC1_IRQHandler
                0x08005300                EXTI9_5_IRQHandler
                0x08005300                RTC_WKUP_IRQHandler
                0x08005300                EXTI4_IRQHandler
                0x08005300                TIM1_TRG_COM_TIM17_IRQHandler
                0x08005300                DMA1_Channel3_IRQHandler
                0x08005300                WWDG_IRQHandler
                0x08005300                TIM2_IRQHandler
                0x08005300                EXTI1_IRQHandler
                0x08005300                COMP4_6_IRQHandler
                0x08005300                USART2_IRQHandler
                0x08005300                DMA1_Channel2_IRQHandler
                0x08005300                FLASH_IRQHandler
                0x08005300                CAN_RX0_IRQHandler
                0x08005300                I2C1_ER_IRQHandler
                0x08005300                EXTI2_TSC_IRQHandler
                0x08005300                TIM1_BRK_TIM15_IRQHandler
 *fill*         0x08005302        0x2 
 .text.HAL_Init
                0x08005304       0x2c ./Drivers/STM32F3xx_HAL_Driver/Src/stm32f3xx_hal.o
                0x08005304                HAL_Init
 .text.HAL_InitTick
                0x08005330       0x60 ./Drivers/STM32F3xx_HAL_Driver/Src/stm32f3xx_hal.o
                0x08005330                HAL_InitTick
 .text.HAL_IncTick
                0x08005390       0x28 ./Drivers/STM32F3xx_HAL_Driver/Src/stm32f3xx_hal.o
                0x08005390                HAL_IncTick
 .text.HAL_GetTick
                0x080053b8       0x18 ./Drivers/STM32F3xx_HAL_Driver/Src/stm32f3xx_hal.o
                0x080053b8                HAL_GetTick
 .text.HAL_Delay
                0x080053d0       0x48 ./Drivers/STM32F3xx_HAL_Driver/Src/stm32f3xx_hal.o
                0x080053d0                HAL_Delay
 .text.__NVIC_SetPriorityGrouping
                0x08005418       0x48 ./Drivers/STM32F3xx_HAL_Driver/Src/stm32f3xx_hal_cortex.o
 .text.__NVIC_GetPriorityGrouping
                0x08005460       0x1c ./Drivers/STM32F3xx_HAL_Driver/Src/stm32f3xx_hal_cortex.o
 .text.__NVIC_EnableIRQ
                0x0800547c       0x3c ./Drivers/STM32F3xx_HAL_Driver/Src/stm32f3xx_hal_cortex.o
 .text.__NVIC_SetPriority
                0x080054b8       0x54 ./Drivers/STM32F3xx_HAL_Driver/Src/stm32f3xx_hal_cortex.o
 .text.NVIC_EncodePriority
                0x0800550c       0x66 ./Drivers/STM32F3xx_HAL_Driver/Src/stm32f3xx_hal_cortex.o
 *fill*         0x08005572        0x2 
 .text.SysTick_Config
                0x08005574       0x44 ./Drivers/STM32F3xx_HAL_Driver/Src/stm32f3xx_hal_cortex.o
 .text.HAL_NVIC_SetPriorityGrouping
                0x080055b8       0x16 ./Drivers/STM32F3xx_HAL_Driver/Src/stm32f3xx_hal_cortex.o
                0x080055b8                HAL_NVIC_SetPriorityGrouping
 .text.HAL_NVIC_SetPriority
                0x080055ce       0x38 ./Drivers/STM32F3xx_HAL_Driver/Src/stm32f3xx_hal_cortex.o
                0x080055ce                HAL_NVIC_SetPriority
 .text.HAL_NVIC_EnableIRQ
                0x08005606       0x1c ./Drivers/STM32F3xx_HAL_Driver/Src/stm32f3xx_hal_cortex.o
                0x08005606                HAL_NVIC_EnableIRQ
 .text.HAL_SYSTICK_Config
                0x08005622       0x18 ./Drivers/STM32F3xx_HAL_Driver/Src/stm32f3xx_hal_cortex.o
                0x08005622                HAL_SYSTICK_Config
 .text.HAL_DMA_Init
                0x0800563a       0x8e ./Drivers/STM32F3xx_HAL_Driver/Src/stm32f3xx_hal_dma.o
                0x0800563a                HAL_DMA_Init
 .text.HAL_DMA_Abort
                0x080056c8       0x7c ./Drivers/STM32F3xx_HAL_Driver/Src/stm32f3xx_hal_dma.o
                0x080056c8                HAL_DMA_Abort
 .text.HAL_DMA_Abort_IT
                0x08005744       0x7c ./Drivers/STM32F3xx_HAL_Driver/Src/stm32f3xx_hal_dma.o
                0x08005744                HAL_DMA_Abort_IT
 .text.HAL_DMA_IRQHandler
                0x080057c0      0x146 ./Drivers/STM32F3xx_HAL_Driver/Src/stm32f3xx_hal_dma.o
                0x080057c0                HAL_DMA_IRQHandler
 .text.HAL_DMA_GetError
                0x08005906       0x18 ./Drivers/STM32F3xx_HAL_Driver/Src/stm32f3xx_hal_dma.o
                0x08005906                HAL_DMA_GetError
 *fill*         0x0800591e        0x2 
 .text.DMA_CalcBaseAndBitshift
                0x08005920       0x40 ./Drivers/STM32F3xx_HAL_Driver/Src/stm32f3xx_hal_dma.o
 .text.HAL_GPIO_Init
                0x08005960      0x2e4 ./Drivers/STM32F3xx_HAL_Driver/Src/stm32f3xx_hal_gpio.o
                0x08005960                HAL_GPIO_Init
 .text.HAL_GPIO_ReadPin
                0x08005c44       0x30 ./Drivers/STM32F3xx_HAL_Driver/Src/stm32f3xx_hal_gpio.o
                0x08005c44                HAL_GPIO_ReadPin
 .text.HAL_GPIO_WritePin
                0x08005c74       0x30 ./Drivers/STM32F3xx_HAL_Driver/Src/stm32f3xx_hal_gpio.o
                0x08005c74                HAL_GPIO_WritePin
 .text.HAL_RCC_OscConfig
                0x08005ca4     0x101c ./Drivers/STM32F3xx_HAL_Driver/Src/stm32f3xx_hal_rcc.o
                0x08005ca4                HAL_RCC_OscConfig
 .text.HAL_RCC_ClockConfig
                0x08006cc0      0x2dc ./Drivers/STM32F3xx_HAL_Driver/Src/stm32f3xx_hal_rcc.o
                0x08006cc0                HAL_RCC_ClockConfig
 .text.HAL_RCC_GetSysClockFreq
                0x08006f9c       0xa8 ./Drivers/STM32F3xx_HAL_Driver/Src/stm32f3xx_hal_rcc.o
                0x08006f9c                HAL_RCC_GetSysClockFreq
 .text.HAL_RCC_GetHCLKFreq
                0x08007044       0x18 ./Drivers/STM32F3xx_HAL_Driver/Src/stm32f3xx_hal_rcc.o
                0x08007044                HAL_RCC_GetHCLKFreq
 .text.HAL_RCC_GetPCLK1Freq
                0x0800705c       0x44 ./Drivers/STM32F3xx_HAL_Driver/Src/stm32f3xx_hal_rcc.o
                0x0800705c                HAL_RCC_GetPCLK1Freq
 .text.HAL_RCC_GetPCLK2Freq
                0x080070a0       0x44 ./Drivers/STM32F3xx_HAL_Driver/Src/stm32f3xx_hal_rcc.o
                0x080070a0                HAL_RCC_GetPCLK2Freq
 .text.HAL_RCCEx_PeriphCLKConfig
                0x080070e4      0x248 ./Drivers/STM32F3xx_HAL_Driver/Src/stm32f3xx_hal_rcc_ex.o
                0x080070e4                HAL_RCCEx_PeriphCLKConfig
 .text.HAL_SPI_Init
                0x0800732c      0x146 ./Drivers/STM32F3xx_HAL_Driver/Src/stm32f3xx_hal_spi.o
                0x0800732c                HAL_SPI_Init
 .text.HAL_SPI_TransmitReceive
                0x08007472      0x444 ./Drivers/STM32F3xx_HAL_Driver/Src/stm32f3xx_hal_spi.o
                0x08007472                HAL_SPI_TransmitReceive
 *fill*         0x080078b6        0x2 
 .text.SPI_WaitFlagStateUntilTimeout
                0x080078b8      0x110 ./Drivers/STM32F3xx_HAL_Driver/Src/stm32f3xx_hal_spi.o
 .text.SPI_WaitFifoStateUntilTimeout
                0x080079c8      0x12c ./Drivers/STM32F3xx_HAL_Driver/Src/stm32f3xx_hal_spi.o
 .text.SPI_EndRxTxTransaction
                0x08007af4       0x8c ./Drivers/STM32F3xx_HAL_Driver/Src/stm32f3xx_hal_spi.o
 .text.HAL_UART_Init
                0x08007b80       0x9c ./Drivers/STM32F3xx_HAL_Driver/Src/stm32f3xx_hal_uart.o
                0x08007b80                HAL_UART_Init
 .text.HAL_UART_Transmit
                0x08007c1c      0x112 ./Drivers/STM32F3xx_HAL_Driver/Src/stm32f3xx_hal_uart.o
                0x08007c1c                HAL_UART_Transmit
 .text.HAL_UART_Receive_IT
                0x08007d2e       0x88 ./Drivers/STM32F3xx_HAL_Driver/Src/stm32f3xx_hal_uart.o
                0x08007d2e                HAL_UART_Receive_IT
 .text.HAL_UART_AbortReceive
                0x08007db6      0x15e ./Drivers/STM32F3xx_HAL_Driver/Src/stm32f3xx_hal_uart.o
                0x08007db6                HAL_UART_AbortReceive
 .text.HAL_UART_IRQHandler
                0x08007f14      0x5cc ./Drivers/STM32F3xx_HAL_Driver/Src/stm32f3xx_hal_uart.o
                0x08007f14                HAL_UART_IRQHandler
 .text.HAL_UART_TxCpltCallback
                0x080084e0       0x14 ./Drivers/STM32F3xx_HAL_Driver/Src/stm32f3xx_hal_uart.o
                0x080084e0                HAL_UART_TxCpltCallback
 .text.HAL_UARTEx_RxEventCallback
                0x080084f4       0x18 ./Drivers/STM32F3xx_HAL_Driver/Src/stm32f3xx_hal_uart.o
                0x080084f4                HAL_UARTEx_RxEventCallback
 .text.UART_SetConfig
                0x0800850c      0x26c ./Drivers/STM32F3xx_HAL_Driver/Src/stm32f3xx_hal_uart.o
                0x0800850c                UART_SetConfig
 .text.UART_AdvFeatureConfig
                0x08008778      0x144 ./Drivers/STM32F3xx_HAL_Driver/Src/stm32f3xx_hal_uart.o
                0x08008778                UART_AdvFeatureConfig
 .text.UART_CheckIdleState
                0x080088bc      0x150 ./Drivers/STM32F3xx_HAL_Driver/Src/stm32f3xx_hal_uart.o
                0x080088bc                UART_CheckIdleState
 .text.UART_WaitOnFlagUntilTimeout
                0x08008a0c       0xda ./Drivers/STM32F3xx_HAL_Driver/Src/stm32f3xx_hal_uart.o
                0x08008a0c                UART_WaitOnFlagUntilTimeout
 *fill*         0x08008ae6        0x2 
 .text.UART_Start_Receive_IT
                0x08008ae8      0x18c ./Drivers/STM32F3xx_HAL_Driver/Src/stm32f3xx_hal_uart.o
                0x08008ae8                UART_Start_Receive_IT
 .text.UART_EndRxTransfer
                0x08008c74       0xc8 ./Drivers/STM32F3xx_HAL_Driver/Src/stm32f3xx_hal_uart.o
 .text.UART_DMAAbortOnError
                0x08008d3c       0x2c ./Drivers/STM32F3xx_HAL_Driver/Src/stm32f3xx_hal_uart.o
 .text.UART_EndTransmit_IT
                0x08008d68       0x54 ./Drivers/STM32F3xx_HAL_Driver/Src/stm32f3xx_hal_uart.o
 .text.UART_RxISR_8BIT
                0x08008dbc      0x1a8 ./Drivers/STM32F3xx_HAL_Driver/Src/stm32f3xx_hal_uart.o
 .text.UART_RxISR_16BIT
                0x08008f64      0x1a8 ./Drivers/STM32F3xx_HAL_Driver/Src/stm32f3xx_hal_uart.o
 .text.HAL_UARTEx_WakeupCallback
                0x0800910c       0x14 ./Drivers/STM32F3xx_HAL_Driver/Src/stm32f3xx_hal_uart_ex.o
                0x0800910c                HAL_UARTEx_WakeupCallback
 .text.snprintf
                0x08009120       0x6c /opt/st/stm32cubeide_2.1.1/plugins/com.st.stm32cube.ide.mcu.externaltools.gnu-tools-for-stm32.14.3.rel1.linux64_1.0.100.202602081740/tools/bin/../lib/gcc/arm-none-eabi/14.3.1/../../../../arm-none-eabi/lib/thumb/v7e-m+fp/hard/libc_nano.a(libc_a-snprintf.o)
                0x08009120                snprintf
                0x08009120                sniprintf
 .text._vsnprintf_r
                0x0800918c       0x5c /opt/st/stm32cubeide_2.1.1/plugins/com.st.stm32cube.ide.mcu.externaltools.gnu-tools-for-stm32.14.3.rel1.linux64_1.0.100.202602081740/tools/bin/../lib/gcc/arm-none-eabi/14.3.1/../../../../arm-none-eabi/lib/thumb/v7e-m+fp/hard/libc_nano.a(libc_a-vsnprintf.o)
                0x0800918c                _vsnprintf_r
                0x0800918c                _vsniprintf_r
 .text.vsnprintf
                0x080091e8       0x1c /opt/st/stm32cubeide_2.1.1/plugins/com.st.stm32cube.ide.mcu.externaltools.gnu-tools-for-stm32.14.3.rel1.linux64_1.0.100.202602081740/tools/bin/../lib/gcc/arm-none-eabi/14.3.1/../../../../arm-none-eabi/lib/thumb/v7e-m+fp/hard/libc_nano.a(libc_a-vsnprintf.o)
                0x080091e8                vsnprintf
                0x080091e8                vsniprintf
 .text.memset   0x08009204       0x10 /opt/st/stm32cubeide_2.1.1/plugins/com.st.stm32cube.ide.mcu.externaltools.gnu-tools-for-stm32.14.3.rel1.linux64_1.0.100.202602081740/tools/bin/../lib/gcc/arm-none-eabi/14.3.1/../../../../arm-none-eabi/lib/thumb/v7e-m+fp/hard/libc_nano.a(libc_a-memset.o)
                0x08009204                memset
 .text.strncpy  0x08009214       0x26 /opt/st/stm32cubeide_2.1.1/plugins/com.st.stm32cube.ide.mcu.externaltools.gnu-tools-for-stm32.14.3.rel1.linux64_1.0.100.202602081740/tools/bin/../lib/gcc/arm-none-eabi/14.3.1/../../../../arm-none-eabi/lib/thumb/v7e-m+fp/hard/libc_nano.a(libc_a-strncpy.o)
                0x08009214                strncpy
 *fill*         0x0800923a        0x2 
 .text.__errno  0x0800923c        0xc /opt/st/stm32cubeide_2.1.1/plugins/com.st.stm32cube.ide.mcu.externaltools.gnu-tools-for-stm32.14.3.rel1.linux64_1.0.100.202602081740/tools/bin/../lib/gcc/arm-none-eabi/14.3.1/../../../../arm-none-eabi/lib/thumb/v7e-m+fp/hard/libc_nano.a(libc_a-errno.o)
                0x0800923c                __errno
 .text.__libc_init_array
                0x08009248       0x48 /opt/st/stm32cubeide_2.1.1/plugins/com.st.stm32cube.ide.mcu.externaltools.gnu-tools-for-stm32.14.3.rel1.linux64_1.0.100.202602081740/tools/bin/../lib/gcc/arm-none-eabi/14.3.1/../../../../arm-none-eabi/lib/thumb/v7e-m+fp/hard/libc_nano.a(libc_a-init.o)
                0x08009248                __libc_init_array
 .text.__retarget_lock_acquire_recursive
                0x08009290        0x2 /opt/st/stm32cubeide_2.1.1/plugins/com.st.stm32cube.ide.mcu.externaltools.gnu-tools-for-stm32.14.3.rel1.linux64_1.0.100.202602081740/tools/bin/../lib/gcc/arm-none-eabi/14.3.1/../../../../arm-none-eabi/lib/thumb/v7e-m+fp/hard/libc_nano.a(libc_a-lock.o)
                0x08009290                __retarget_lock_acquire_recursive
 .text.__retarget_lock_release_recursive
                0x08009292        0x2 /opt/st/stm32cubeide_2.1.1/plugins/com.st.stm32cube.ide.mcu.externaltools.gnu-tools-for-stm32.14.3.rel1.linux64_1.0.100.202602081740/tools/bin/../lib/gcc/arm-none-eabi/14.3.1/../../../../arm-none-eabi/lib/thumb/v7e-m+fp/hard/libc_nano.a(libc_a-lock.o)
                0x08009292                __retarget_lock_release_recursive
 .text.memcpy   0x08009294       0x1c /opt/st/stm32cubeide_2.1.1/plugins/com.st.stm32cube.ide.mcu.externaltools.gnu-tools-for-stm32.14.3.rel1.linux64_1.0.100.202602081740/tools/bin/../lib/gcc/arm-none-eabi/14.3.1/../../../../arm-none-eabi/lib/thumb/v7e-m+fp/hard/libc_nano.a(libc_a-memcpy-stub.o)
                0x08009294                memcpy
 .text._free_r  0x080092b0       0x94 /opt/st/stm32cubeide_2.1.1/plugins/com.st.stm32cube.ide.mcu.externaltools.gnu-tools-for-stm32.14.3.rel1.linux64_1.0.100.202602081740/tools/bin/../lib/gcc/arm-none-eabi/14.3.1/../../../../arm-none-eabi/lib/thumb/v7e-m+fp/hard/libc_nano.a(libc_a-freer.o)
                0x080092b0                _free_r
 .text.sbrk_aligned
                0x08009344       0x44 /opt/st/stm32cubeide_2.1.1/plugins/com.st.stm32cube.ide.mcu.externaltools.gnu-tools-for-stm32.14.3.rel1.linux64_1.0.100.202602081740/tools/bin/../lib/gcc/arm-none-eabi/14.3.1/../../../../arm-none-eabi/lib/thumb/v7e-m+fp/hard/libc_nano.a(libc_a-mallocr.o)
 .text._malloc_r
                0x08009388      0x100 /opt/st/stm32cubeide_2.1.1/plugins/com.st.stm32cube.ide.mcu.externaltools.gnu-tools-for-stm32.14.3.rel1.linux64_1.0.100.202602081740/tools/bin/../lib/gcc/arm-none-eabi/14.3.1/../../../../arm-none-eabi/lib/thumb/v7e-m+fp/hard/libc_nano.a(libc_a-mallocr.o)
                0x08009388                _malloc_r
 .text.__malloc_lock
                0x08009488        0xc /opt/st/stm32cubeide_2.1.1/plugins/com.st.stm32cube.ide.mcu.externaltools.gnu-tools-for-stm32.14.3.rel1.linux64_1.0.100.202602081740/tools/bin/../lib/gcc/arm-none-eabi/14.3.1/../../../../arm-none-eabi/lib/thumb/v7e-m+fp/hard/libc_nano.a(libc_a-mlock.o)
                0x08009488                __malloc_lock
 .text.__malloc_unlock
                0x08009494        0xc /opt/st/stm32cubeide_2.1.1/plugins/com.st.stm32cube.ide.mcu.externaltools.gnu-tools-for-stm32.14.3.rel1.linux64_1.0.100.202602081740/tools/bin/../lib/gcc/arm-none-eabi/14.3.1/../../../../arm-none-eabi/lib/thumb/v7e-m+fp/hard/libc_nano.a(libc_a-mlock.o)
                0x08009494                __malloc_unlock
 .text.__ssputs_r
                0x080094a0       0xc0 /opt/st/stm32cubeide_2.1.1/plugins/com.st.stm32cube.ide.mcu.externaltools.gnu-tools-for-stm32.14.3.rel1.linux64_1.0.100.202602081740/tools/bin/../lib/gcc/arm-none-eabi/14.3.1/../../../../arm-none-eabi/lib/thumb/v7e-m+fp/hard/libc_nano.a(libc_a-nano-svfprintf.o)
                0x080094a0                __ssputs_r
 .text._svfprintf_r
                0x08009560      0x1f0 /opt/st/stm32cubeide_2.1.1/plugins/com.st.stm32cube.ide.mcu.externaltools.gnu-tools-for-stm32.14.3.rel1.linux64_1.0.100.202602081740/tools/bin/../lib/gcc/arm-none-eabi/14.3.1/../../../../arm-none-eabi/lib/thumb/v7e-m+fp/hard/libc_nano.a(libc_a-nano-svfprintf.o)
                0x08009560                _svfprintf_r
                0x08009560                _svfiprintf_r
 .text._printf_common
                0x08009750       0xda /opt/st/stm32cubeide_2.1.1/plugins/com.st.stm32cube.ide.mcu.externaltools.gnu-tools-for-stm32.14.3.rel1.linux64_1.0.100.202602081740/tools/bin/../lib/gcc/arm-none-eabi/14.3.1/../../../../arm-none-eabi/lib/thumb/v7e-m+fp/hard/libc_nano.a(libc_a-nano-vfprintf_i.o)
                0x08009750                _printf_common
 *fill*         0x0800982a        0x2 
 .text._printf_i
                0x0800982c      0x24c /opt/st/stm32cubeide_2.1.1/plugins/com.st.stm32cube.ide.mcu.externaltools.gnu-tools-for-stm32.14.3.rel1.linux64_1.0.100.202602081740/tools/bin/../lib/gcc/arm-none-eabi/14.3.1/../../../../arm-none-eabi/lib/thumb/v7e-m+fp/hard/libc_nano.a(libc_a-nano-vfprintf_i.o)
                0x0800982c                _printf_i
 .text.memmove  0x08009a78       0x32 /opt/st/stm32cubeide_2.1.1/plugins/com.st.stm32cube.ide.mcu.externaltools.gnu-tools-for-stm32.14.3.rel1.linux64_1.0.100.202602081740/tools/bin/../lib/gcc/arm-none-eabi/14.3.1/../../../../arm-none-eabi/lib/thumb/v7e-m+fp/hard/libc_nano.a(libc_a-memmove.o)
                0x08009a78                memmove
 *fill*         0x08009aaa        0x2 
 .text._sbrk_r  0x08009aac       0x20 /opt/st/stm32cubeide_2.1.1/plugins/com.st.stm32cube.ide.mcu.externaltools.gnu-tools-for-stm32.14.3.rel1.linux64_1.0.100.202602081740/tools/bin/../lib/gcc/arm-none-eabi/14.3.1/../../../../arm-none-eabi/lib/thumb/v7e-m+fp/hard/libc_nano.a(libc_a-sbrkr.o)
                0x08009aac                _sbrk_r
 .text._realloc_r
                0x08009acc       0x5c /opt/st/stm32cubeide_2.1.1/plugins/com.st.stm32cube.ide.mcu.externaltools.gnu-tools-for-stm32.14.3.rel1.linux64_1.0.100.202602081740/tools/bin/../lib/gcc/arm-none-eabi/14.3.1/../../../../arm-none-eabi/lib/thumb/v7e-m+fp/hard/libc_nano.a(libc_a-reallocr.o)
                0x08009acc                _realloc_r
 .text._malloc_usable_size_r
                0x08009b28       0x10 /opt/st/stm32cubeide_2.1.1/plugins/com.st.stm32cube.ide.mcu.externaltools.gnu-tools-for-stm32.14.3.rel1.linux64_1.0.100.202602081740/tools/bin/../lib/gcc/arm-none-eabi/14.3.1/../../../../arm-none-eabi/lib/thumb/v7e-m+fp/hard/libc_nano.a(libc_a-msizer.o)
                0x08009b28                _malloc_usable_size_r
 *(.glue_7)
 .glue_7        0x08009b38        0x0 linker stubs
 *(.glue_7t)
 .glue_7t       0x08009b38        0x0 linker stubs
 *(.eh_frame)
 .eh_frame      0x08009b38        0x0 /opt/st/stm32cubeide_2.1.1/plugins/com.st.stm32cube.ide.mcu.externaltools.gnu-tools-for-stm32.14.3.rel1.linux64_1.0.100.202602081740/tools/bin/../lib/gcc/arm-none-eabi/14.3.1/thumb/v7e-m+fp/hard/crtbegin.o
 *(.init)
 .init          0x08009b38        0x4 /opt/st/stm32cubeide_2.1.1/plugins/com.st.stm32cube.ide.mcu.externaltools.gnu-tools-for-stm32.14.3.rel1.linux64_1.0.100.202602081740/tools/bin/../lib/gcc/arm-none-eabi/14.3.1/thumb/v7e-m+fp/hard/crti.o
                0x08009b38                _init
 .init          0x08009b3c        0x8 /opt/st/stm32cubeide_2.1.1/plugins/com.st.stm32cube.ide.mcu.externaltools.gnu-tools-for-stm32.14.3.rel1.linux64_1.0.100.202602081740/tools/bin/../lib/gcc/arm-none-eabi/14.3.1/thumb/v7e-m+fp/hard/crtn.o
 *(.fini)
 .fini          0x08009b44        0x4 /opt/st/stm32cubeide_2.1.1/plugins/com.st.stm32cube.ide.mcu.externaltools.gnu-tools-for-stm32.14.3.rel1.linux64_1.0.100.202602081740/tools/bin/../lib/gcc/arm-none-eabi/14.3.1/thumb/v7e-m+fp/hard/crti.o
                0x08009b44                _fini
 .fini          0x08009b48        0x8 /opt/st/stm32cubeide_2.1.1/plugins/com.st.stm32cube.ide.mcu.externaltools.gnu-tools-for-stm32.14.3.rel1.linux64_1.0.100.202602081740/tools/bin/../lib/gcc/arm-none-eabi/14.3.1/thumb/v7e-m+fp/hard/crtn.o
                0x08009b50                        . = ALIGN (0x4)
                0x08009b50                        _etext = .

.vfp11_veneer   0x08009b50        0x0
 .vfp11_veneer  0x08009b50        0x0 linker stubs

.v4_bx          0x08009b50        0x0
 .v4_bx         0x08009b50        0x0 linker stubs

.iplt           0x08009b50        0x0
 .iplt          0x08009b50        0x0 /opt/st/stm32cubeide_2.1.1/plugins/com.st.stm32cube.ide.mcu.externaltools.gnu-tools-for-stm32.14.3.rel1.linux64_1.0.100.202602081740/tools/bin/../lib/gcc/arm-none-eabi/14.3.1/thumb/v7e-m+fp/hard/crtbegin.o

.rodata         0x08009b50      0xb2c
                0x08009b50                        . = ALIGN (0x4)
 *(.rodata)
 .rodata        0x08009b50      0x363 ./Core/Src/optical_slice_app.o
 *fill*         0x08009eb3        0x1 
 .rodata        0x08009eb4      0x140 ./Core/Src/optical_slice_sensors.o
 .rodata        0x08009ff4       0x34 ./Core/Src/sc18is604.o
 .rodata        0x0800a028      0x572 ./Core/Src/usart.o
 *(.rodata*)
 *fill*         0x0800a59a        0x2 
 .rodata.VL51L1X_DEFAULT_CONFIGURATION
                0x0800a59c       0x5b ./Core/Src/VL53L1X_api.o
                0x0800a59c                VL51L1X_DEFAULT_CONFIGURATION
 *fill*         0x0800a5f7        0x1 
 .rodata.status_rtn
                0x0800a5f8       0x18 ./Core/Src/VL53L1X_api.o
 .rodata.AHBPrescTable
                0x0800a610       0x10 ./Core/Src/system_stm32f3xx.o
                0x0800a610                AHBPrescTable
 .rodata.APBPrescTable
                0x0800a620        0x8 ./Core/Src/system_stm32f3xx.o
                0x0800a620                APBPrescTable
 .rodata.aPLLMULFactorTable
                0x0800a628       0x10 ./Drivers/STM32F3xx_HAL_Driver/Src/stm32f3xx_hal_rcc.o
 .rodata.aPredivFactorTable
                0x0800a638       0x10 ./Drivers/STM32F3xx_HAL_Driver/Src/stm32f3xx_hal_rcc.o
 .rodata._svfprintf_r.str1.1
                0x0800a648       0x33 /opt/st/stm32cubeide_2.1.1/plugins/com.st.stm32cube.ide.mcu.externaltools.gnu-tools-for-stm32.14.3.rel1.linux64_1.0.100.202602081740/tools/bin/../lib/gcc/arm-none-eabi/14.3.1/../../../../arm-none-eabi/lib/thumb/v7e-m+fp/hard/libc_nano.a(libc_a-nano-svfprintf.o)
                                 0x11 (size before relaxing)
 .rodata._printf_i.str1.1
                0x0800a67b       0x22 /opt/st/stm32cubeide_2.1.1/plugins/com.st.stm32cube.ide.mcu.externaltools.gnu-tools-for-stm32.14.3.rel1.linux64_1.0.100.202602081740/tools/bin/../lib/gcc/arm-none-eabi/14.3.1/../../../../arm-none-eabi/lib/thumb/v7e-m+fp/hard/libc_nano.a(libc_a-nano-vfprintf_i.o)
                0x0800a6a0                        . = ALIGN (0x4)
 *fill*         0x0800a67b        0x1 

.ARM.extab      0x0800a67c        0x0
                0x0800a67c                        . = ALIGN (0x4)
 *(.ARM.extab* .gnu.linkonce.armextab.*)
                0x0800a67c                        . = ALIGN (0x4)

.ARM            0x0800a67c        0x8
                0x0800a67c                        . = ALIGN (0x4)
                0x0800a67c                        __exidx_start = .
 *(.ARM.exidx*)
 .ARM.exidx     0x0800a67c        0x8 /opt/st/stm32cubeide_2.1.1/plugins/com.st.stm32cube.ide.mcu.externaltools.gnu-tools-for-stm32.14.3.rel1.linux64_1.0.100.202602081740/tools/bin/../lib/gcc/arm-none-eabi/14.3.1/../../../../arm-none-eabi/lib/thumb/v7e-m+fp/hard/libc_nano.a(libc_a-strcmp.o)
 .ARM.exidx     0x0800a684        0x0 /opt/st/stm32cubeide_2.1.1/plugins/com.st.stm32cube.ide.mcu.externaltools.gnu-tools-for-stm32.14.3.rel1.linux64_1.0.100.202602081740/tools/bin/../lib/gcc/arm-none-eabi/14.3.1/../../../../arm-none-eabi/lib/thumb/v7e-m+fp/hard/libc_nano.a(libc_a-memchr.o)
                                  0x8 (size before relaxing)
                0x0800a684                        __exidx_end = .
                0x0800a684                        . = ALIGN (0x4)

.preinit_array  0x0800a684        0x0
                0x0800a684                        . = ALIGN (0x4)
                0x0800a684                        PROVIDE (__preinit_array_start = .)
 *(.preinit_array*)
                0x0800a684                        PROVIDE (__preinit_array_end = .)
                0x0800a684                        . = ALIGN (0x4)

.init_array     0x0800a684        0x4
                0x0800a684                        . = ALIGN (0x4)
                0x0800a684                        PROVIDE (__init_array_start = .)
 *(SORT_BY_NAME(.init_array.*))
 *(.init_array*)
 .init_array    0x0800a684        0x4 /opt/st/stm32cubeide_2.1.1/plugins/com.st.stm32cube.ide.mcu.externaltools.gnu-tools-for-stm32.14.3.rel1.linux64_1.0.100.202602081740/tools/bin/../lib/gcc/arm-none-eabi/14.3.1/thumb/v7e-m+fp/hard/crtbegin.o
                0x0800a688                        PROVIDE (__init_array_end = .)
                0x0800a688                        . = ALIGN (0x4)

.fini_array     0x0800a688        0x4
                0x0800a688                        . = ALIGN (0x4)
                [!provide]                        PROVIDE (__fini_array_start = .)
 *(SORT_BY_NAME(.fini_array.*))
 *(.fini_array*)
 .fini_array    0x0800a688        0x4 /opt/st/stm32cubeide_2.1.1/plugins/com.st.stm32cube.ide.mcu.externaltools.gnu-tools-for-stm32.14.3.rel1.linux64_1.0.100.202602081740/tools/bin/../lib/gcc/arm-none-eabi/14.3.1/thumb/v7e-m+fp/hard/crtbegin.o
                [!provide]                        PROVIDE (__fini_array_end = .)
                0x0800a68c                        . = ALIGN (0x4)
                0x0800a68c                        _sidata = LOADADDR (.data)

.rel.dyn        0x0800a68c        0x0
 .rel.iplt      0x0800a68c        0x0 /opt/st/stm32cubeide_2.1.1/plugins/com.st.stm32cube.ide.mcu.externaltools.gnu-tools-for-stm32.14.3.rel1.linux64_1.0.100.202602081740/tools/bin/../lib/gcc/arm-none-eabi/14.3.1/thumb/v7e-m+fp/hard/crtbegin.o

.data           0x20000000       0x60 load address 0x0800a68c
                0x20000000                        . = ALIGN (0x4)
                0x20000000                        _sdata = .
 *(.data)
 *(.data*)
 .data.sc18_last_i2c_status
                0x20000000        0x1 ./Core/Src/sc18is604.o
 .data.sc18_last_i2c_raw_status
                0x20000001        0x1 ./Core/Src/sc18is604.o
 *fill*         0x20000002        0x2 
 .data.SystemCoreClock
                0x20000004        0x4 ./Core/Src/system_stm32f3xx.o
                0x20000004                SystemCoreClock
 .data.uwTickPrio
                0x20000008        0x4 ./Drivers/STM32F3xx_HAL_Driver/Src/stm32f3xx_hal.o
                0x20000008                uwTickPrio
 .data.uwTickFreq
                0x2000000c        0x1 ./Drivers/STM32F3xx_HAL_Driver/Src/stm32f3xx_hal.o
                0x2000000c                uwTickFreq
 *fill*         0x2000000d        0x3 
 .data._impure_ptr
                0x20000010        0x4 /opt/st/stm32cubeide_2.1.1/plugins/com.st.stm32cube.ide.mcu.externaltools.gnu-tools-for-stm32.14.3.rel1.linux64_1.0.100.202602081740/tools/bin/../lib/gcc/arm-none-eabi/14.3.1/../../../../arm-none-eabi/lib/thumb/v7e-m+fp/hard/libc_nano.a(libc_a-impure.o)
                0x20000010                _impure_ptr
 .data._impure_data
                0x20000014       0x4c /opt/st/stm32cubeide_2.1.1/plugins/com.st.stm32cube.ide.mcu.externaltools.gnu-tools-for-stm32.14.3.rel1.linux64_1.0.100.202602081740/tools/bin/../lib/gcc/arm-none-eabi/14.3.1/../../../../arm-none-eabi/lib/thumb/v7e-m+fp/hard/libc_nano.a(libc_a-impure.o)
                0x20000014                _impure_data
 *(.RamFunc)
 *(.RamFunc*)
                0x20000060                        . = ALIGN (0x4)
                0x20000060                        _edata = .
                0x0800a6ec                        _siccmram = LOADADDR (.ccmram)

.igot.plt       0x20000060        0x0 load address 0x0800a6ec
 .igot.plt      0x20000060        0x0 /opt/st/stm32cubeide_2.1.1/plugins/com.st.stm32cube.ide.mcu.externaltools.gnu-tools-for-stm32.14.3.rel1.linux64_1.0.100.202602081740/tools/bin/../lib/gcc/arm-none-eabi/14.3.1/thumb/v7e-m+fp/hard/crtbegin.o

.ccmram         0x10000000        0x0 load address 0x0800a6ec
                0x10000000                        . = ALIGN (0x4)
                0x10000000                        _sccmram = .
 *(.ccmram)
 *(.ccmram*)
                0x10000000                        . = ALIGN (0x4)
                0x10000000                        _eccmram = .
                0x10000000                        . = ALIGN (0x4)

.bss            0x20000060      0xa04
                0x20000060                        _sbss = .
                0x20000060                        __bss_start__ = _sbss
 *(.bss)
 .bss           0x20000060       0x1c /opt/st/stm32cubeide_2.1.1/plugins/com.st.stm32cube.ide.mcu.externaltools.gnu-tools-for-stm32.14.3.rel1.linux64_1.0.100.202602081740/tools/bin/../lib/gcc/arm-none-eabi/14.3.1/thumb/v7e-m+fp/hard/crtbegin.o
 *(.bss*)
 .bss.latest_frame
                0x2000007c       0x1c ./Core/Src/optical_slice_app.o
 .bss.last_reported_frame
                0x20000098       0x1c ./Core/Src/optical_slice_app.o
 .bss.last_report_ms
                0x200000b4        0x4 ./Core/Src/optical_slice_app.o
 .bss.last_health_report_ms
                0x200000b8        0x4 ./Core/Src/optical_slice_app.o
 .bss.last_report_valid
                0x200000bc        0x1 ./Core/Src/optical_slice_app.o
 .bss.sc18_irq_pending
                0x200000bd        0x1 ./Core/Src/optical_slice_app.o
 *fill*         0x200000be        0x2 
 .bss.sensor_table
                0x200000c0       0x50 ./Core/Src/optical_slice_sensors.o
 .bss.bridge_recovery_required
                0x20000110        0x1 ./Core/Src/optical_slice_sensors.o
 *fill*         0x20000111        0x3 
 .bss.last_bridge_probe_ms
                0x20000114        0x4 ./Core/Src/optical_slice_sensors.o
 .bss.last_bh1750_sample_ms
                0x20000118        0x4 ./Core/Src/optical_slice_sensors.o
 .bss.last_bh1750_good_ms
                0x2000011c        0x4 ./Core/Src/optical_slice_sensors.o
 .bss.last_vl53_good_ms
                0x20000120        0x4 ./Core/Src/optical_slice_sensors.o
 .bss.last_wondercam_sample_ms
                0x20000124        0x4 ./Core/Src/optical_slice_sensors.o
 .bss.last_wondercam_good_ms
                0x20000128        0x4 ./Core/Src/optical_slice_sensors.o
 .bss.cached_ambient_lux_x10
                0x2000012c        0x2 ./Core/Src/optical_slice_sensors.o
 .bss.cached_dark_detected
                0x2000012e        0x1 ./Core/Src/optical_slice_sensors.o
 *fill*         0x2000012f        0x1 
 .bss.cached_vl53_distance_mm
                0x20000130        0x2 ./Core/Src/optical_slice_sensors.o
 .bss.cached_vl53_range_status
                0x20000132        0x1 ./Core/Src/optical_slice_sensors.o
 .bss.cached_wondercam_online
                0x20000133        0x1 ./Core/Src/optical_slice_sensors.o
 .bss.cached_wondercam_class_id
                0x20000134        0x1 ./Core/Src/optical_slice_sensors.o
 *fill*         0x20000135        0x1 
 .bss.cached_wondercam_conf_x10000
                0x20000136        0x2 ./Core/Src/optical_slice_sensors.o
 .bss.cached_wondercam_raw_class_id
                0x20000138        0x1 ./Core/Src/optical_slice_sensors.o
 .bss.wondercam_candidate_class_id
                0x20000139        0x1 ./Core/Src/optical_slice_sensors.o
 .bss.wondercam_candidate_conf_x10000
                0x2000013a        0x2 ./Core/Src/optical_slice_sensors.o
 .bss.wondercam_candidate_streak
                0x2000013c        0x1 ./Core/Src/optical_slice_sensors.o
 .bss.cached_presence_detected
                0x2000013d        0x1 ./Core/Src/optical_slice_sensors.o
 .bss.cached_motion_detected
                0x2000013e        0x1 ./Core/Src/optical_slice_sensors.o
 .bss.laser_last_signal_detected
                0x2000013f        0x1 ./Core/Src/optical_slice_sensors.o
 .bss.laser_transition_seen
                0x20000140        0x1 ./Core/Src/optical_slice_sensors.o
 *fill*         0x20000141        0x3 
 .bss.laser_state_since_ms
                0x20000144        0x4 ./Core/Src/optical_slice_sensors.o
 .bss.laser_last_transition_ms
                0x20000148        0x4 ./Core/Src/optical_slice_sensors.o
 .bss.laser_tx_state
                0x2000014c        0x1 ./Core/Src/optical_slice_sensors.o
 .bss.wondercam_diag_code
                0x2000014d        0x1 ./Core/Src/optical_slice_sensors.o
 *fill*         0x2000014e        0x2 
 .bss.runtime_config
                0x20000150        0xa ./Core/Src/optical_slice_sensors.o
 *fill*         0x2000015a        0x2 
 .bss.runtime_diag
                0x2000015c       0x2c ./Core/Src/optical_slice_sensors.o
 .bss.sc18_ready
                0x20000188        0x1 ./Core/Src/sc18is604.o
 *fill*         0x20000189        0x3 
 .bss.hspi1     0x2000018c       0x64 ./Core/Src/spi.o
                0x2000018c                hspi1
 .bss.__sbrk_heap_end
                0x200001f0        0x4 ./Core/Src/sysmem.o
 .bss.master_link_latest_frame
                0x200001f4       0x1c ./Core/Src/usart.o
 .bss.master_link_status_packet
                0x20000210      0x180 ./Core/Src/usart.o
 .bss.master_link_config_packet
                0x20000390      0x140 ./Core/Src/usart.o
 .bss.master_link_diag_packet
                0x200004d0      0x280 ./Core/Src/usart.o
 .bss.master_link_status_length
                0x20000750        0x2 ./Core/Src/usart.o
 .bss.master_link_config_length
                0x20000752        0x2 ./Core/Src/usart.o
 .bss.master_link_diag_length
                0x20000754        0x2 ./Core/Src/usart.o
 .bss.master_link_initialized
                0x20000756        0x1 ./Core/Src/usart.o
 .bss.master_link_rx_enabled
                0x20000757        0x1 ./Core/Src/usart.o
 .bss.master_link_rx_byte
                0x20000758        0x1 ./Core/Src/usart.o
 .bss.master_link_waiting_for_slot_id
                0x20000759        0x1 ./Core/Src/usart.o
 *fill*         0x2000075a        0x2 
 .bss.master_link_last_activity_ms
                0x2000075c        0x4 ./Core/Src/usart.o
 .bss.master_link_tx_count
                0x20000760        0x4 ./Core/Src/usart.o
 .bss.master_link_rx_count
                0x20000764        0x4 ./Core/Src/usart.o
 .bss.master_link_error_count
                0x20000768        0x4 ./Core/Src/usart.o
 .bss.master_link_selected_view
                0x2000076c        0x1 ./Core/Src/usart.o
 *fill*         0x2000076d        0x3 
 .bss.master_link_command
                0x20000770       0x40 ./Core/Src/usart.o
 .bss.master_link_command_length
                0x200007b0        0x1 ./Core/Src/usart.o
 *fill*         0x200007b1        0x3 
 .bss.huart1    0x200007b4       0x88 ./Core/Src/usart.o
                0x200007b4                huart1
 .bss.huart2    0x2000083c       0x88 ./Core/Src/usart.o
                0x2000083c                huart2
 .bss.hdma_usart1_rx
                0x200008c4       0x44 ./Core/Src/usart.o
                0x200008c4                hdma_usart1_rx
 .bss.vl53_info
                0x20000908        0xe ./Core/Src/vl53l1x_bridge.o
 *fill*         0x20000916        0x2 
 .bss.uwTick    0x20000918        0x4 ./Drivers/STM32F3xx_HAL_Driver/Src/stm32f3xx_hal.o
                0x20000918                uwTick
 .bss.__sf      0x2000091c      0x138 /opt/st/stm32cubeide_2.1.1/plugins/com.st.stm32cube.ide.mcu.externaltools.gnu-tools-for-stm32.14.3.rel1.linux64_1.0.100.202602081740/tools/bin/../lib/gcc/arm-none-eabi/14.3.1/../../../../arm-none-eabi/lib/thumb/v7e-m+fp/hard/libc_nano.a(libc_a-findfp.o)
                0x2000091c                __sf
 .bss.errno     0x20000a54        0x4 /opt/st/stm32cubeide_2.1.1/plugins/com.st.stm32cube.ide.mcu.externaltools.gnu-tools-for-stm32.14.3.rel1.linux64_1.0.100.202602081740/tools/bin/../lib/gcc/arm-none-eabi/14.3.1/../../../../arm-none-eabi/lib/thumb/v7e-m+fp/hard/libc_nano.a(libc_a-reent.o)
                0x20000a54                errno
 .bss.__lock___malloc_recursive_mutex
                0x20000a58        0x1 /opt/st/stm32cubeide_2.1.1/plugins/com.st.stm32cube.ide.mcu.externaltools.gnu-tools-for-stm32.14.3.rel1.linux64_1.0.100.202602081740/tools/bin/../lib/gcc/arm-none-eabi/14.3.1/../../../../arm-none-eabi/lib/thumb/v7e-m+fp/hard/libc_nano.a(libc_a-lock.o)
                0x20000a58                __lock___malloc_recursive_mutex
 *fill*         0x20000a59        0x3 
 .bss.__malloc_sbrk_start
                0x20000a5c        0x4 /opt/st/stm32cubeide_2.1.1/plugins/com.st.stm32cube.ide.mcu.externaltools.gnu-tools-for-stm32.14.3.rel1.linux64_1.0.100.202602081740/tools/bin/../lib/gcc/arm-none-eabi/14.3.1/../../../../arm-none-eabi/lib/thumb/v7e-m+fp/hard/libc_nano.a(libc_a-mallocr.o)
                0x20000a5c                __malloc_sbrk_start
 .bss.__malloc_free_list
                0x20000a60        0x4 /opt/st/stm32cubeide_2.1.1/plugins/com.st.stm32cube.ide.mcu.externaltools.gnu-tools-for-stm32.14.3.rel1.linux64_1.0.100.202602081740/tools/bin/../lib/gcc/arm-none-eabi/14.3.1/../../../../arm-none-eabi/lib/thumb/v7e-m+fp/hard/libc_nano.a(libc_a-mallocr.o)
                0x20000a60                __malloc_free_list
 *(COMMON)
                0x20000a64                        . = ALIGN (0x4)
                0x20000a64                        _ebss = .
                0x20000a64                        __bss_end__ = _ebss

._user_heap_stack
                0x20000a64      0x604
                0x20000a68                        . = ALIGN (0x8)
 *fill*         0x20000a64        0x4 
                [!provide]                        PROVIDE (end = .)
                0x20000a68                        PROVIDE (_end = .)
                0x20000c68                        . = (. + _Min_Heap_Size)
 *fill*         0x20000a68      0x200 
                0x20001068                        . = (. + _Min_Stack_Size)
 *fill*         0x20000c68      0x400 
                0x20001068                        . = ALIGN (0x8)

/DISCARD/
 libc.a(*)
 libm.a(*)
 libgcc.a(*)

.ARM.attributes
                0x00000000       0x30
 *(.ARM.attributes)
 .ARM.attributes
                0x00000000       0x22 /opt/st/stm32cubeide_2.1.1/plugins/com.st.stm32cube.ide.mcu.externaltools.gnu-tools-for-stm32.14.3.rel1.linux64_1.0.100.202602081740/tools/bin/../lib/gcc/arm-none-eabi/14.3.1/thumb/v7e-m+fp/hard/crti.o
 .ARM.attributes
                0x00000022       0x34 /opt/st/stm32cubeide_2.1.1/plugins/com.st.stm32cube.ide.mcu.externaltools.gnu-tools-for-stm32.14.3.rel1.linux64_1.0.100.202602081740/tools/bin/../lib/gcc/arm-none-eabi/14.3.1/thumb/v7e-m+fp/hard/crtbegin.o
 .ARM.attributes
                0x00000056       0x34 ./Core/Src/VL53L1X_api.o
 .ARM.attributes
                0x0000008a       0x34 ./Core/Src/dma.o
 .ARM.attributes
                0x000000be       0x34 ./Core/Src/gpio.o
 .ARM.attributes
                0x000000f2       0x34 ./Core/Src/main.o
 .ARM.attributes
                0x00000126       0x34 ./Core/Src/optical_slice_app.o
 .ARM.attributes
                0x0000015a       0x34 ./Core/Src/optical_slice_sensors.o
 .ARM.attributes
                0x0000018e       0x34 ./Core/Src/sc18is604.o
 .ARM.attributes
                0x000001c2       0x34 ./Core/Src/spi.o
 .ARM.attributes
                0x000001f6       0x34 ./Core/Src/stm32f3xx_hal_msp.o
 .ARM.attributes
                0x0000022a       0x34 ./Core/Src/stm32f3xx_it.o
 .ARM.attributes
                0x0000025e       0x34 ./Core/Src/sysmem.o
 .ARM.attributes
                0x00000292       0x34 ./Core/Src/system_stm32f3xx.o
 .ARM.attributes
                0x000002c6       0x34 ./Core/Src/usart.o
 .ARM.attributes
                0x000002fa       0x34 ./Core/Src/vl53l1_platform.o
 .ARM.attributes
                0x0000032e       0x34 ./Core/Src/vl53l1x_bridge.o
 .ARM.attributes
                0x00000362       0x21 ./Core/Startup/startup_stm32f303k8tx.o
 .ARM.attributes
                0x00000383       0x34 ./Drivers/STM32F3xx_HAL_Driver/Src/stm32f3xx_hal.o
 .ARM.attributes
                0x000003b7       0x34 ./Drivers/STM32F3xx_HAL_Driver/Src/stm32f3xx_hal_cortex.o
 .ARM.attributes
                0x000003eb       0x34 ./Drivers/STM32F3xx_HAL_Driver/Src/stm32f3xx_hal_dma.o
 .ARM.attributes
                0x0000041f       0x34 ./Drivers/STM32F3xx_HAL_Driver/Src/stm32f3xx_hal_gpio.o
 .ARM.attributes
                0x00000453       0x34 ./Drivers/STM32F3xx_HAL_Driver/Src/stm32f3xx_hal_rcc.o
 .ARM.attributes
                0x00000487       0x34 ./Drivers/STM32F3xx_HAL_Driver/Src/stm32f3xx_hal_rcc_ex.o
 .ARM.attributes
                0x000004bb       0x34 ./Drivers/STM32F3xx_HAL_Driver/Src/stm32f3xx_hal_spi.o
 .ARM.attributes
                0x000004ef       0x34 ./Drivers/STM32F3xx_HAL_Driver/Src/stm32f3xx_hal_uart.o
 .ARM.attributes
                0x00000523       0x34 ./Drivers/STM32F3xx_HAL_Driver/Src/stm32f3xx_hal_uart_ex.o
 .ARM.attributes
                0x00000557       0x34 /opt/st/stm32cubeide_2.1.1/plugins/com.st.stm32cube.ide.mcu.externaltools.gnu-tools-for-stm32.14.3.rel1.linux64_1.0.100.202602081740/tools/bin/../lib/gcc/arm-none-eabi/14.3.1/../../../../arm-none-eabi/lib/thumb/v7e-m+fp/hard/libc_nano.a(libc_a-findfp.o)
 .ARM.attributes
                0x0000058b       0x34 /opt/st/stm32cubeide_2.1.1/plugins/com.st.stm32cube.ide.mcu.externaltools.gnu-tools-for-stm32.14.3.rel1.linux64_1.0.100.202602081740/tools/bin/../lib/gcc/arm-none-eabi/14.3.1/../../../../arm-none-eabi/lib/thumb/v7e-m+fp/hard/libc_nano.a(libc_a-snprintf.o)
 .ARM.attributes
                0x000005bf       0x34 /opt/st/stm32cubeide_2.1.1/plugins/com.st.stm32cube.ide.mcu.externaltools.gnu-tools-for-stm32.14.3.rel1.linux64_1.0.100.202602081740/tools/bin/../lib/gcc/arm-none-eabi/14.3.1/../../../../arm-none-eabi/lib/thumb/v7e-m+fp/hard/libc_nano.a(libc_a-vsnprintf.o)
 .ARM.attributes
                0x000005f3       0x34 /opt/st/stm32cubeide_2.1.1/plugins/com.st.stm32cube.ide.mcu.externaltools.gnu-tools-for-stm32.14.3.rel1.linux64_1.0.100.202602081740/tools/bin/../lib/gcc/arm-none-eabi/14.3.1/../../../../arm-none-eabi/lib/thumb/v7e-m+fp/hard/libc_nano.a(libc_a-memset.o)
 .ARM.attributes
                0x00000627       0x34 /opt/st/stm32cubeide_2.1.1/plugins/com.st.stm32cube.ide.mcu.externaltools.gnu-tools-for-stm32.14.3.rel1.linux64_1.0.100.202602081740/tools/bin/../lib/gcc/arm-none-eabi/14.3.1/../../../../arm-none-eabi/lib/thumb/v7e-m+fp/hard/libc_nano.a(libc_a-strncpy.o)
 .ARM.attributes
                0x0000065b       0x34 /opt/st/stm32cubeide_2.1.1/plugins/com.st.stm32cube.ide.mcu.externaltools.gnu-tools-for-stm32.14.3.rel1.linux64_1.0.100.202602081740/tools/bin/../lib/gcc/arm-none-eabi/14.3.1/../../../../arm-none-eabi/lib/thumb/v7e-m+fp/hard/libc_nano.a(libc_a-reent.o)
 .ARM.attributes
                0x0000068f       0x34 /opt/st/stm32cubeide_2.1.1/plugins/com.st.stm32cube.ide.mcu.externaltools.gnu-tools-for-stm32.14.3.rel1.linux64_1.0.100.202602081740/tools/bin/../lib/gcc/arm-none-eabi/14.3.1/../../../../arm-none-eabi/lib/thumb/v7e-m+fp/hard/libc_nano.a(libc_a-impure.o)
 .ARM.attributes
                0x000006c3       0x34 /opt/st/stm32cubeide_2.1.1/plugins/com.st.stm32cube.ide.mcu.externaltools.gnu-tools-for-stm32.14.3.rel1.linux64_1.0.100.202602081740/tools/bin/../lib/gcc/arm-none-eabi/14.3.1/../../../../arm-none-eabi/lib/thumb/v7e-m+fp/hard/libc_nano.a(libc_a-errno.o)
 .ARM.attributes
                0x000006f7       0x34 /opt/st/stm32cubeide_2.1.1/plugins/com.st.stm32cube.ide.mcu.externaltools.gnu-tools-for-stm32.14.3.rel1.linux64_1.0.100.202602081740/tools/bin/../lib/gcc/arm-none-eabi/14.3.1/../../../../arm-none-eabi/lib/thumb/v7e-m+fp/hard/libc_nano.a(libc_a-init.o)
 .ARM.attributes
                0x0000072b       0x34 /opt/st/stm32cubeide_2.1.1/plugins/com.st.stm32cube.ide.mcu.externaltools.gnu-tools-for-stm32.14.3.rel1.linux64_1.0.100.202602081740/tools/bin/../lib/gcc/arm-none-eabi/14.3.1/../../../../arm-none-eabi/lib/thumb/v7e-m+fp/hard/libc_nano.a(libc_a-lock.o)
 .ARM.attributes
                0x0000075f       0x20 /opt/st/stm32cubeide_2.1.1/plugins/com.st.stm32cube.ide.mcu.externaltools.gnu-tools-for-stm32.14.3.rel1.linux64_1.0.100.202602081740/tools/bin/../lib/gcc/arm-none-eabi/14.3.1/../../../../arm-none-eabi/lib/thumb/v7e-m+fp/hard/libc_nano.a(libc_a-strcmp.o)
 .ARM.attributes
                0x0000077f       0x34 /opt/st/stm32cubeide_2.1.1/plugins/com.st.stm32cube.ide.mcu.externaltools.gnu-tools-for-stm32.14.3.rel1.linux64_1.0.100.202602081740/tools/bin/../lib/gcc/arm-none-eabi/14.3.1/../../../../arm-none-eabi/lib/thumb/v7e-m+fp/hard/libc_nano.a(libc_a-memcpy-stub.o)
 .ARM.attributes
                0x000007b3       0x34 /opt/st/stm32cubeide_2.1.1/plugins/com.st.stm32cube.ide.mcu.externaltools.gnu-tools-for-stm32.14.3.rel1.linux64_1.0.100.202602081740/tools/bin/../lib/gcc/arm-none-eabi/14.3.1/../../../../arm-none-eabi/lib/thumb/v7e-m+fp/hard/libc_nano.a(libc_a-freer.o)
 .ARM.attributes
                0x000007e7       0x34 /opt/st/stm32cubeide_2.1.1/plugins/com.st.stm32cube.ide.mcu.externaltools.gnu-tools-for-stm32.14.3.rel1.linux64_1.0.100.202602081740/tools/bin/../lib/gcc/arm-none-eabi/14.3.1/../../../../arm-none-eabi/lib/thumb/v7e-m+fp/hard/libc_nano.a(libc_a-mallocr.o)
 .ARM.attributes
                0x0000081b       0x34 /opt/st/stm32cubeide_2.1.1/plugins/com.st.stm32cube.ide.mcu.externaltools.gnu-tools-for-stm32.14.3.rel1.linux64_1.0.100.202602081740/tools/bin/../lib/gcc/arm-none-eabi/14.3.1/../../../../arm-none-eabi/lib/thumb/v7e-m+fp/hard/libc_nano.a(libc_a-mlock.o)
 .ARM.attributes
                0x0000084f       0x34 /opt/st/stm32cubeide_2.1.1/plugins/com.st.stm32cube.ide.mcu.externaltools.gnu-tools-for-stm32.14.3.rel1.linux64_1.0.100.202602081740/tools/bin/../lib/gcc/arm-none-eabi/14.3.1/../../../../arm-none-eabi/lib/thumb/v7e-m+fp/hard/libc_nano.a(libc_a-nano-svfprintf.o)
 .ARM.attributes
                0x00000883       0x34 /opt/st/stm32cubeide_2.1.1/plugins/com.st.stm32cube.ide.mcu.externaltools.gnu-tools-for-stm32.14.3.rel1.linux64_1.0.100.202602081740/tools/bin/../lib/gcc/arm-none-eabi/14.3.1/../../../../arm-none-eabi/lib/thumb/v7e-m+fp/hard/libc_nano.a(libc_a-nano-vfprintf_i.o)
 .ARM.attributes
                0x000008b7       0x34 /opt/st/stm32cubeide_2.1.1/plugins/com.st.stm32cube.ide.mcu.externaltools.gnu-tools-for-stm32.14.3.rel1.linux64_1.0.100.202602081740/tools/bin/../lib/gcc/arm-none-eabi/14.3.1/../../../../arm-none-eabi/lib/thumb/v7e-m+fp/hard/libc_nano.a(libc_a-memmove.o)
 .ARM.attributes
                0x000008eb       0x34 /opt/st/stm32cubeide_2.1.1/plugins/com.st.stm32cube.ide.mcu.externaltools.gnu-tools-for-stm32.14.3.rel1.linux64_1.0.100.202602081740/tools/bin/../lib/gcc/arm-none-eabi/14.3.1/../../../../arm-none-eabi/lib/thumb/v7e-m+fp/hard/libc_nano.a(libc_a-sbrkr.o)
 .ARM.attributes
                0x0000091f       0x1c /opt/st/stm32cubeide_2.1.1/plugins/com.st.stm32cube.ide.mcu.externaltools.gnu-tools-for-stm32.14.3.rel1.linux64_1.0.100.202602081740/tools/bin/../lib/gcc/arm-none-eabi/14.3.1/../../../../arm-none-eabi/lib/thumb/v7e-m+fp/hard/libc_nano.a(libc_a-memchr.o)
 .ARM.attributes
                0x0000093b       0x34 /opt/st/stm32cubeide_2.1.1/plugins/com.st.stm32cube.ide.mcu.externaltools.gnu-tools-for-stm32.14.3.rel1.linux64_1.0.100.202602081740/tools/bin/../lib/gcc/arm-none-eabi/14.3.1/../../../../arm-none-eabi/lib/thumb/v7e-m+fp/hard/libc_nano.a(libc_a-reallocr.o)
 .ARM.attributes
                0x0000096f       0x34 /opt/st/stm32cubeide_2.1.1/plugins/com.st.stm32cube.ide.mcu.externaltools.gnu-tools-for-stm32.14.3.rel1.linux64_1.0.100.202602081740/tools/bin/../lib/gcc/arm-none-eabi/14.3.1/../../../../arm-none-eabi/lib/thumb/v7e-m+fp/hard/libc_nano.a(libc_a-msizer.o)
 .ARM.attributes
                0x000009a3       0x22 /opt/st/stm32cubeide_2.1.1/plugins/com.st.stm32cube.ide.mcu.externaltools.gnu-tools-for-stm32.14.3.rel1.linux64_1.0.100.202602081740/tools/bin/../lib/gcc/arm-none-eabi/14.3.1/thumb/v7e-m+fp/hard/libgcc.a(_arm_addsubdf3.o)
 .ARM.attributes
                0x000009c5       0x22 /opt/st/stm32cubeide_2.1.1/plugins/com.st.stm32cube.ide.mcu.externaltools.gnu-tools-for-stm32.14.3.rel1.linux64_1.0.100.202602081740/tools/bin/../lib/gcc/arm-none-eabi/14.3.1/thumb/v7e-m+fp/hard/libgcc.a(_arm_muldivdf3.o)
 .ARM.attributes
                0x000009e7       0x22 /opt/st/stm32cubeide_2.1.1/plugins/com.st.stm32cube.ide.mcu.externaltools.gnu-tools-for-stm32.14.3.rel1.linux64_1.0.100.202602081740/tools/bin/../lib/gcc/arm-none-eabi/14.3.1/thumb/v7e-m+fp/hard/libgcc.a(_arm_fixunsdfsi.o)
 .ARM.attributes
                0x00000a09       0x22 /opt/st/stm32cubeide_2.1.1/plugins/com.st.stm32cube.ide.mcu.externaltools.gnu-tools-for-stm32.14.3.rel1.linux64_1.0.100.202602081740/tools/bin/../lib/gcc/arm-none-eabi/14.3.1/thumb/v7e-m+fp/hard/crtn.o
OUTPUT(Optical Slice.elf elf32-littlearm)
LOAD linker stubs
LOAD /opt/st/stm32cubeide_2.1.1/plugins/com.st.stm32cube.ide.mcu.externaltools.gnu-tools-for-stm32.14.3.rel1.linux64_1.0.100.202602081740/tools/bin/../lib/gcc/arm-none-eabi/14.3.1/../../../../arm-none-eabi/lib/thumb/v7e-m+fp/hard/libc.a
LOAD /opt/st/stm32cubeide_2.1.1/plugins/com.st.stm32cube.ide.mcu.externaltools.gnu-tools-for-stm32.14.3.rel1.linux64_1.0.100.202602081740/tools/bin/../lib/gcc/arm-none-eabi/14.3.1/../../../../arm-none-eabi/lib/thumb/v7e-m+fp/hard/libm.a
LOAD /opt/st/stm32cubeide_2.1.1/plugins/com.st.stm32cube.ide.mcu.externaltools.gnu-tools-for-stm32.14.3.rel1.linux64_1.0.100.202602081740/tools/bin/../lib/gcc/arm-none-eabi/14.3.1/thumb/v7e-m+fp/hard/libgcc.a

.debug_info     0x00000000    0x11c36
 .debug_info    0x00000000     0x1105 ./Core/Src/VL53L1X_api.o
 .debug_info    0x00001105      0x2f3 ./Core/Src/dma.o
 .debug_info    0x000013f8      0x321 ./Core/Src/gpio.o
 .debug_info    0x00001719      0x357 ./Core/Src/main.o
 .debug_info    0x00001a70     0x1251 ./Core/Src/optical_slice_app.o
 .debug_info    0x00002cc1     0x181a ./Core/Src/optical_slice_sensors.o
 .debug_info    0x000044db      0xeb6 ./Core/Src/sc18is604.o
 .debug_info    0x00005391      0x839 ./Core/Src/spi.o
 .debug_info    0x00005bca      0x18d ./Core/Src/stm32f3xx_hal_msp.o
 .debug_info    0x00005d57      0x719 ./Core/Src/stm32f3xx_it.o
 .debug_info    0x00006470      0x168 ./Core/Src/sysmem.o
 .debug_info    0x000065d8      0x407 ./Core/Src/system_stm32f3xx.o
 .debug_info    0x000069df     0x13d9 ./Core/Src/usart.o
 .debug_info    0x00007db8      0x4e4 ./Core/Src/vl53l1_platform.o
 .debug_info    0x0000829c      0x40c ./Core/Src/vl53l1x_bridge.o
 .debug_info    0x000086a8       0x30 ./Core/Startup/startup_stm32f303k8tx.o
 .debug_info    0x000086d8      0x74a ./Drivers/STM32F3xx_HAL_Driver/Src/stm32f3xx_hal.o
 .debug_info    0x00008e22      0xa87 ./Drivers/STM32F3xx_HAL_Driver/Src/stm32f3xx_hal_cortex.o
 .debug_info    0x000098a9      0x6e1 ./Drivers/STM32F3xx_HAL_Driver/Src/stm32f3xx_hal_dma.o
 .debug_info    0x00009f8a      0x6a6 ./Drivers/STM32F3xx_HAL_Driver/Src/stm32f3xx_hal_gpio.o
 .debug_info    0x0000a630     0x148a ./Drivers/STM32F3xx_HAL_Driver/Src/stm32f3xx_hal_rcc.o
 .debug_info    0x0000baba      0x52e ./Drivers/STM32F3xx_HAL_Driver/Src/stm32f3xx_hal_rcc_ex.o
 .debug_info    0x0000bfe8     0x160a ./Drivers/STM32F3xx_HAL_Driver/Src/stm32f3xx_hal_spi.o
 .debug_info    0x0000d5f2     0x39a8 ./Drivers/STM32F3xx_HAL_Driver/Src/stm32f3xx_hal_uart.o
 .debug_info    0x00010f9a      0xc9c ./Drivers/STM32F3xx_HAL_Driver/Src/stm32f3xx_hal_uart_ex.o

.debug_abbrev   0x00000000     0x318e
 .debug_abbrev  0x00000000      0x19d ./Core/Src/VL53L1X_api.o
 .debug_abbrev  0x0000019d       0xfc ./Core/Src/dma.o
 .debug_abbrev  0x00000299      0x151 ./Core/Src/gpio.o
 .debug_abbrev  0x000003ea      0x192 ./Core/Src/main.o
 .debug_abbrev  0x0000057c      0x343 ./Core/Src/optical_slice_app.o
 .debug_abbrev  0x000008bf      0x3fd ./Core/Src/optical_slice_sensors.o
 .debug_abbrev  0x00000cbc      0x2b9 ./Core/Src/sc18is604.o
 .debug_abbrev  0x00000f75      0x1f1 ./Core/Src/spi.o
 .debug_abbrev  0x00001166       0xc6 ./Core/Src/stm32f3xx_hal_msp.o
 .debug_abbrev  0x0000122c      0x175 ./Core/Src/stm32f3xx_it.o
 .debug_abbrev  0x000013a1       0xbc ./Core/Src/sysmem.o
 .debug_abbrev  0x0000145d      0x11a ./Core/Src/system_stm32f3xx.o
 .debug_abbrev  0x00001577      0x376 ./Core/Src/usart.o
 .debug_abbrev  0x000018ed      0x130 ./Core/Src/vl53l1_platform.o
 .debug_abbrev  0x00001a1d      0x14f ./Core/Src/vl53l1x_bridge.o
 .debug_abbrev  0x00001b6c       0x24 ./Core/Startup/startup_stm32f303k8tx.o
 .debug_abbrev  0x00001b90      0x215 ./Drivers/STM32F3xx_HAL_Driver/Src/stm32f3xx_hal.o
 .debug_abbrev  0x00001da5      0x2f8 ./Drivers/STM32F3xx_HAL_Driver/Src/stm32f3xx_hal_cortex.o
 .debug_abbrev  0x0000209d      0x20d ./Drivers/STM32F3xx_HAL_Driver/Src/stm32f3xx_hal_dma.o
 .debug_abbrev  0x000022aa      0x1ca ./Drivers/STM32F3xx_HAL_Driver/Src/stm32f3xx_hal_gpio.o
 .debug_abbrev  0x00002474      0x300 ./Drivers/STM32F3xx_HAL_Driver/Src/stm32f3xx_hal_rcc.o
 .debug_abbrev  0x00002774      0x221 ./Drivers/STM32F3xx_HAL_Driver/Src/stm32f3xx_hal_rcc_ex.o
 .debug_abbrev  0x00002995      0x269 ./Drivers/STM32F3xx_HAL_Driver/Src/stm32f3xx_hal_spi.o
 .debug_abbrev  0x00002bfe      0x2d1 ./Drivers/STM32F3xx_HAL_Driver/Src/stm32f3xx_hal_uart.o
 .debug_abbrev  0x00002ecf      0x2bf ./Drivers/STM32F3xx_HAL_Driver/Src/stm32f3xx_hal_uart_ex.o

.debug_aranges  0x00000000      0xee0
 .debug_aranges
                0x00000000      0x168 ./Core/Src/VL53L1X_api.o
 .debug_aranges
                0x00000168       0x20 ./Core/Src/dma.o
 .debug_aranges
                0x00000188       0x20 ./Core/Src/gpio.o
 .debug_aranges
                0x000001a8       0x30 ./Core/Src/main.o
 .debug_aranges
                0x000001d8       0xc0 ./Core/Src/optical_slice_app.o
 .debug_aranges
                0x00000298      0x138 ./Core/Src/optical_slice_sensors.o
 .debug_aranges
                0x000003d0       0xb0 ./Core/Src/sc18is604.o
 .debug_aranges
                0x00000480       0x30 ./Core/Src/spi.o
 .debug_aranges
                0x000004b0       0x20 ./Core/Src/stm32f3xx_hal_msp.o
 .debug_aranges
                0x000004d0       0x70 ./Core/Src/stm32f3xx_it.o
 .debug_aranges
                0x00000540       0x20 ./Core/Src/sysmem.o
 .debug_aranges
                0x00000560       0x28 ./Core/Src/system_stm32f3xx.o
 .debug_aranges
                0x00000588       0xa8 ./Core/Src/usart.o
 .debug_aranges
                0x00000630       0x68 ./Core/Src/vl53l1_platform.o
 .debug_aranges
                0x00000698       0x30 ./Core/Src/vl53l1x_bridge.o
 .debug_aranges
                0x000006c8       0x28 ./Core/Startup/startup_stm32f303k8tx.o
 .debug_aranges
                0x000006f0       0xe0 ./Drivers/STM32F3xx_HAL_Driver/Src/stm32f3xx_hal.o
 .debug_aranges
                0x000007d0      0x100 ./Drivers/STM32F3xx_HAL_Driver/Src/stm32f3xx_hal_cortex.o
 .debug_aranges
                0x000008d0       0x88 ./Drivers/STM32F3xx_HAL_Driver/Src/stm32f3xx_hal_dma.o
 .debug_aranges
                0x00000958       0x58 ./Drivers/STM32F3xx_HAL_Driver/Src/stm32f3xx_hal_gpio.o
 .debug_aranges
                0x000009b0       0x88 ./Drivers/STM32F3xx_HAL_Driver/Src/stm32f3xx_hal_rcc.o
 .debug_aranges
                0x00000a38       0x38 ./Drivers/STM32F3xx_HAL_Driver/Src/stm32f3xx_hal_rcc_ex.o
 .debug_aranges
                0x00000a70      0x1d8 ./Drivers/STM32F3xx_HAL_Driver/Src/stm32f3xx_hal_spi.o
 .debug_aranges
                0x00000c48      0x228 ./Drivers/STM32F3xx_HAL_Driver/Src/stm32f3xx_hal_uart.o
 .debug_aranges
                0x00000e70       0x70 ./Drivers/STM32F3xx_HAL_Driver/Src/stm32f3xx_hal_uart_ex.o

.debug_rnglists
                0x00000000      0xb53
 .debug_rnglists
                0x00000000      0x116 ./Core/Src/VL53L1X_api.o
 .debug_rnglists
                0x00000116       0x13 ./Core/Src/dma.o
 .debug_rnglists
                0x00000129       0x14 ./Core/Src/gpio.o
 .debug_rnglists
                0x0000013d       0x20 ./Core/Src/main.o
 .debug_rnglists
                0x0000015d       0x95 ./Core/Src/optical_slice_app.o
 .debug_rnglists
                0x000001f2       0xef ./Core/Src/optical_slice_sensors.o
 .debug_rnglists
                0x000002e1       0x85 ./Core/Src/sc18is604.o
 .debug_rnglists
                0x00000366       0x20 ./Core/Src/spi.o
 .debug_rnglists
                0x00000386       0x13 ./Core/Src/stm32f3xx_hal_msp.o
 .debug_rnglists
                0x00000399       0x4f ./Core/Src/stm32f3xx_it.o
 .debug_rnglists
                0x000003e8       0x13 ./Core/Src/sysmem.o
 .debug_rnglists
                0x000003fb       0x1a ./Core/Src/system_stm32f3xx.o
 .debug_rnglists
                0x00000415       0x80 ./Core/Src/usart.o
 .debug_rnglists
                0x00000495       0x4b ./Core/Src/vl53l1_platform.o
 .debug_rnglists
                0x000004e0       0x21 ./Core/Src/vl53l1x_bridge.o
 .debug_rnglists
                0x00000501       0x19 ./Core/Startup/startup_stm32f303k8tx.o
 .debug_rnglists
                0x0000051a       0xa3 ./Drivers/STM32F3xx_HAL_Driver/Src/stm32f3xx_hal.o
 .debug_rnglists
                0x000005bd       0xbb ./Drivers/STM32F3xx_HAL_Driver/Src/stm32f3xx_hal_cortex.o
 .debug_rnglists
                0x00000678       0x69 ./Drivers/STM32F3xx_HAL_Driver/Src/stm32f3xx_hal_dma.o
 .debug_rnglists
                0x000006e1       0x3f ./Drivers/STM32F3xx_HAL_Driver/Src/stm32f3xx_hal_gpio.o
 .debug_rnglists
                0x00000720       0x66 ./Drivers/STM32F3xx_HAL_Driver/Src/stm32f3xx_hal_rcc.o
 .debug_rnglists
                0x00000786       0x27 ./Drivers/STM32F3xx_HAL_Driver/Src/stm32f3xx_hal_rcc_ex.o
 .debug_rnglists
                0x000007ad      0x178 ./Drivers/STM32F3xx_HAL_Driver/Src/stm32f3xx_hal_spi.o
 .debug_rnglists
                0x00000925      0x1da ./Drivers/STM32F3xx_HAL_Driver/Src/stm32f3xx_hal_uart.o
 .debug_rnglists
                0x00000aff       0x54 ./Drivers/STM32F3xx_HAL_Driver/Src/stm32f3xx_hal_uart_ex.o

.debug_macro    0x00000000    0x1cfb7
 .debug_macro   0x00000000      0x1d3 ./Core/Src/VL53L1X_api.o
 .debug_macro   0x000001d3      0xad8 ./Core/Src/VL53L1X_api.o
 .debug_macro   0x00000cab       0x22 ./Core/Src/VL53L1X_api.o
 .debug_macro   0x00000ccd       0x8e ./Core/Src/VL53L1X_api.o
 .debug_macro   0x00000d5b       0x51 ./Core/Src/VL53L1X_api.o
 .debug_macro   0x00000dac      0x103 ./Core/Src/VL53L1X_api.o
 .debug_macro   0x00000eaf       0x6a ./Core/Src/VL53L1X_api.o
 .debug_macro   0x00000f19      0x1df ./Core/Src/VL53L1X_api.o
 .debug_macro   0x000010f8      0x190 ./Core/Src/VL53L1X_api.o
 .debug_macro   0x00001288       0x61 ./Core/Src/VL53L1X_api.o
 .debug_macro   0x000012e9       0x2a ./Core/Src/VL53L1X_api.o
 .debug_macro   0x00001313       0x43 ./Core/Src/VL53L1X_api.o
 .debug_macro   0x00001356       0x34 ./Core/Src/VL53L1X_api.o
 .debug_macro   0x0000138a      0x364 ./Core/Src/VL53L1X_api.o
 .debug_macro   0x000016ee       0x16 ./Core/Src/VL53L1X_api.o
 .debug_macro   0x00001704       0x4a ./Core/Src/VL53L1X_api.o
 .debug_macro   0x0000174e       0x34 ./Core/Src/VL53L1X_api.o
 .debug_macro   0x00001782       0x10 ./Core/Src/VL53L1X_api.o
 .debug_macro   0x00001792       0x58 ./Core/Src/VL53L1X_api.o
 .debug_macro   0x000017ea       0x8e ./Core/Src/VL53L1X_api.o
 .debug_macro   0x00001878       0x1c ./Core/Src/VL53L1X_api.o
 .debug_macro   0x00001894      0x17e ./Core/Src/VL53L1X_api.o
 .debug_macro   0x00001a12       0x10 ./Core/Src/VL53L1X_api.o
 .debug_macro   0x00001a22       0x3c ./Core/Src/VL53L1X_api.o
 .debug_macro   0x00001a5e       0x20 ./Core/Src/VL53L1X_api.o
 .debug_macro   0x00001a7e       0x1c ./Core/Src/VL53L1X_api.o
 .debug_macro   0x00001a9a       0x10 ./Core/Src/VL53L1X_api.o
 .debug_macro   0x00001aaa       0x1c ./Core/Src/VL53L1X_api.o
 .debug_macro   0x00001ac6       0x16 ./Core/Src/VL53L1X_api.o
 .debug_macro   0x00001adc      0x146 ./Core/Src/VL53L1X_api.o
 .debug_macro   0x00001c22       0x16 ./Core/Src/VL53L1X_api.o
 .debug_macro   0x00001c38       0x16 ./Core/Src/VL53L1X_api.o
 .debug_macro   0x00001c4e       0x29 ./Core/Src/VL53L1X_api.o
 .debug_macro   0x00001c77      0x12a ./Core/Src/VL53L1X_api.o
 .debug_macro   0x00001da1      0x1df ./Core/Src/dma.o
 .debug_macro   0x00001f80      0x15e ./Core/Src/dma.o
 .debug_macro   0x000020de       0x2e ./Core/Src/dma.o
 .debug_macro   0x0000210c       0x28 ./Core/Src/dma.o
 .debug_macro   0x00002134       0x1c ./Core/Src/dma.o
 .debug_macro   0x00002150       0x22 ./Core/Src/dma.o
 .debug_macro   0x00002172       0xd9 ./Core/Src/dma.o
 .debug_macro   0x0000224b      0xf07 ./Core/Src/dma.o
 .debug_macro   0x00003152    0x10be0 ./Core/Src/dma.o
 .debug_macro   0x00013d32       0x6d ./Core/Src/dma.o
 .debug_macro   0x00013d9f     0x3574 ./Core/Src/dma.o
 .debug_macro   0x00017313       0x55 ./Core/Src/dma.o
 .debug_macro   0x00017368      0x8f8 ./Core/Src/dma.o
 .debug_macro   0x00017c60      0x304 ./Core/Src/dma.o
 .debug_macro   0x00017f64      0x1b5 ./Core/Src/dma.o
 .debug_macro   0x00018119      0x11b ./Core/Src/dma.o
 .debug_macro   0x00018234      0x1d5 ./Core/Src/dma.o
 .debug_macro   0x00018409      0x1bc ./Core/Src/dma.o
 .debug_macro   0x000185c5       0x34 ./Core/Src/dma.o
 .debug_macro   0x000185f9       0x3c ./Core/Src/dma.o
 .debug_macro   0x00018635       0x57 ./Core/Src/dma.o
 .debug_macro   0x0001868c       0xc5 ./Core/Src/dma.o
 .debug_macro   0x00018751      0x19f ./Core/Src/dma.o
 .debug_macro   0x000188f0      0x22c ./Core/Src/dma.o
 .debug_macro   0x00018b1c       0x5b ./Core/Src/dma.o
 .debug_macro   0x00018b77       0xa5 ./Core/Src/dma.o
 .debug_macro   0x00018c1c       0x81 ./Core/Src/dma.o
 .debug_macro   0x00018c9d       0xd3 ./Core/Src/dma.o
 .debug_macro   0x00018d70      0x2fe ./Core/Src/dma.o
 .debug_macro   0x0001906e      0x5ba ./Core/Src/dma.o
 .debug_macro   0x00019628       0x44 ./Core/Src/dma.o
 .debug_macro   0x0001966c      0x285 ./Core/Src/dma.o
 .debug_macro   0x000198f1       0x7c ./Core/Src/dma.o
 .debug_macro   0x0001996d      0x1df ./Core/Src/gpio.o
 .debug_macro   0x00019b4c      0x214 ./Core/Src/main.o
 .debug_macro   0x00019d60       0x10 ./Core/Src/main.o
 .debug_macro   0x00019d70      0x32a ./Core/Src/optical_slice_app.o
 .debug_macro   0x0001a09a       0x58 ./Core/Src/optical_slice_app.o
 .debug_macro   0x0001a0f2       0x16 ./Core/Src/optical_slice_app.o
 .debug_macro   0x0001a108       0x9e ./Core/Src/optical_slice_app.o
 .debug_macro   0x0001a1a6      0x112 ./Core/Src/optical_slice_app.o
 .debug_macro   0x0001a2b8       0x16 ./Core/Src/optical_slice_app.o
 .debug_macro   0x0001a2ce       0x16 ./Core/Src/optical_slice_app.o
 .debug_macro   0x0001a2e4      0x124 ./Core/Src/optical_slice_app.o
 .debug_macro   0x0001a408       0x4f ./Core/Src/optical_slice_app.o
 .debug_macro   0x0001a457      0x349 ./Core/Src/optical_slice_sensors.o
 .debug_macro   0x0001a7a0      0x32c ./Core/Src/sc18is604.o
 .debug_macro   0x0001aacc      0x1df ./Core/Src/spi.o
 .debug_macro   0x0001acab      0x1d5 ./Core/Src/stm32f3xx_hal_msp.o
 .debug_macro   0x0001ae80      0x1df ./Core/Src/stm32f3xx_it.o
 .debug_macro   0x0001b05f      0x112 ./Core/Src/sysmem.o
 .debug_macro   0x0001b171      0x23c ./Core/Src/sysmem.o
 .debug_macro   0x0001b3ad      0x1c6 ./Core/Src/system_stm32f3xx.o
 .debug_macro   0x0001b573      0x31b ./Core/Src/usart.o
 .debug_macro   0x0001b88e      0x33b ./Core/Src/vl53l1_platform.o
 .debug_macro   0x0001bbc9      0x384 ./Core/Src/vl53l1x_bridge.o
 .debug_macro   0x0001bf4d      0x1ea ./Drivers/STM32F3xx_HAL_Driver/Src/stm32f3xx_hal.o
 .debug_macro   0x0001c137      0x1c6 ./Drivers/STM32F3xx_HAL_Driver/Src/stm32f3xx_hal_cortex.o
 .debug_macro   0x0001c2fd      0x1c6 ./Drivers/STM32F3xx_HAL_Driver/Src/stm32f3xx_hal_dma.o
 .debug_macro   0x0001c4c3      0x1cd ./Drivers/STM32F3xx_HAL_Driver/Src/stm32f3xx_hal_gpio.o
 .debug_macro   0x0001c690      0x1ea ./Drivers/STM32F3xx_HAL_Driver/Src/stm32f3xx_hal_rcc.o
 .debug_macro   0x0001c87a      0x1c6 ./Drivers/STM32F3xx_HAL_Driver/Src/stm32f3xx_hal_rcc_ex.o
 .debug_macro   0x0001ca40      0x1ce ./Drivers/STM32F3xx_HAL_Driver/Src/stm32f3xx_hal_spi.o
 .debug_macro   0x0001cc0e      0x1e3 ./Drivers/STM32F3xx_HAL_Driver/Src/stm32f3xx_hal_uart.o
 .debug_macro   0x0001cdf1      0x1c6 ./Drivers/STM32F3xx_HAL_Driver/Src/stm32f3xx_hal_uart_ex.o

.debug_line     0x00000000    0x13d60
 .debug_line    0x00000000     0x1032 ./Core/Src/VL53L1X_api.o
 .debug_line    0x00001032      0x6a7 ./Core/Src/dma.o
 .debug_line    0x000016d9      0x6e9 ./Core/Src/gpio.o
 .debug_line    0x00001dc2      0x787 ./Core/Src/main.o
 .debug_line    0x00002549     0x1084 ./Core/Src/optical_slice_app.o
 .debug_line    0x000035cd     0x1536 ./Core/Src/optical_slice_sensors.o
 .debug_line    0x00004b03      0xc5f ./Core/Src/sc18is604.o
 .debug_line    0x00005762      0x728 ./Core/Src/spi.o
 .debug_line    0x00005e8a      0x6ab ./Core/Src/stm32f3xx_hal_msp.o
 .debug_line    0x00006535      0x78a ./Core/Src/stm32f3xx_it.o
 .debug_line    0x00006cbf      0x4c2 ./Core/Src/sysmem.o
 .debug_line    0x00007181      0x725 ./Core/Src/system_stm32f3xx.o
 .debug_line    0x000078a6      0xecb ./Core/Src/usart.o