Archive member included to satisfy reference by file (symbol)

C:/ST/STM32CubeIDE_2.0.0/STM32CubeIDE/plugins/com.st.stm32cube.ide.mcu.externaltools.gnu-tools-for-stm32.13.3.rel1.win32_1.0.100.202509120712/tools/bin/../lib/gcc/arm-none-eabi/13.3.1/../../../../arm-none-eabi/lib/thumb/v7e-m+fp/hard\libc_nano.a(libc_a-exit.o)
                              C:/ST/STM32CubeIDE_2.0.0/STM32CubeIDE/plugins/com.st.stm32cube.ide.mcu.externaltools.gnu-tools-for-stm32.13.3.rel1.win32_1.0.100.202509120712/tools/bin/../lib/gcc/arm-none-eabi/13.3.1/../../../../arm-none-eabi/lib/thumb/v7e-m+fp/hard/crt0.o (exit)
C:/ST/STM32CubeIDE_2.0.0/STM32CubeIDE/plugins/com.st.stm32cube.ide.mcu.externaltools.gnu-tools-for-stm32.13.3.rel1.win32_1.0.100.202509120712/tools/bin/../lib/gcc/arm-none-eabi/13.3.1/../../../../arm-none-eabi/lib/thumb/v7e-m+fp/hard\libc_nano.a(libc_a-findfp.o)
                              C:/ST/STM32CubeIDE_2.0.0/STM32CubeIDE/plugins/com.st.stm32cube.ide.mcu.externaltools.gnu-tools-for-stm32.13.3.rel1.win32_1.0.100.202509120712/tools/bin/../lib/gcc/arm-none-eabi/13.3.1/../../../../arm-none-eabi/lib/thumb/v7e-m+fp/hard\libc_nano.a(libc_a-exit.o) (__stdio_exit_handler)
C:/ST/STM32CubeIDE_2.0.0/STM32CubeIDE/plugins/com.st.stm32cube.ide.mcu.externaltools.gnu-tools-for-stm32.13.3.rel1.win32_1.0.100.202509120712/tools/bin/../lib/gcc/arm-none-eabi/13.3.1/../../../../arm-none-eabi/lib/thumb/v7e-m+fp/hard\libc_nano.a(libc_a-fwalk.o)
                              C:/ST/STM32CubeIDE_2.0.0/STM32CubeIDE/plugins/com.st.stm32cube.ide.mcu.externaltools.gnu-tools-for-stm32.13.3.rel1.win32_1.0.100.202509120712/tools/bin/../lib/gcc/arm-none-eabi/13.3.1/../../../../arm-none-eabi/lib/thumb/v7e-m+fp/hard\libc_nano.a(libc_a-findfp.o) (_fwalk_sglue)
C:/ST/STM32CubeIDE_2.0.0/STM32CubeIDE/plugins/com.st.stm32cube.ide.mcu.externaltools.gnu-tools-for-stm32.13.3.rel1.win32_1.0.100.202509120712/tools/bin/../lib/gcc/arm-none-eabi/13.3.1/../../../../arm-none-eabi/lib/thumb/v7e-m+fp/hard\libc_nano.a(libc_a-snprintf.o)
                              ./Core/Src/optical_slice_app.o (snprintf)
C:/ST/STM32CubeIDE_2.0.0/STM32CubeIDE/plugins/com.st.stm32cube.ide.mcu.externaltools.gnu-tools-for-stm32.13.3.rel1.win32_1.0.100.202509120712/tools/bin/../lib/gcc/arm-none-eabi/13.3.1/../../../../arm-none-eabi/lib/thumb/v7e-m+fp/hard\libc_nano.a(libc_a-stdio.o)
                              C:/ST/STM32CubeIDE_2.0.0/STM32CubeIDE/plugins/com.st.stm32cube.ide.mcu.externaltools.gnu-tools-for-stm32.13.3.rel1.win32_1.0.100.202509120712/tools/bin/../lib/gcc/arm-none-eabi/13.3.1/../../../../arm-none-eabi/lib/thumb/v7e-m+fp/hard\libc_nano.a(libc_a-findfp.o) (__sread)
C:/ST/STM32CubeIDE_2.0.0/STM32CubeIDE/plugins/com.st.stm32cube.ide.mcu.externaltools.gnu-tools-for-stm32.13.3.rel1.win32_1.0.100.202509120712/tools/bin/../lib/gcc/arm-none-eabi/13.3.1/../../../../arm-none-eabi/lib/thumb/v7e-m+fp/hard\libc_nano.a(libc_a-vsnprintf.o)
                              ./Core/Src/optical_slice_app.o (vsnprintf)
C:/ST/STM32CubeIDE_2.0.0/STM32CubeIDE/plugins/com.st.stm32cube.ide.mcu.externaltools.gnu-tools-for-stm32.13.3.rel1.win32_1.0.100.202509120712/tools/bin/../lib/gcc/arm-none-eabi/13.3.1/../../../../arm-none-eabi/lib/thumb/v7e-m+fp/hard\libc_nano.a(libc_a-memset.o)
                              C:/ST/STM32CubeIDE_2.0.0/STM32CubeIDE/plugins/com.st.stm32cube.ide.mcu.externaltools.gnu-tools-for-stm32.13.3.rel1.win32_1.0.100.202509120712/tools/bin/../lib/gcc/arm-none-eabi/13.3.1/../../../../arm-none-eabi/lib/thumb/v7e-m+fp/hard/crt0.o (memset)
C:/ST/STM32CubeIDE_2.0.0/STM32CubeIDE/plugins/com.st.stm32cube.ide.mcu.externaltools.gnu-tools-for-stm32.13.3.rel1.win32_1.0.100.202509120712/tools/bin/../lib/gcc/arm-none-eabi/13.3.1/../../../../arm-none-eabi/lib/thumb/v7e-m+fp/hard\libc_nano.a(libc_a-strncpy.o)
                              ./Core/Src/sc18is604.o (strncpy)
C:/ST/STM32CubeIDE_2.0.0/STM32CubeIDE/plugins/com.st.stm32cube.ide.mcu.externaltools.gnu-tools-for-stm32.13.3.rel1.win32_1.0.100.202509120712/tools/bin/../lib/gcc/arm-none-eabi/13.3.1/../../../../arm-none-eabi/lib/thumb/v7e-m+fp/hard\libc_nano.a(libc_a-closer.o)
                              C:/ST/STM32CubeIDE_2.0.0/STM32CubeIDE/plugins/com.st.stm32cube.ide.mcu.externaltools.gnu-tools-for-stm32.13.3.rel1.win32_1.0.100.202509120712/tools/bin/../lib/gcc/arm-none-eabi/13.3.1/../../../../arm-none-eabi/lib/thumb/v7e-m+fp/hard\libc_nano.a(libc_a-stdio.o) (_close_r)
C:/ST/STM32CubeIDE_2.0.0/STM32CubeIDE/plugins/com.st.stm32cube.ide.mcu.externaltools.gnu-tools-for-stm32.13.3.rel1.win32_1.0.100.202509120712/tools/bin/../lib/gcc/arm-none-eabi/13.3.1/../../../../arm-none-eabi/lib/thumb/v7e-m+fp/hard\libc_nano.a(libc_a-reent.o)
                              C:/ST/STM32CubeIDE_2.0.0/STM32CubeIDE/plugins/com.st.stm32cube.ide.mcu.externaltools.gnu-tools-for-stm32.13.3.rel1.win32_1.0.100.202509120712/tools/bin/../lib/gcc/arm-none-eabi/13.3.1/../../../../arm-none-eabi/lib/thumb/v7e-m+fp/hard\libc_nano.a(libc_a-closer.o) (errno)
[...]
Memory Configuration

Name             Origin             Length             Attributes
CCMRAM           0x10000000         0x00001000         xrw
RAM              0x20000000         0x00003000         xrw
FLASH            0x08000000         0x00010000         xr
*default*        0x00000000         0xffffffff

Linker script and memory map

LOAD C:/ST/STM32CubeIDE_2.0.0/STM32CubeIDE/plugins/com.st.stm32cube.ide.mcu.externaltools.gnu-tools-for-stm32.13.3.rel1.win32_1.0.100.202509120712/tools/bin/../lib/gcc/arm-none-eabi/13.3.1/thumb/v7e-m+fp/hard/crti.o
LOAD C:/ST/STM32CubeIDE_2.0.0/STM32CubeIDE/plugins/com.st.stm32cube.ide.mcu.externaltools.gnu-tools-for-stm32.13.3.rel1.win32_1.0.100.202509120712/tools/bin/../lib/gcc/arm-none-eabi/13.3.1/thumb/v7e-m+fp/hard/crtbegin.o
LOAD C:/ST/STM32CubeIDE_2.0.0/STM32CubeIDE/plugins/com.st.stm32cube.ide.mcu.externaltools.gnu-tools-for-stm32.13.3.rel1.win32_1.0.100.202509120712/tools/bin/../lib/gcc/arm-none-eabi/13.3.1/../../../../arm-none-eabi/lib/thumb/v7e-m+fp/hard/crt0.o
LOAD ./Core/Src/VL53L1X_api.o
LOAD ./Core/Src/VL53L1X_calibration.o
LOAD ./Core/Src/dma.o
LOAD ./Core/Src/gpio.o
LOAD ./Core/Src/main.o
LOAD ./Core/Src/optical_slice_app.o
LOAD ./Core/Src/optical_slice_sensors.o
LOAD ./Core/Src/optical_slice_validation.o
LOAD ./Core/Src/sc18is604.o
LOAD ./Core/Src/spi.o
LOAD ./Core/Src/stm32f3xx_hal_msp.o
LOAD ./Core/Src/stm32f3xx_it.o
LOAD ./Core/Src/syscalls.o
LOAD ./Core/Src/sysmem.o
LOAD ./Core/Src/system_stm32f3xx.o
LOAD ./Core/Src/usart.o
LOAD ./Core/Src/vl53l1_platform.o
LOAD ./Core/Src/vl53l1x_bridge.o
LOAD ./Core/Startup/startup_stm32f303k8tx.o
LOAD ./Drivers/STM32F3xx_HAL_Driver/Src/stm32f3xx_hal.o
LOAD ./Drivers/STM32F3xx_HAL_Driver/Src/stm32f3xx_hal_cortex.o
LOAD ./Drivers/STM32F3xx_HAL_Driver/Src/stm32f3xx_hal_dma.o
LOAD ./Drivers/STM32F3xx_HAL_Driver/Src/stm32f3xx_hal_exti.o
LOAD ./Drivers/STM32F3xx_HAL_Driver/Src/stm32f3xx_hal_flash.o
LOAD ./Drivers/STM32F3xx_HAL_Driver/Src/stm32f3xx_hal_flash_ex.o
LOAD ./Drivers/STM32F3xx_HAL_Driver/Src/stm32f3xx_hal_gpio.o
LOAD ./Drivers/STM32F3xx_HAL_Driver/Src/stm32f3xx_hal_i2c.o
LOAD ./Drivers/STM32F3xx_HAL_Driver/Src/stm32f3xx_hal_i2c_ex.o
LOAD ./Drivers/STM32F3xx_HAL_Driver/Src/stm32f3xx_hal_pwr.o
LOAD ./Drivers/STM32F3xx_HAL_Driver/Src/stm32f3xx_hal_pwr_ex.o
LOAD ./Drivers/STM32F3xx_HAL_Driver/Src/stm32f3xx_hal_rcc.o
LOAD ./Drivers/STM32F3xx_HAL_Driver/Src/stm32f3xx_hal_rcc_ex.o
LOAD ./Drivers/STM32F3xx_HAL_Driver/Src/stm32f3xx_hal_spi.o
LOAD ./Drivers/STM32F3xx_HAL_Driver/Src/stm32f3xx_hal_spi_ex.o
LOAD ./Drivers/STM32F3xx_HAL_Driver/Src/stm32f3xx_hal_uart.o
LOAD ./Drivers/STM32F3xx_HAL_Driver/Src/stm32f3xx_hal_uart_ex.o
START GROUP
LOAD C:/ST/STM32CubeIDE_2.0.0/STM32CubeIDE/plugins/com.st.stm32cube.ide.mcu.externaltools.gnu-tools-for-stm32.13.3.rel1.win32_1.0.100.202509120712/tools/bin/../lib/gcc/arm-none-eabi/13.3.1/../../../../arm-none-eabi/lib/thumb/v7e-m+fp/hard\libc_nano.a
LOAD C:/ST/STM32CubeIDE_2.0.0/STM32CubeIDE/plugins/com.st.stm32cube.ide.mcu.externaltools.gnu-tools-for-stm32.13.3.rel1.win32_1.0.100.202509120712/tools/bin/../lib/gcc/arm-none-eabi/13.3.1/../../../../arm-none-eabi/lib/thumb/v7e-m+fp/hard\libm.a
END GROUP
START GROUP
LOAD C:/ST/STM32CubeIDE_2.0.0/STM32CubeIDE/plugins/com.st.stm32cube.ide.mcu.externaltools.gnu-tools-for-stm32.13.3.rel1.win32_1.0.100.202509120712/tools/bin/../lib/gcc/arm-none-eabi/13.3.1/thumb/v7e-m+fp/hard\libgcc.a
LOAD C:/ST/STM32CubeIDE_2.0.0/STM32CubeIDE/plugins/com.st.stm32cube.ide.mcu.externaltools.gnu-tools-for-stm32.13.3.rel1.win32_1.0.100.202509120712/tools/bin/../lib/gcc/arm-none-eabi/13.3.1/../../../../arm-none-eabi/lib/thumb/v7e-m+fp/hard\libc_nano.a
END GROUP
START GROUP
LOAD C:/ST/STM32CubeIDE_2.0.0/STM32CubeIDE/plugins/com.st.stm32cube.ide.mcu.externaltools.gnu-tools-for-stm32.13.3.rel1.win32_1.0.100.202509120712/tools/bin/../lib/gcc/arm-none-eabi/13.3.1/thumb/v7e-m+fp/hard\libgcc.a
LOAD C:/ST/STM32CubeIDE_2.0.0/STM32CubeIDE/plugins/com.st.stm32cube.ide.mcu.externaltools.gnu-tools-for-stm32.13.3.rel1.win32_1.0.100.202509120712/tools/bin/../lib/gcc/arm-none-eabi/13.3.1/../../../../arm-none-eabi/lib/thumb/v7e-m+fp/hard\libc_nano.a
LOAD C:/ST/STM32CubeIDE_2.0.0/STM32CubeIDE/plugins/com.st.stm32cube.ide.mcu.externaltools.gnu-tools-for-stm32.13.3.rel1.win32_1.0.100.202509120712/tools/bin/../lib/gcc/arm-none-eabi/13.3.1/../../../../arm-none-eabi/lib/thumb/v7e-m+fp/hard\libnosys.a
END GROUP
START GROUP
LOAD C:/ST/STM32CubeIDE_2.0.0/STM32CubeIDE/plugins/com.st.stm32cube.ide.mcu.externaltools.gnu-tools-for-stm32.13.3.rel1.win32_1.0.100.202509120712/tools/bin/../lib/gcc/arm-none-eabi/13.3.1/thumb/v7e-m+fp/hard\libgcc.a
LOAD C:/ST/STM32CubeIDE_2.0.0/STM32CubeIDE/plugins/com.st.stm32cube.ide.mcu.externaltools.gnu-tools-for-stm32.13.3.rel1.win32_1.0.100.202509120712/tools/bin/../lib/gcc/arm-none-eabi/13.3.1/../../../../arm-none-eabi/lib/thumb/v7e-m+fp/hard\libc_nano.a
LOAD C:/ST/STM32CubeIDE_2.0.0/STM32CubeIDE/plugins/com.st.stm32cube.ide.mcu.externaltools.gnu-tools-for-stm32.13.3.rel1.win32_1.0.100.202509120712/tools/bin/../lib/gcc/arm-none-eabi/13.3.1/../../../../arm-none-eabi/lib/thumb/v7e-m+fp/hard\libnosys.a
END GROUP
LOAD C:/ST/STM32CubeIDE_2.0.0/STM32CubeIDE/plugins/com.st.stm32cube.ide.mcu.externaltools.gnu-tools-for-stm32.13.3.rel1.win32_1.0.100.202509120712/tools/bin/../lib/gcc/arm-none-eabi/13.3.1/thumb/v7e-m+fp/hard/crtend.o
LOAD C:/ST/STM32CubeIDE_2.0.0/STM32CubeIDE/plugins/com.st.stm32cube.ide.mcu.externaltools.gnu-tools-for-stm32.13.3.rel1.win32_1.0.100.202509120712/tools/bin/../lib/gcc/arm-none-eabi/13.3.1/thumb/v7e-m+fp/hard/crtn.o
                0x20003000                        _estack = (ORIGIN (RAM) + LENGTH (RAM))
                0x00000200                        _Min_Heap_Size = 0x200
                0x00000400                        _Min_Stack_Size = 0x400

.isr_vector     0x08000000      0x188
                0x08000000                        . = ALIGN (0x4)
 *(.isr_vector)
 .isr_vector    0x08000000      0x188 ./Core/Startup/startup_stm32f303k8tx.o
                0x08000000                g_pfnVectors
                0x08000188                        . = ALIGN (0x4)

.text           0x08000190     0x9700
                0x08000190                        . = ALIGN (0x4)
 *(.text)
 .text          0x08000190       0x40 C:/ST/STM32CubeIDE_2.0.0/STM32CubeIDE/plugins/com.st.stm32cube.ide.mcu.externaltools.gnu-tools-for-stm32.13.3.rel1.win32_1.0.100.202509120712/tools/bin/../lib/gcc/arm-none-eabi/13.3.1/thumb/v7e-m+fp/hard/crtbegin.o
 .text          0x080001d0       0x10 C:/ST/STM32CubeIDE_2.0.0/STM32CubeIDE/plugins/com.st.stm32cube.ide.mcu.externaltools.gnu-tools-for-stm32.13.3.rel1.win32_1.0.100.202509120712/tools/bin/../lib/gcc/arm-none-eabi/13.3.1/../../../../arm-none-eabi/lib/thumb/v7e-m+fp/hard\libc_nano.a(libc_a-strlen.o)
                0x080001d0                strlen
 .text          0x080001e0       0xa0 C:/ST/STM32CubeIDE_2.0.0/STM32CubeIDE/plugins/com.st.stm32cube.ide.mcu.externaltools.gnu-tools-for-stm32.13.3.rel1.win32_1.0.100.202509120712/tools/bin/../lib/gcc/arm-none-eabi/13.3.1/../../../../arm-none-eabi/lib/thumb/v7e-m+fp/hard\libc_nano.a(libc_a-memchr.o)
                0x080001e0                memchr
 .text          0x08000280      0x378 C:/ST/STM32CubeIDE_2.0.0/STM32CubeIDE/plugins/com.st.stm32cube.ide.mcu.externaltools.gnu-tools-for-stm32.13.3.rel1.win32_1.0.100.202509120712/tools/bin/../lib/gcc/arm-none-eabi/13.3.1/thumb/v7e-m+fp/hard\libgcc.a(_arm_addsubdf3.o)
                0x08000280                __aeabi_drsub
                0x08000288                __aeabi_dsub
                0x08000288                __subdf3
                0x0800028c                __aeabi_dadd
                0x0800028c                __adddf3
                0x08000504                __floatunsidf
                0x08000504                __aeabi_ui2d
                0x08000524                __floatsidf
                0x08000524                __aeabi_i2d
                0x08000548                __aeabi_f2d
                0x08000548                __extendsfdf2
                0x0800058c                __floatundidf
                0x0800058c                __aeabi_ul2d
                0x0800059c                __floatdidf
                0x0800059c                __aeabi_l2d
 .text          0x080005f8      0x424 C:/ST/STM32CubeIDE_2.0.0/STM32CubeIDE/plugins/com.st.stm32cube.ide.mcu.externaltools.gnu-tools-for-stm32.13.3.rel1.win32_1.0.100.202509120712/tools/bin/../lib/gcc/arm-none-eabi/13.3.1/thumb/v7e-m+fp/hard\libgcc.a(_arm_muldivdf3.o)
                0x080005f8                __aeabi_dmul
                0x080005f8                __muldf3
                0x0800084c                __divdf3
                0x0800084c                __aeabi_ddiv
 .text          0x08000a1c       0x40 C:/ST/STM32CubeIDE_2.0.0/STM32CubeIDE/plugins/com.st.stm32cube.ide.mcu.externaltools.gnu-tools-for-stm32.13.3.rel1.win32_1.0.100.202509120712/tools/bin/../lib/gcc/arm-none-eabi/13.3.1/thumb/v7e-m+fp/hard\libgcc.a(_arm_fixunsdfsi.o)
                0x08000a1c                __aeabi_d2uiz
                0x08000a1c                __fixunsdfsi
 *(.text*)
 .text.VL53L1X_SensorInit
                0x08000a5c      0x104 ./Core/Src/VL53L1X_api.o
                0x08000a5c                VL53L1X_SensorInit
 .text.VL53L1X_ClearInterrupt
                0x08000b60       0x32 ./Core/Src/VL53L1X_api.o
                0x08000b60                VL53L1X_ClearInterrupt
 .text.VL53L1X_SetInterruptPolarity
                0x08000b92       0x76 ./Core/Src/VL53L1X_api.o
                0x08000b92                VL53L1X_SetInterruptPolarity
 .text.VL53L1X_GetInterruptPolarity
                0x08000c08       0x56 ./Core/Src/VL53L1X_api.o
                0x08000c08                VL53L1X_GetInterruptPolarity
 .text.VL53L1X_StartRanging
                0x08000c5e       0x32 ./Core/Src/VL53L1X_api.o
                0x08000c5e                VL53L1X_StartRanging
 .text.VL53L1X_StopRanging
                0x08000c90       0x32 ./Core/Src/VL53L1X_api.o
                0x08000c90                VL53L1X_StopRanging
 .text.VL53L1X_CheckForDataReady
                0x08000cc2       0x6e ./Core/Src/VL53L1X_api.o
                0x08000cc2                VL53L1X_CheckForDataReady
 .text.VL53L1X_SetTimingBudgetInMs
                0x08000d30      0x22a ./Core/Src/VL53L1X_api.o
                0x08000d30                VL53L1X_SetTimingBudgetInMs
 .text.VL53L1X_GetTimingBudgetInMs
                0x08000f5a      0x10c ./Core/Src/VL53L1X_api.o
                0x08000f5a                VL53L1X_GetTimingBudgetInMs
 .text.VL53L1X_SetDistanceMode
                0x08001066      0x13a ./Core/Src/VL53L1X_api.o
                0x08001066                VL53L1X_SetDistanceMode
 .text.VL53L1X_GetDistanceMode
                0x080011a0       0x4e ./Core/Src/VL53L1X_api.o
                0x080011a0                VL53L1X_GetDistanceMode
 *fill*         0x080011ee        0x2 
 .text.VL53L1X_SetInterMeasurementInMs
                0x080011f0       0x80 ./Core/Src/VL53L1X_api.o
                0x080011f0                VL53L1X_SetInterMeasurementInMs
 .text.VL53L1X_BootState
                0x08001270       0x40 ./Core/Src/VL53L1X_api.o
                0x08001270                VL53L1X_BootState
 .text.VL53L1X_GetSensorId
                0x080012b0       0x42 ./Core/Src/VL53L1X_api.o
                0x080012b0                VL53L1X_GetSensorId
 .text.VL53L1X_GetDistance
                0x080012f2       0x3c ./Core/Src/VL53L1X_api.o
                0x080012f2                VL53L1X_GetDistance
 *fill*         0x0800132e        0x2 
 .text.VL53L1X_GetRangeStatus
                0x08001330       0x5c ./Core/Src/VL53L1X_api.o
                0x08001330                VL53L1X_GetRangeStatus
 .text.MX_DMA_Init
                0x0800138c       0x3c ./Core/Src/dma.o
                0x0800138c                MX_DMA_Init
 .text.MX_GPIO_Init
                0x080013c8      0x118 ./Core/Src/gpio.o
                0x080013c8                MX_GPIO_Init
 .text.main     0x080014e0       0x2a ./Core/Src/main.o
                0x080014e0                main
 .text.SystemClock_Config
                0x0800150a       0xa4 ./Core/Src/main.o
                0x0800150a                SystemClock_Config
 .text.Error_Handler
                0x080015ae        0xc ./Core/Src/main.o
                0x080015ae                Error_Handler
 .text.OpticalSlice_ReadLaserRaw
                0x080015ba       0x20 ./Core/Src/optical_slice_app.o
 .text.OpticalSlice_ReadLaserBeam
                0x080015da       0x18 ./Core/Src/optical_slice_app.o
 *fill*         0x080015f2        0x2 
 .text.OpticalSlice_UartPrint
                0x080015f4       0x64 ./Core/Src/optical_slice_app.o
 .text.OpticalSlice_GetSensorStatus
                0x08001658       0x52 ./Core/Src/optical_slice_app.o
 *fill*         0x080016aa        0x2 
 .text.OpticalSlice_ReportBootDiagnostics
                0x080016ac       0xfc ./Core/Src/optical_slice_app.o
 .text.OpticalSlice_ReportVl53BridgeProbe
                0x080017a8      0x134 ./Core/Src/optical_slice_app.o
 .text.OpticalSlice_GetHeightLevel
                0x080018dc       0x4c ./Core/Src/optical_slice_app.o
 .text.OpticalSlice_HeightLevelText
                0x08001928       0x48 ./Core/Src/optical_slice_app.o
 .text.OpticalSlice_YNText
                0x08001970       0x2c ./Core/Src/optical_slice_app.o
 .text.OpticalSlice_CameraShortText
                0x0800199c       0x2c ./Core/Src/optical_slice_app.o
 .text.OpticalSlice_FormatAmbientText
                0x080019c8       0x80 ./Core/Src/optical_slice_app.o
 .text.OpticalSlice_PackageShortText
                0x08001a48       0x40 ./Core/Src/optical_slice_app.o
 .text.OpticalSlice_FormatVl53Text
                0x08001a88       0x8c ./Core/Src/optical_slice_app.o
 .text.OpticalSlice_FormatSnowHeightText
                0x08001b14       0xa0 ./Core/Src/optical_slice_app.o
 .text.OpticalSlice_FormatPrecipitationText
                0x08001bb4       0xa8 ./Core/Src/optical_slice_app.o
 .text.OpticalSlice_ReportFrame
                0x08001c5c      0x118 ./Core/Src/optical_slice_app.o
 .text.OpticalSlice_ReportHealth
                0x08001d74      0x17c ./Core/Src/optical_slice_app.o
 .text.OpticalSlice_Init
                0x08001ef0      0x110 ./Core/Src/optical_slice_app.o
                0x08001ef0                OpticalSlice_Init
 .text.OpticalSlice_Run
                0x08002000      0x1b4 ./Core/Src/optical_slice_app.o
                0x08002000                OpticalSlice_Run
 .text.OpticalSensors_SetUpdateFlag
                0x080021b4       0x28 ./Core/Src/optical_slice_sensors.o
 .text.OpticalSensors_ResetFrameFlags
                0x080021dc       0x24 ./Core/Src/optical_slice_sensors.o
 .text.OpticalSensors_RecordHealthEvent
                0x08002200       0x34 ./Core/Src/optical_slice_sensors.o
 .text.OpticalSensors_RecordFaultEvent
                0x08002234       0x34 ./Core/Src/optical_slice_sensors.o
 .text.OpticalSensors_ApplyLaserProfile
                0x08002268       0x6c ./Core/Src/optical_slice_sensors.o
 .text.OpticalSensors_IsVl53MeasurementValid
                0x080022d4       0x34 ./Core/Src/optical_slice_sensors.o
 .text.OpticalSensors_ComputeSnowHeight
                0x08002308       0x68 ./Core/Src/optical_slice_sensors.o
 .text.OpticalSensors_IsObstructionDistance
                0x08002370       0x30 ./Core/Src/optical_slice_sensors.o
 .text.OpticalSensors_ResetBh1750Cache
                0x080023a0       0x24 ./Core/Src/optical_slice_sensors.o
 .text.OpticalSensors_ResetVl53Cache
                0x080023c4       0x24 ./Core/Src/optical_slice_sensors.o
 .text.OpticalSensors_ResetWonderCamCache
                0x080023e8       0x54 ./Core/Src/optical_slice_sensors.o
 .text.OpticalSensors_InvalidateBridgeSensors
                0x0800243c       0x40 ./Core/Src/optical_slice_sensors.o
 .text.OpticalSensors_RequestBridgeRecovery
                0x0800247c       0x48 ./Core/Src/optical_slice_sensors.o
 .text.OpticalSensors_EnsureBridgeReady
                0x080024c4       0xbc ./Core/Src/optical_slice_sensors.o
 .text.OpticalSensors_LogWonderCamDiag
                0x08002580      0x138 ./Core/Src/optical_slice_sensors.o
 .text.OpticalSensors_ScanBridgeI2cBus
                0x080026b8       0xd8 ./Core/Src/optical_slice_sensors.o
 .text.OpticalSensors_WonderCamRead
                0x08002790       0x62 ./Core/Src/optical_slice_sensors.o
 .text.OpticalSensors_WonderCamWrite
                0x080027f2       0x62 ./Core/Src/optical_slice_sensors.o
 .text.OpticalSensors_StartWonderCam
                0x08002854      0x1fc ./Core/Src/optical_slice_sensors.o
 .text.OpticalSensors_ApplyWonderCamClass
                0x08002a50       0xec ./Core/Src/optical_slice_sensors.o
 .text.OpticalSensors_SampleWonderCam
                0x08002b3c      0x290 ./Core/Src/optical_slice_sensors.o
 .text.OpticalSensors_StartBh1750
                0x08002dcc       0x54 ./Core/Src/optical_slice_sensors.o
 .text.OpticalSensors_SampleBh1750
                0x08002e20      0x188 ./Core/Src/optical_slice_sensors.o
 .text.OpticalSensors_SampleLaser
                0x08002fa8       0xec ./Core/Src/optical_slice_sensors.o
 .text.OpticalSensors_Init
                0x08003094      0x220 ./Core/Src/optical_slice_sensors.o
                0x08003094                OpticalSensors_Init
 .text.OpticalSensors_Poll
                0x080032b4      0x344 ./Core/Src/optical_slice_sensors.o
                0x080032b4                OpticalSensors_Poll
 .text.OpticalSensors_GetTable
                0x080035f8       0x28 ./Core/Src/optical_slice_sensors.o
                0x080035f8                OpticalSensors_GetTable
 .text.OpticalSensors_GetRuntimeConfig
                0x08003620       0x34 ./Core/Src/optical_slice_sensors.o
                0x08003620                OpticalSensors_GetRuntimeConfig
 .text.OpticalSensors_GetDiagnostics
                0x08003654       0x6c ./Core/Src/optical_slice_sensors.o
                0x08003654                OpticalSensors_GetDiagnostics
 .text.OpticalSensors_HasSnowBaseline
                0x080036c0       0x24 ./Core/Src/optical_slice_sensors.o
                0x080036c0                OpticalSensors_HasSnowBaseline
 .text.OpticalSensors_GetSnowBaselineMm
                0x080036e4       0x18 ./Core/Src/optical_slice_sensors.o
                0x080036e4                OpticalSensors_GetSnowBaselineMm
 .text.OpticalSensors_GetLaserProfileName
                0x080036fc       0x38 ./Core/Src/optical_slice_sensors.o
                0x080036fc                OpticalSensors_GetLaserProfileName
 .text.SC18IS604_DelayUs
                0x08003734       0x8c ./Core/Src/sc18is604.o
 .text.SC18IS604_Select
                0x080037c0       0x14 ./Core/Src/sc18is604.o
 .text.SC18IS604_Deselect
                0x080037d4       0x14 ./Core/Src/sc18is604.o
 .text.SC18IS604_SpiTransfer
                0x080037e8       0x74 ./Core/Src/sc18is604.o
 .text.SC18IS604_SendCommand
                0x0800385c       0x7a ./Core/Src/sc18is604.o
 .text.SC18IS604_WriteRegister
                0x080038d6       0x36 ./Core/Src/sc18is604.o
 .text.SC18IS604_ReadRegister
                0x0800390c       0x4c ./Core/Src/sc18is604.o
 .text.SC18IS604_WaitForI2cCompletion
                0x08003958       0x7c ./Core/Src/sc18is604.o
 .text.SC18IS604_ReadBuffer
                0x080039d4       0xc8 ./Core/Src/sc18is604.o
 .text.SC18IS604_Init
                0x08003a9c      0x13c ./Core/Src/sc18is604.o
                0x08003a9c                SC18IS604_Init
 .text.SC18IS604_IsReady
                0x08003bd8       0x18 ./Core/Src/sc18is604.o
                0x08003bd8                SC18IS604_IsReady
 .text.SC18IS604_GetLastI2cStatus
                0x08003bf0       0x18 ./Core/Src/sc18is604.o
                0x08003bf0                SC18IS604_GetLastI2cStatus
 .text.SC18IS604_GetLastI2cRawStatus
                0x08003c08       0x18 ./Core/Src/sc18is604.o
                0x08003c08                SC18IS604_GetLastI2cRawStatus
 .text.SC18IS604_I2cStatusText
                0x08003c20       0x78 ./Core/Src/sc18is604.o
                0x08003c20                SC18IS604_I2cStatusText
 .text.SC18IS604_ReadVersion
                0x08003c98       0x80 ./Core/Src/sc18is604.o
                0x08003c98                SC18IS604_ReadVersion
 .text.SC18IS604_I2cWrite
                0x08003d18       0xe4 ./Core/Src/sc18is604.o
                0x08003d18                SC18IS604_I2cWrite
 .text.SC18IS604_I2cRead
                0x08003dfc       0x78 ./Core/Src/sc18is604.o
                0x08003dfc                SC18IS604_I2cRead
 .text.MX_SPI1_Init
                0x08003e74       0x7c ./Core/Src/spi.o
                0x08003e74                MX_SPI1_Init
 .text.HAL_SPI_MspInit
                0x08003ef0       0x88 ./Core/Src/spi.o
                0x08003ef0                HAL_SPI_MspInit
 .text.HAL_MspInit
                0x08003f78       0x48 ./Core/Src/stm32f3xx_hal_msp.o
                0x08003f78                HAL_MspInit
 .text.NMI_Handler
                0x08003fc0        0x8 ./Core/Src/stm32f3xx_it.o
                0x08003fc0                NMI_Handler
 .text.HardFault_Handler
                0x08003fc8        0x8 ./Core/Src/stm32f3xx_it.o
                0x08003fc8                HardFault_Handler
 .text.MemManage_Handler
                0x08003fd0        0x8 ./Core/Src/stm32f3xx_it.o
                0x08003fd0                MemManage_Handler
 .text.BusFault_Handler
                0x08003fd8        0x8 ./Core/Src/stm32f3xx_it.o
                0x08003fd8                BusFault_Handler
 .text.UsageFault_Handler
                0x08003fe0        0x8 ./Core/Src/stm32f3xx_it.o
                0x08003fe0                UsageFault_Handler
 .text.SVC_Handler
                0x08003fe8        0xe ./Core/Src/stm32f3xx_it.o
                0x08003fe8                SVC_Handler
 .text.DebugMon_Handler
                0x08003ff6        0xe ./Core/Src/stm32f3xx_it.o
                0x08003ff6                DebugMon_Handler
 .text.PendSV_Handler
                0x08004004        0xe ./Core/Src/stm32f3xx_it.o
                0x08004004                PendSV_Handler
 .text.SysTick_Handler
                0x08004012        0xc ./Core/Src/stm32f3xx_it.o
                0x08004012                SysTick_Handler
 *fill*         0x0800401e        0x2 
 .text.DMA1_Channel5_IRQHandler
                0x08004020       0x14 ./Core/Src/stm32f3xx_it.o
                0x08004020                DMA1_Channel5_IRQHandler
 .text.USART1_IRQHandler
                0x08004034       0x14 ./Core/Src/stm32f3xx_it.o
                0x08004034                USART1_IRQHandler
 .text._sbrk    0x08004048       0x6c ./Core/Src/sysmem.o
                0x08004048                _sbrk
 .text.SystemInit
                0x080040b4       0x24 ./Core/Src/system_stm32f3xx.o
                0x080040b4                SystemInit
 .text.OpticalMasterLink_PrecipTypeText
                0x080040d8       0x48 ./Core/Src/usart.o
 .text.OpticalMasterLink_FormatOptionalU16
                0x08004120       0x58 ./Core/Src/usart.o
 .text.OpticalMasterLink_StoreAsciiPacket
                0x08004178       0x8a ./Core/Src/usart.o
 *fill*         0x08004202        0x2 
 .text.OpticalMasterLink_EnableReceive
                0x08004204       0x3c ./Core/Src/usart.o
 .text.OpticalMasterLink_RebuildPackets
                0x08004240      0x258 ./Core/Src/usart.o
 .text.OpticalMasterLink_ProcessByte
                0x08004498      0x1c4 ./Core/Src/usart.o
                0x08004498                OpticalMasterLink_ProcessByte
 .text.MX_USART1_UART_Init
                0x0800465c       0x60 ./Core/Src/usart.o
                0x0800465c                MX_USART1_UART_Init
 .text.MX_USART2_UART_Init
                0x080046bc       0x60 ./Core/Src/usart.o
                0x080046bc                MX_USART2_UART_Init
 .text.HAL_UART_MspInit
                0x0800471c      0x150 ./Core/Src/usart.o
                0x0800471c                HAL_UART_MspInit
 .text.OpticalMasterLink_Init
                0x0800486c       0x98 ./Core/Src/usart.o
                0x0800486c                OpticalMasterLink_Init
 .text.OpticalMasterLink_UpdateFrame
                0x08004904       0x34 ./Core/Src/usart.o
                0x08004904                OpticalMasterLink_UpdateFrame
 .text.OpticalMasterLink_IsHealthy
                0x08004938       0x30 ./Core/Src/usart.o
                0x08004938                OpticalMasterLink_IsHealthy
 .text.OpticalMasterLink_HasRecentActivity
                0x08004968       0x30 ./Core/Src/usart.o
                0x08004968                OpticalMasterLink_HasRecentActivity
 .text.respondToLoaf
                0x08004998       0xd0 ./Core/Src/usart.o
                0x08004998                respondToLoaf
 .text.HAL_UART_RxCpltCallback
                0x08004a68       0x34 ./Core/Src/usart.o
                0x08004a68                HAL_UART_RxCpltCallback
 .text.HAL_UART_ErrorCallback
                0x08004a9c       0x38 ./Core/Src/usart.o
                0x08004a9c                HAL_UART_ErrorCallback
 .text.VL53L1_PlatformAddr7
                0x08004ad4       0x1e ./Core/Src/vl53l1_platform.o
 .text.VL53L1_WriteMulti
                0x08004af2       0xfa ./Core/Src/vl53l1_platform.o
                0x08004af2                VL53L1_WriteMulti
 .text.VL53L1_ReadMulti
                0x08004bec       0x90 ./Core/Src/vl53l1_platform.o
                0x08004bec                VL53L1_ReadMulti
 .text.VL53L1_WrByte
                0x08004c7c       0x28 ./Core/Src/vl53l1_platform.o
                0x08004c7c                VL53L1_WrByte
 .text.VL53L1_WrWord
                0x08004ca4       0x3a ./Core/Src/vl53l1_platform.o
                0x08004ca4                VL53L1_WrWord
 .text.VL53L1_WrDWord
                0x08004cde       0x46 ./Core/Src/vl53l1_platform.o
                0x08004cde                VL53L1_WrDWord
 .text.VL53L1_RdByte
                0x08004d24       0x26 ./Core/Src/vl53l1_platform.o
                0x08004d24                VL53L1_RdByte
 .text.VL53L1_RdWord
                0x08004d4a       0x56 ./Core/Src/vl53l1_platform.o
                0x08004d4a                VL53L1_RdWord
 .text.VL53L1_WaitMs
                0x08004da0       0x2a ./Core/Src/vl53l1_platform.o
                0x08004da0                VL53L1_WaitMs
 *fill*         0x08004dca        0x2 
 .text.VL53L1XBridge_Init
                0x08004dcc      0x1bc ./Core/Src/vl53l1x_bridge.o
                0x08004dcc                VL53L1XBridge_Init
 .text.VL53L1XBridge_Poll
                0x08004f88       0xa4 ./Core/Src/vl53l1x_bridge.o
                0x08004f88                VL53L1XBridge_Poll
 .text.VL53L1XBridge_GetInfo
                0x0800502c       0x14 ./Core/Src/vl53l1x_bridge.o
                0x0800502c                VL53L1XBridge_GetInfo
 .text.Reset_Handler
                0x08005040       0x50 ./Core/Startup/startup_stm32f303k8tx.o
                0x08005040                Reset_Handler
 .text.Default_Handler
                0x08005090        0x2 ./Core/Startup/startup_stm32f303k8tx.o
                0x08005090                RTC_Alarm_IRQHandler
                0x08005090                TIM1_CC_IRQHandler
                0x08005090                PVD_IRQHandler
                0x08005090                TAMP_STAMP_IRQHandler
                0x08005090                EXTI3_IRQHandler
                0x08005090                EXTI0_IRQHandler
                0x08005090                FPU_IRQHandler
                0x08005090                CAN_TX_IRQHandler
                0x08005090                TIM1_UP_TIM16_IRQHandler
                0x08005090                ADC1_2_IRQHandler
                0x08005090                SPI1_IRQHandler
                0x08005090                CAN_SCE_IRQHandler
                0x08005090                DMA1_Channel4_IRQHandler
                0x08005090                USART3_IRQHandler
                0x08005090                DMA1_Channel7_IRQHandler
                0x08005090                TIM7_DAC2_IRQHandler
                0x08005090                CAN_RX1_IRQHandler
                0x08005090                I2C1_EV_IRQHandler
                0x08005090                DMA1_Channel6_IRQHandler
                0x08005090                TIM3_IRQHandler
                0x08005090                RCC_IRQHandler
                0x08005090                DMA1_Channel1_IRQHandler
                0x08005090                Default_Handler
                0x08005090                EXTI15_10_IRQHandler
                0x08005090                COMP2_IRQHandler
                0x08005090                TIM6_DAC1_IRQHandler
                0x08005090                EXTI9_5_IRQHandler
                0x08005090                RTC_WKUP_IRQHandler
                0x08005090                EXTI4_IRQHandler
                0x08005090                TIM1_TRG_COM_TIM17_IRQHandler
                0x08005090                DMA1_Channel3_IRQHandler
                0x08005090                WWDG_IRQHandler
                0x08005090                TIM2_IRQHandler
                0x08005090                EXTI1_IRQHandler
                0x08005090                COMP4_6_IRQHandler
                0x08005090                USART2_IRQHandler
                0x08005090                DMA1_Channel2_IRQHandler
                0x08005090                FLASH_IRQHandler
                0x08005090                CAN_RX0_IRQHandler
                0x08005090                I2C1_ER_IRQHandler
                0x08005090                EXTI2_TSC_IRQHandler
                0x08005090                TIM1_BRK_TIM15_IRQHandler
 *fill*         0x08005092        0x2 
 .text.HAL_Init
                0x08005094       0x2c ./Drivers/STM32F3xx_HAL_Driver/Src/stm32f3xx_hal.o
                0x08005094                HAL_Init
 .text.HAL_InitTick
                0x080050c0       0x60 ./Drivers/STM32F3xx_HAL_Driver/Src/stm32f3xx_hal.o
                0x080050c0                HAL_InitTick
 .text.HAL_IncTick
                0x08005120       0x28 ./Drivers/STM32F3xx_HAL_Driver/Src/stm32f3xx_hal.o
                0x08005120                HAL_IncTick
 .text.HAL_GetTick
                0x08005148       0x18 ./Drivers/STM32F3xx_HAL_Driver/Src/stm32f3xx_hal.o
                0x08005148                HAL_GetTick
 .text.HAL_Delay
                0x08005160       0x48 ./Drivers/STM32F3xx_HAL_Driver/Src/stm32f3xx_hal.o
                0x08005160                HAL_Delay
 .text.__NVIC_SetPriorityGrouping
                0x080051a8       0x48 ./Drivers/STM32F3xx_HAL_Driver/Src/stm32f3xx_hal_cortex.o
 .text.__NVIC_GetPriorityGrouping
                0x080051f0       0x1c ./Drivers/STM32F3xx_HAL_Driver/Src/stm32f3xx_hal_cortex.o
 .text.__NVIC_EnableIRQ
                0x0800520c       0x3c ./Drivers/STM32F3xx_HAL_Driver/Src/stm32f3xx_hal_cortex.o
 .text.__NVIC_SetPriority
                0x08005248       0x54 ./Drivers/STM32F3xx_HAL_Driver/Src/stm32f3xx_hal_cortex.o
 .text.NVIC_EncodePriority
                0x0800529c       0x66 ./Drivers/STM32F3xx_HAL_Driver/Src/stm32f3xx_hal_cortex.o
 *fill*         0x08005302        0x2 
 .text.SysTick_Config
                0x08005304       0x44 ./Drivers/STM32F3xx_HAL_Driver/Src/stm32f3xx_hal_cortex.o
 .text.HAL_NVIC_SetPriorityGrouping
                0x08005348       0x16 ./Drivers/STM32F3xx_HAL_Driver/Src/stm32f3xx_hal_cortex.o
                0x08005348                HAL_NVIC_SetPriorityGrouping
 .text.HAL_NVIC_SetPriority
                0x0800535e       0x38 ./Drivers/STM32F3xx_HAL_Driver/Src/stm32f3xx_hal_cortex.o
                0x0800535e                HAL_NVIC_SetPriority
 .text.HAL_NVIC_EnableIRQ
                0x08005396       0x1c ./Drivers/STM32F3xx_HAL_Driver/Src/stm32f3xx_hal_cortex.o
                0x08005396                HAL_NVIC_EnableIRQ
 .text.HAL_SYSTICK_Config
                0x080053b2       0x18 ./Drivers/STM32F3xx_HAL_Driver/Src/stm32f3xx_hal_cortex.o
                0x080053b2                HAL_SYSTICK_Config
 .text.HAL_DMA_Init
                0x080053ca       0x8e ./Drivers/STM32F3xx_HAL_Driver/Src/stm32f3xx_hal_dma.o
                0x080053ca                HAL_DMA_Init
 .text.HAL_DMA_Start_IT
                0x08005458       0xbe ./Drivers/STM32F3xx_HAL_Driver/Src/stm32f3xx_hal_dma.o
                0x08005458                HAL_DMA_Start_IT
 .text.HAL_DMA_Abort
                0x08005516       0x7c ./Drivers/STM32F3xx_HAL_Driver/Src/stm32f3xx_hal_dma.o
                0x08005516                HAL_DMA_Abort
 .text.HAL_DMA_Abort_IT
                0x08005592       0x7c ./Drivers/STM32F3xx_HAL_Driver/Src/stm32f3xx_hal_dma.o
                0x08005592                HAL_DMA_Abort_IT
 .text.HAL_DMA_IRQHandler
                0x0800560e      0x146 ./Drivers/STM32F3xx_HAL_Driver/Src/stm32f3xx_hal_dma.o
                0x0800560e                HAL_DMA_IRQHandler
 .text.HAL_DMA_GetError
                0x08005754       0x18 ./Drivers/STM32F3xx_HAL_Driver/Src/stm32f3xx_hal_dma.o
                0x08005754                HAL_DMA_GetError
 .text.DMA_SetConfig
                0x0800576c       0x5c ./Drivers/STM32F3xx_HAL_Driver/Src/stm32f3xx_hal_dma.o
 .text.DMA_CalcBaseAndBitshift
                0x080057c8       0x40 ./Drivers/STM32F3xx_HAL_Driver/Src/stm32f3xx_hal_dma.o
 .text.HAL_GPIO_Init
                0x08005808      0x2e4 ./Drivers/STM32F3xx_HAL_Driver/Src/stm32f3xx_hal_gpio.o
                0x08005808                HAL_GPIO_Init
 .text.HAL_GPIO_ReadPin
                0x08005aec       0x30 ./Drivers/STM32F3xx_HAL_Driver/Src/stm32f3xx_hal_gpio.o
                0x08005aec                HAL_GPIO_ReadPin
 .text.HAL_GPIO_WritePin
                0x08005b1c       0x30 ./Drivers/STM32F3xx_HAL_Driver/Src/stm32f3xx_hal_gpio.o
                0x08005b1c                HAL_GPIO_WritePin
 .text.HAL_RCC_OscConfig
                0x08005b4c     0x101c ./Drivers/STM32F3xx_HAL_Driver/Src/stm32f3xx_hal_rcc.o
                0x08005b4c                HAL_RCC_OscConfig
 .text.HAL_RCC_ClockConfig
                0x08006b68      0x2dc ./Drivers/STM32F3xx_HAL_Driver/Src/stm32f3xx_hal_rcc.o
                0x08006b68                HAL_RCC_ClockConfig
 .text.HAL_RCC_GetSysClockFreq
                0x08006e44       0xa8 ./Drivers/STM32F3xx_HAL_Driver/Src/stm32f3xx_hal_rcc.o
                0x08006e44                HAL_RCC_GetSysClockFreq
 .text.HAL_RCC_GetHCLKFreq
                0x08006eec       0x18 ./Drivers/STM32F3xx_HAL_Driver/Src/stm32f3xx_hal_rcc.o
                0x08006eec                HAL_RCC_GetHCLKFreq
 .text.HAL_RCC_GetPCLK1Freq
                0x08006f04       0x44 ./Drivers/STM32F3xx_HAL_Driver/Src/stm32f3xx_hal_rcc.o
                0x08006f04                HAL_RCC_GetPCLK1Freq
 .text.HAL_RCC_GetPCLK2Freq
                0x08006f48       0x44 ./Drivers/STM32F3xx_HAL_Driver/Src/stm32f3xx_hal_rcc.o
                0x08006f48                HAL_RCC_GetPCLK2Freq
 .text.HAL_RCCEx_PeriphCLKConfig
                0x08006f8c      0x248 ./Drivers/STM32F3xx_HAL_Driver/Src/stm32f3xx_hal_rcc_ex.o
                0x08006f8c                HAL_RCCEx_PeriphCLKConfig
 .text.HAL_SPI_Init
                0x080071d4      0x146 ./Drivers/STM32F3xx_HAL_Driver/Src/stm32f3xx_hal_spi.o
                0x080071d4                HAL_SPI_Init
 .text.HAL_SPI_TransmitReceive
                0x0800731a      0x444 ./Drivers/STM32F3xx_HAL_Driver/Src/stm32f3xx_hal_spi.o
                0x0800731a                HAL_SPI_TransmitReceive
 *fill*         0x0800775e        0x2 
 .text.SPI_WaitFlagStateUntilTimeout
                0x08007760      0x110 ./Drivers/STM32F3xx_HAL_Driver/Src/stm32f3xx_hal_spi.o
 .text.SPI_WaitFifoStateUntilTimeout
                0x08007870      0x12c ./Drivers/STM32F3xx_HAL_Driver/Src/stm32f3xx_hal_spi.o
 .text.SPI_EndRxTxTransaction
                0x0800799c       0x8c ./Drivers/STM32F3xx_HAL_Driver/Src/stm32f3xx_hal_spi.o
 .text.HAL_UART_Init
                0x08007a28       0x9c ./Drivers/STM32F3xx_HAL_Driver/Src/stm32f3xx_hal_uart.o
                0x08007a28                HAL_UART_Init
 .text.HAL_UART_Transmit
                0x08007ac4      0x112 ./Drivers/STM32F3xx_HAL_Driver/Src/stm32f3xx_hal_uart.o
                0x08007ac4                HAL_UART_Transmit
 .text.HAL_UART_Receive_DMA
                0x08007bd6       0x88 ./Drivers/STM32F3xx_HAL_Driver/Src/stm32f3xx_hal_uart.o
                0x08007bd6                HAL_UART_Receive_DMA
 .text.HAL_UART_AbortReceive
                0x08007c5e      0x15e ./Drivers/STM32F3xx_HAL_Driver/Src/stm32f3xx_hal_uart.o
                0x08007c5e                HAL_UART_AbortReceive
 .text.HAL_UART_IRQHandler
                0x08007dbc      0x5cc ./Drivers/STM32F3xx_HAL_Driver/Src/stm32f3xx_hal_uart.o
                0x08007dbc                HAL_UART_IRQHandler
 .text.HAL_UART_TxCpltCallback
                0x08008388       0x14 ./Drivers/STM32F3xx_HAL_Driver/Src/stm32f3xx_hal_uart.o
                0x08008388                HAL_UART_TxCpltCallback
 .text.HAL_UART_RxHalfCpltCallback
                0x0800839c       0x14 ./Drivers/STM32F3xx_HAL_Driver/Src/stm32f3xx_hal_uart.o
                0x0800839c                HAL_UART_RxHalfCpltCallback
 .text.HAL_UARTEx_RxEventCallback
                0x080083b0       0x18 ./Drivers/STM32F3xx_HAL_Driver/Src/stm32f3xx_hal_uart.o
                0x080083b0                HAL_UARTEx_RxEventCallback
 .text.UART_SetConfig
                0x080083c8      0x26c ./Drivers/STM32F3xx_HAL_Driver/Src/stm32f3xx_hal_uart.o
                0x080083c8                UART_SetConfig
 .text.UART_AdvFeatureConfig
                0x08008634      0x144 ./Drivers/STM32F3xx_HAL_Driver/Src/stm32f3xx_hal_uart.o
                0x08008634                UART_AdvFeatureConfig
 .text.UART_CheckIdleState
                0x08008778      0x150 ./Drivers/STM32F3xx_HAL_Driver/Src/stm32f3xx_hal_uart.o
                0x08008778                UART_CheckIdleState
 .text.UART_WaitOnFlagUntilTimeout
                0x080088c8       0xda ./Drivers/STM32F3xx_HAL_Driver/Src/stm32f3xx_hal_uart.o
                0x080088c8                UART_WaitOnFlagUntilTimeout
 *fill*         0x080089a2        0x2 
 .text.UART_Start_Receive_DMA
                0x080089a4      0x140 ./Drivers/STM32F3xx_HAL_Driver/Src/stm32f3xx_hal_uart.o
                0x080089a4                UART_Start_Receive_DMA
 .text.UART_EndTxTransfer
                0x08008ae4       0x4c ./Drivers/STM32F3xx_HAL_Driver/Src/stm32f3xx_hal_uart.o
 .text.UART_EndRxTransfer
                0x08008b30       0xc8 ./Drivers/STM32F3xx_HAL_Driver/Src/stm32f3xx_hal_uart.o
 .text.UART_DMAReceiveCplt
                0x08008bf8      0x126 ./Drivers/STM32F3xx_HAL_Driver/Src/stm32f3xx_hal_uart.o
 .text.UART_DMARxHalfCplt
                0x08008d1e       0x3e ./Drivers/STM32F3xx_HAL_Driver/Src/stm32f3xx_hal_uart.o
 .text.UART_DMAError
                0x08008d5c       0x7e ./Drivers/STM32F3xx_HAL_Driver/Src/stm32f3xx_hal_uart.o
 .text.UART_DMAAbortOnError
                0x08008dda       0x2c ./Drivers/STM32F3xx_HAL_Driver/Src/stm32f3xx_hal_uart.o
 .text.UART_EndTransmit_IT
                0x08008e06       0x54 ./Drivers/STM32F3xx_HAL_Driver/Src/stm32f3xx_hal_uart.o
 .text.HAL_UARTEx_WakeupCallback
                0x08008e5a       0x14 ./Drivers/STM32F3xx_HAL_Driver/Src/stm32f3xx_hal_uart_ex.o
                0x08008e5a                HAL_UARTEx_WakeupCallback
 *fill*         0x08008e6e        0x2 
 .text.snprintf
                0x08008e70       0x6c C:/ST/STM32CubeIDE_2.0.0/STM32CubeIDE/plugins/com.st.stm32cube.ide.mcu.externaltools.gnu-tools-for-stm32.13.3.rel1.win32_1.0.100.202509120712/tools/bin/../lib/gcc/arm-none-eabi/13.3.1/../../../../arm-none-eabi/lib/thumb/v7e-m+fp/hard\libc_nano.a(libc_a-snprintf.o)
                0x08008e70                sniprintf
                0x08008e70                snprintf
 .text._vsnprintf_r
                0x08008edc       0x5c C:/ST/STM32CubeIDE_2.0.0/STM32CubeIDE/plugins/com.st.stm32cube.ide.mcu.externaltools.gnu-tools-for-stm32.13.3.rel1.win32_1.0.100.202509120712/tools/bin/../lib/gcc/arm-none-eabi/13.3.1/../../../../arm-none-eabi/lib/thumb/v7e-m+fp/hard\libc_nano.a(libc_a-vsnprintf.o)
                0x08008edc                _vsniprintf_r
                0x08008edc                _vsnprintf_r
 .text.vsnprintf
                0x08008f38       0x1c C:/ST/STM32CubeIDE_2.0.0/STM32CubeIDE/plugins/com.st.stm32cube.ide.mcu.externaltools.gnu-tools-for-stm32.13.3.rel1.win32_1.0.100.202509120712/tools/bin/../lib/gcc/arm-none-eabi/13.3.1/../../../../arm-none-eabi/lib/thumb/v7e-m+fp/hard\libc_nano.a(libc_a-vsnprintf.o)
                0x08008f38                vsniprintf
                0x08008f38                vsnprintf
 .text.memset   0x08008f54       0x10 C:/ST/STM32CubeIDE_2.0.0/STM32CubeIDE/plugins/com.st.stm32cube.ide.mcu.externaltools.gnu-tools-for-stm32.13.3.rel1.win32_1.0.100.202509120712/tools/bin/../lib/gcc/arm-none-eabi/13.3.1/../../../../arm-none-eabi/lib/thumb/v7e-m+fp/hard\libc_nano.a(libc_a-memset.o)
                0x08008f54                memset
 .text.strncpy  0x08008f64       0x26 C:/ST/STM32CubeIDE_2.0.0/STM32CubeIDE/plugins/com.st.stm32cube.ide.mcu.externaltools.gnu-tools-for-stm32.13.3.rel1.win32_1.0.100.202509120712/tools/bin/../lib/gcc/arm-none-eabi/13.3.1/../../../../arm-none-eabi/lib/thumb/v7e-m+fp/hard\libc_nano.a(libc_a-strncpy.o)
                0x08008f64                strncpy
 *fill*         0x08008f8a        0x2 
 .text.__errno  0x08008f8c        0xc C:/ST/STM32CubeIDE_2.0.0/STM32CubeIDE/plugins/com.st.stm32cube.ide.mcu.externaltools.gnu-tools-for-stm32.13.3.rel1.win32_1.0.100.202509120712/tools/bin/../lib/gcc/arm-none-eabi/13.3.1/../../../../arm-none-eabi/lib/thumb/v7e-m+fp/hard\libc_nano.a(libc_a-errno.o)
                0x08008f8c                __errno
 .text.__libc_init_array
                0x08008f98       0x48 C:/ST/STM32CubeIDE_2.0.0/STM32CubeIDE/plugins/com.st.stm32cube.ide.mcu.externaltools.gnu-tools-for-stm32.13.3.rel1.win32_1.0.100.202509120712/tools/bin/../lib/gcc/arm-none-eabi/13.3.1/../../../../arm-none-eabi/lib/thumb/v7e-m+fp/hard\libc_nano.a(libc_a-init.o)
                0x08008f98                __libc_init_array
 .text.__retarget_lock_acquire_recursive
                0x08008fe0        0x2 C:/ST/STM32CubeIDE_2.0.0/STM32CubeIDE/plugins/com.st.stm32cube.ide.mcu.externaltools.gnu-tools-for-stm32.13.3.rel1.win32_1.0.100.202509120712/tools/bin/../lib/gcc/arm-none-eabi/13.3.1/../../../../arm-none-eabi/lib/thumb/v7e-m+fp/hard\libc_nano.a(libc_a-lock.o)
                0x08008fe0                __retarget_lock_acquire_recursive
 .text.__retarget_lock_release_recursive
                0x08008fe2        0x2 C:/ST/STM32CubeIDE_2.0.0/STM32CubeIDE/plugins/com.st.stm32cube.ide.mcu.externaltools.gnu-tools-for-stm32.13.3.rel1.win32_1.0.100.202509120712/tools/bin/../lib/gcc/arm-none-eabi/13.3.1/../../../../arm-none-eabi/lib/thumb/v7e-m+fp/hard\libc_nano.a(libc_a-lock.o)
                0x08008fe2                __retarget_lock_release_recursive
 .text.memcpy   0x08008fe4       0x1c C:/ST/STM32CubeIDE_2.0.0/STM32CubeIDE/plugins/com.st.stm32cube.ide.mcu.externaltools.gnu-tools-for-stm32.13.3.rel1.win32_1.0.100.202509120712/tools/bin/../lib/gcc/arm-none-eabi/13.3.1/../../../../arm-none-eabi/lib/thumb/v7e-m+fp/hard\libc_nano.a(libc_a-memcpy-stub.o)
                0x08008fe4                memcpy
 .text._free_r  0x08009000       0x94 C:/ST/STM32CubeIDE_2.0.0/STM32CubeIDE/plugins/com.st.stm32cube.ide.mcu.externaltools.gnu-tools-for-stm32.13.3.rel1.win32_1.0.100.202509120712/tools/bin/../lib/gcc/arm-none-eabi/13.3.1/../../../../arm-none-eabi/lib/thumb/v7e-m+fp/hard\libc_nano.a(libc_a-freer.o)
                0x08009000                _free_r
 .text.sbrk_aligned
                0x08009094       0x44 C:/ST/STM32CubeIDE_2.0.0/STM32CubeIDE/plugins/com.st.stm32cube.ide.mcu.externaltools.gnu-tools-for-stm32.13.3.rel1.win32_1.0.100.202509120712/tools/bin/../lib/gcc/arm-none-eabi/13.3.1/../../../../arm-none-eabi/lib/thumb/v7e-m+fp/hard\libc_nano.a(libc_a-mallocr.o)
 .text._malloc_r
                0x080090d8      0x100 C:/ST/STM32CubeIDE_2.0.0/STM32CubeIDE/plugins/com.st.stm32cube.ide.mcu.externaltools.gnu-tools-for-stm32.13.3.rel1.win32_1.0.100.202509120712/tools/bin/../lib/gcc/arm-none-eabi/13.3.1/../../../../arm-none-eabi/lib/thumb/v7e-m+fp/hard\libc_nano.a(libc_a-mallocr.o)
                0x080090d8                _malloc_r
 .text.__malloc_lock
                0x080091d8        0xc C:/ST/STM32CubeIDE_2.0.0/STM32CubeIDE/plugins/com.st.stm32cube.ide.mcu.externaltools.gnu-tools-for-stm32.13.3.rel1.win32_1.0.100.202509120712/tools/bin/../lib/gcc/arm-none-eabi/13.3.1/../../../../arm-none-eabi/lib/thumb/v7e-m+fp/hard\libc_nano.a(libc_a-mlock.o)
                0x080091d8                __malloc_lock
 .text.__malloc_unlock
                0x080091e4        0xc C:/ST/STM32CubeIDE_2.0.0/STM32CubeIDE/plugins/com.st.stm32cube.ide.mcu.externaltools.gnu-tools-for-stm32.13.3.rel1.win32_1.0.100.202509120712/tools/bin/../lib/gcc/arm-none-eabi/13.3.1/../../../../arm-none-eabi/lib/thumb/v7e-m+fp/hard\libc_nano.a(libc_a-mlock.o)
                0x080091e4                __malloc_unlock
 .text.__ssputs_r
                0x080091f0       0xb6 C:/ST/STM32CubeIDE_2.0.0/STM32CubeIDE/plugins/com.st.stm32cube.ide.mcu.externaltools.gnu-tools-for-stm32.13.3.rel1.win32_1.0.100.202509120712/tools/bin/../lib/gcc/arm-none-eabi/13.3.1/../../../../arm-none-eabi/lib/thumb/v7e-m+fp/hard\libc_nano.a(libc_a-nano-svfprintf.o)
                0x080091f0                __ssputs_r
 *fill*         0x080092a6        0x2 
 .text._svfprintf_r
                0x080092a8      0x1f8 C:/ST/STM32CubeIDE_2.0.0/STM32CubeIDE/plugins/com.st.stm32cube.ide.mcu.externaltools.gnu-tools-for-stm32.13.3.rel1.win32_1.0.100.202509120712/tools/bin/../lib/gcc/arm-none-eabi/13.3.1/../../../../arm-none-eabi/lib/thumb/v7e-m+fp/hard\libc_nano.a(libc_a-nano-svfprintf.o)
                0x080092a8                _svfiprintf_r
                0x080092a8                _svfprintf_r
 .text._printf_common
                0x080094a0       0xda C:/ST/STM32CubeIDE_2.0.0/STM32CubeIDE/plugins/com.st.stm32cube.ide.mcu.externaltools.gnu-tools-for-stm32.13.3.rel1.win32_1.0.100.202509120712/tools/bin/../lib/gcc/arm-none-eabi/13.3.1/../../../../arm-none-eabi/lib/thumb/v7e-m+fp/hard\libc_nano.a(libc_a-nano-vfprintf_i.o)
                0x080094a0                _printf_common
 *fill*         0x0800957a        0x2 
 .text._printf_i
                0x0800957c      0x23c C:/ST/STM32CubeIDE_2.0.0/STM32CubeIDE/plugins/com.st.stm32cube.ide.mcu.externaltools.gnu-tools-for-stm32.13.3.rel1.win32_1.0.100.202509120712/tools/bin/../lib/gcc/arm-none-eabi/13.3.1/../../../../arm-none-eabi/lib/thumb/v7e-m+fp/hard\libc_nano.a(libc_a-nano-vfprintf_i.o)
                0x0800957c                _printf_i
 .text.memmove  0x080097b8       0x34 C:/ST/STM32CubeIDE_2.0.0/STM32CubeIDE/plugins/com.st.stm32cube.ide.mcu.externaltools.gnu-tools-for-stm32.13.3.rel1.win32_1.0.100.202509120712/tools/bin/../lib/gcc/arm-none-eabi/13.3.1/../../../../arm-none-eabi/lib/thumb/v7e-m+fp/hard\libc_nano.a(libc_a-memmove.o)
                0x080097b8                memmove
 .text._sbrk_r  0x080097ec       0x20 C:/ST/STM32CubeIDE_2.0.0/STM32CubeIDE/plugins/com.st.stm32cube.ide.mcu.externaltools.gnu-tools-for-stm32.13.3.rel1.win32_1.0.100.202509120712/tools/bin/../lib/gcc/arm-none-eabi/13.3.1/../../../../arm-none-eabi/lib/thumb/v7e-m+fp/hard\libc_nano.a(libc_a-sbrkr.o)
                0x080097ec                _sbrk_r
 .text._realloc_r
                0x0800980c       0x5c C:/ST/STM32CubeIDE_2.0.0/STM32CubeIDE/plugins/com.st.stm32cube.ide.mcu.externaltools.gnu-tools-for-stm32.13.3.rel1.win32_1.0.100.202509120712/tools/bin/../lib/gcc/arm-none-eabi/13.3.1/../../../../arm-none-eabi/lib/thumb/v7e-m+fp/hard\libc_nano.a(libc_a-reallocr.o)
                0x0800980c                _realloc_r
 .text._malloc_usable_size_r
                0x08009868       0x10 C:/ST/STM32CubeIDE_2.0.0/STM32CubeIDE/plugins/com.st.stm32cube.ide.mcu.externaltools.gnu-tools-for-stm32.13.3.rel1.win32_1.0.100.202509120712/tools/bin/../lib/gcc/arm-none-eabi/13.3.1/../../../../arm-none-eabi/lib/thumb/v7e-m+fp/hard\libc_nano.a(libc_a-msizer.o)
                0x08009868                _malloc_usable_size_r
 *(.glue_7)
 .glue_7        0x08009878        0x0 linker stubs
 *(.glue_7t)
 .glue_7t       0x08009878        0x0 linker stubs
 *(.eh_frame)
 .eh_frame      0x08009878        0x0 C:/ST/STM32CubeIDE_2.0.0/STM32CubeIDE/plugins/com.st.stm32cube.ide.mcu.externaltools.gnu-tools-for-stm32.13.3.rel1.win32_1.0.100.202509120712/tools/bin/../lib/gcc/arm-none-eabi/13.3.1/thumb/v7e-m+fp/hard/crtbegin.o
 *(.init)
 .init          0x08009878        0x4 C:/ST/STM32CubeIDE_2.0.0/STM32CubeIDE/plugins/com.st.stm32cube.ide.mcu.externaltools.gnu-tools-for-stm32.13.3.rel1.win32_1.0.100.202509120712/tools/bin/../lib/gcc/arm-none-eabi/13.3.1/thumb/v7e-m+fp/hard/crti.o
                0x08009878                _init
 .init          0x0800987c        0x8 C:/ST/STM32CubeIDE_2.0.0/STM32CubeIDE/plugins/com.st.stm32cube.ide.mcu.externaltools.gnu-tools-for-stm32.13.3.rel1.win32_1.0.100.202509120712/tools/bin/../lib/gcc/arm-none-eabi/13.3.1/thumb/v7e-m+fp/hard/crtn.o
 *(.fini)
 .fini          0x08009884        0x4 C:/ST/STM32CubeIDE_2.0.0/STM32CubeIDE/plugins/com.st.stm32cube.ide.mcu.externaltools.gnu-tools-for-stm32.13.3.rel1.win32_1.0.100.202509120712/tools/bin/../lib/gcc/arm-none-eabi/13.3.1/thumb/v7e-m+fp/hard/crti.o
                0x08009884                _fini
 .fini          0x08009888        0x8 C:/ST/STM32CubeIDE_2.0.0/STM32CubeIDE/plugins/com.st.stm32cube.ide.mcu.externaltools.gnu-tools-for-stm32.13.3.rel1.win32_1.0.100.202509120712/tools/bin/../lib/gcc/arm-none-eabi/13.3.1/thumb/v7e-m+fp/hard/crtn.o
                0x08009890                        . = ALIGN (0x4)
                0x08009890                        _etext = .

.vfp11_veneer   0x08009890        0x0
 .vfp11_veneer  0x08009890        0x0 linker stubs

.v4_bx          0x08009890        0x0
 .v4_bx         0x08009890        0x0 linker stubs

.iplt           0x08009890        0x0
 .iplt          0x08009890        0x0 C:/ST/STM32CubeIDE_2.0.0/STM32CubeIDE/plugins/com.st.stm32cube.ide.mcu.externaltools.gnu-tools-for-stm32.13.3.rel1.win32_1.0.100.202509120712/tools/bin/../lib/gcc/arm-none-eabi/13.3.1/thumb/v7e-m+fp/hard/crtbegin.o

.rodata         0x08009890      0xb2c
                0x08009890                        . = ALIGN (0x4)
 *(.rodata)
 .rodata        0x08009890      0x363 ./Core/Src/optical_slice_app.o
 *fill*         0x08009bf3        0x1 
 .rodata        0x08009bf4      0x140 ./Core/Src/optical_slice_sensors.o
 .rodata        0x08009d34       0x34 ./Core/Src/sc18is604.o
 .rodata        0x08009d68      0x572 ./Core/Src/usart.o
 *(.rodata*)
 *fill*         0x0800a2da        0x2 
 .rodata.VL51L1X_DEFAULT_CONFIGURATION
                0x0800a2dc       0x5b ./Core/Src/VL53L1X_api.o
                0x0800a2dc                VL51L1X_DEFAULT_CONFIGURATION
 *fill*         0x0800a337        0x1 
 .rodata.status_rtn
                0x0800a338       0x18 ./Core/Src/VL53L1X_api.o
 .rodata.AHBPrescTable
                0x0800a350       0x10 ./Core/Src/system_stm32f3xx.o
                0x0800a350                AHBPrescTable
 .rodata.APBPrescTable
                0x0800a360        0x8 ./Core/Src/system_stm32f3xx.o
                0x0800a360                APBPrescTable
 .rodata.aPLLMULFactorTable
                0x0800a368       0x10 ./Drivers/STM32F3xx_HAL_Driver/Src/stm32f3xx_hal_rcc.o
 .rodata.aPredivFactorTable
                0x0800a378       0x10 ./Drivers/STM32F3xx_HAL_Driver/Src/stm32f3xx_hal_rcc.o
 .rodata._svfprintf_r.str1.1
                0x0800a388       0x33 C:/ST/STM32CubeIDE_2.0.0/STM32CubeIDE/plugins/com.st.stm32cube.ide.mcu.externaltools.gnu-tools-for-stm32.13.3.rel1.win32_1.0.100.202509120712/tools/bin/../lib/gcc/arm-none-eabi/13.3.1/../../../../arm-none-eabi/lib/thumb/v7e-m+fp/hard\libc_nano.a(libc_a-nano-svfprintf.o)
                                 0x11 (size before relaxing)
 .rodata._printf_i.str1.1
                0x0800a3bb        0x0 C:/ST/STM32CubeIDE_2.0.0/STM32CubeIDE/plugins/com.st.stm32cube.ide.mcu.externaltools.gnu-tools-for-stm32.13.3.rel1.win32_1.0.100.202509120712/tools/bin/../lib/gcc/arm-none-eabi/13.3.1/../../../../arm-none-eabi/lib/thumb/v7e-m+fp/hard\libc_nano.a(libc_a-nano-vfprintf_i.o)
                                 0x22 (size before relaxing)
                0x0800a3bc                        . = ALIGN (0x4)
 *fill*         0x0800a3bb        0x1 

.ARM.extab      0x0800a3bc        0x0
                0x0800a3bc                        . = ALIGN (0x4)
 *(.ARM.extab* .gnu.linkonce.armextab.*)
                0x0800a3bc                        . = ALIGN (0x4)

.ARM            0x0800a3bc        0x8
                0x0800a3bc                        . = ALIGN (0x4)
                0x0800a3bc                        __exidx_start = .
 *(.ARM.exidx*)
 .ARM.exidx     0x0800a3bc        0x8 C:/ST/STM32CubeIDE_2.0.0/STM32CubeIDE/plugins/com.st.stm32cube.ide.mcu.externaltools.gnu-tools-for-stm32.13.3.rel1.win32_1.0.100.202509120712/tools/bin/../lib/gcc/arm-none-eabi/13.3.1/../../../../arm-none-eabi/lib/thumb/v7e-m+fp/hard\libc_nano.a(libc_a-strlen.o)
 .ARM.exidx     0x0800a3c4        0x0 C:/ST/STM32CubeIDE_2.0.0/STM32CubeIDE/plugins/com.st.stm32cube.ide.mcu.externaltools.gnu-tools-for-stm32.13.3.rel1.win32_1.0.100.202509120712/tools/bin/../lib/gcc/arm-none-eabi/13.3.1/../../../../arm-none-eabi/lib/thumb/v7e-m+fp/hard\libc_nano.a(libc_a-memchr.o)
                                  0x8 (size before relaxing)
                0x0800a3c4                        __exidx_end = .
                0x0800a3c4                        . = ALIGN (0x4)

.preinit_array  0x0800a3c4        0x0
                0x0800a3c4                        . = ALIGN (0x4)
                0x0800a3c4                        PROVIDE (__preinit_array_start = .)
 *(.preinit_array*)
                0x0800a3c4                        PROVIDE (__preinit_array_end = .)
                0x0800a3c4                        . = ALIGN (0x4)

.init_array     0x0800a3c4        0x4
                0x0800a3c4                        . = ALIGN (0x4)
                0x0800a3c4                        PROVIDE (__init_array_start = .)
 *(SORT_BY_NAME(.init_array.*))
 *(.init_array*)
 .init_array    0x0800a3c4        0x4 C:/ST/STM32CubeIDE_2.0.0/STM32CubeIDE/plugins/com.st.stm32cube.ide.mcu.externaltools.gnu-tools-for-stm32.13.3.rel1.win32_1.0.100.202509120712/tools/bin/../lib/gcc/arm-none-eabi/13.3.1/thumb/v7e-m+fp/hard/crtbegin.o
                0x0800a3c8                        PROVIDE (__init_array_end = .)
                0x0800a3c8                        . = ALIGN (0x4)

.fini_array     0x0800a3c8        0x4
                0x0800a3c8                        . = ALIGN (0x4)
                [!provide]                        PROVIDE (__fini_array_start = .)
 *(SORT_BY_NAME(.fini_array.*))
 *(.fini_array*)
 .fini_array    0x0800a3c8        0x4 C:/ST/STM32CubeIDE_2.0.0/STM32CubeIDE/plugins/com.st.stm32cube.ide.mcu.externaltools.gnu-tools-for-stm32.13.3.rel1.win32_1.0.100.202509120712/tools/bin/../lib/gcc/arm-none-eabi/13.3.1/thumb/v7e-m+fp/hard/crtbegin.o
                [!provide]                        PROVIDE (__fini_array_end = .)
                0x0800a3cc                        . = ALIGN (0x4)
                0x0800a3cc                        _sidata = LOADADDR (.data)

.rel.dyn        0x0800a3cc        0x0
 .rel.iplt      0x0800a3cc        0x0 C:/ST/STM32CubeIDE_2.0.0/STM32CubeIDE/plugins/com.st.stm32cube.ide.mcu.externaltools.gnu-tools-for-stm32.13.3.rel1.win32_1.0.100.202509120712/tools/bin/../lib/gcc/arm-none-eabi/13.3.1/thumb/v7e-m+fp/hard/crtbegin.o

.data           0x20000000       0x60 load address 0x0800a3cc
                0x20000000                        . = ALIGN (0x4)
                0x20000000                        _sdata = .
 *(.data)
 *(.data*)
 .data.sc18_last_i2c_status
                0x20000000        0x1 ./Core/Src/sc18is604.o
 .data.sc18_last_i2c_raw_status
                0x20000001        0x1 ./Core/Src/sc18is604.o
 *fill*         0x20000002        0x2 
 .data.SystemCoreClock
                0x20000004        0x4 ./Core/Src/system_stm32f3xx.o
                0x20000004                SystemCoreClock
 .data.uwTickPrio
                0x20000008        0x4 ./Drivers/STM32F3xx_HAL_Driver/Src/stm32f3xx_hal.o
                0x20000008                uwTickPrio
 .data.uwTickFreq
                0x2000000c        0x1 ./Drivers/STM32F3xx_HAL_Driver/Src/stm32f3xx_hal.o
                0x2000000c                uwTickFreq
 *fill*         0x2000000d        0x3 
 .data._impure_ptr
                0x20000010        0x4 C:/ST/STM32CubeIDE_2.0.0/STM32CubeIDE/plugins/com.st.stm32cube.ide.mcu.externaltools.gnu-tools-for-stm32.13.3.rel1.win32_1.0.100.202509120712/tools/bin/../lib/gcc/arm-none-eabi/13.3.1/../../../../arm-none-eabi/lib/thumb/v7e-m+fp/hard\libc_nano.a(libc_a-impure.o)
                0x20000010                _impure_ptr
 .data._impure_data
                0x20000014       0x4c C:/ST/STM32CubeIDE_2.0.0/STM32CubeIDE/plugins/com.st.stm32cube.ide.mcu.externaltools.gnu-tools-for-stm32.13.3.rel1.win32_1.0.100.202509120712/tools/bin/../lib/gcc/arm-none-eabi/13.3.1/../../../../arm-none-eabi/lib/thumb/v7e-m+fp/hard\libc_nano.a(libc_a-impure.o)
                0x20000014                _impure_data
 *(.RamFunc)
 *(.RamFunc*)
                0x20000060                        . = ALIGN (0x4)
                0x20000060                        _edata = .
                0x0800a42c                        _siccmram = LOADADDR (.ccmram)

.igot.plt       0x20000060        0x0 load address 0x0800a42c
 .igot.plt      0x20000060        0x0 C:/ST/STM32CubeIDE_2.0.0/STM32CubeIDE/plugins/com.st.stm32cube.ide.mcu.externaltools.gnu-tools-for-stm32.13.3.rel1.win32_1.0.100.202509120712/tools/bin/../lib/gcc/arm-none-eabi/13.3.1/thumb/v7e-m+fp/hard/crtbegin.o

.ccmram         0x10000000        0x0 load address 0x0800a42c
                0x10000000                        . = ALIGN (0x4)
                0x10000000                        _sccmram = .
 *(.ccmram)
 *(.ccmram*)
                0x10000000                        . = ALIGN (0x4)
                0x10000000                        _eccmram = .
                0x10000000                        . = ALIGN (0x4)

.bss            0x20000060     0x11c0
                0x20000060                        _sbss = .
                0x20000060                        __bss_start__ = _sbss
 *(.bss)
 .bss           0x20000060       0x1c C:/ST/STM32CubeIDE_2.0.0/STM32CubeIDE/plugins/com.st.stm32cube.ide.mcu.externaltools.gnu-tools-for-stm32.13.3.rel1.win32_1.0.100.202509120712/tools/bin/../lib/gcc/arm-none-eabi/13.3.1/thumb/v7e-m+fp/hard/crtbegin.o
 *(.bss*)
 .bss.latest_frame
                0x2000007c       0x1c ./Core/Src/optical_slice_app.o
 .bss.last_reported_frame
                0x20000098       0x1c ./Core/Src/optical_slice_app.o
 .bss.last_report_ms
                0x200000b4        0x4 ./Core/Src/optical_slice_app.o
 .bss.last_health_report_ms
                0x200000b8        0x4 ./Core/Src/optical_slice_app.o
 .bss.last_report_valid
                0x200000bc        0x1 ./Core/Src/optical_slice_app.o
 .bss.sc18_irq_pending
                0x200000bd        0x1 ./Core/Src/optical_slice_app.o
 *fill*         0x200000be        0x2 
 .bss.rxBuffer  0x200000c0      0x400 ./Core/Src/optical_slice_app.o
                0x200000c0                rxBuffer
 .bss.sensor_table
                0x200004c0       0x50 ./Core/Src/optical_slice_sensors.o
 .bss.bridge_recovery_required
                0x20000510        0x1 ./Core/Src/optical_slice_sensors.o
 *fill*         0x20000511        0x3 
 .bss.last_bridge_probe_ms
                0x20000514        0x4 ./Core/Src/optical_slice_sensors.o
 .bss.last_bh1750_sample_ms
                0x20000518        0x4 ./Core/Src/optical_slice_sensors.o
 .bss.last_bh1750_good_ms
                0x2000051c        0x4 ./Core/Src/optical_slice_sensors.o
 .bss.last_vl53_good_ms
                0x20000520        0x4 ./Core/Src/optical_slice_sensors.o
 .bss.last_wondercam_sample_ms
                0x20000524        0x4 ./Core/Src/optical_slice_sensors.o
 .bss.last_wondercam_good_ms
                0x20000528        0x4 ./Core/Src/optical_slice_sensors.o
 .bss.cached_ambient_lux_x10
                0x2000052c        0x2 ./Core/Src/optical_slice_sensors.o
 .bss.cached_dark_detected
                0x2000052e        0x1 ./Core/Src/optical_slice_sensors.o
 *fill*         0x2000052f        0x1 
 .bss.cached_vl53_distance_mm
                0x20000530        0x2 ./Core/Src/optical_slice_sensors.o
 .bss.cached_vl53_range_status
                0x20000532        0x1 ./Core/Src/optical_slice_sensors.o
 .bss.cached_wondercam_online
                0x20000533        0x1 ./Core/Src/optical_slice_sensors.o
 .bss.cached_wondercam_class_id
                0x20000534        0x1 ./Core/Src/optical_slice_sensors.o
 *fill*         0x20000535        0x1 
 .bss.cached_wondercam_conf_x10000
                0x20000536        0x2 ./Core/Src/optical_slice_sensors.o
 .bss.cached_wondercam_raw_class_id
                0x20000538        0x1 ./Core/Src/optical_slice_sensors.o
 .bss.wondercam_candidate_class_id
                0x20000539        0x1 ./Core/Src/optical_slice_sensors.o
 .bss.wondercam_candidate_conf_x10000
                0x2000053a        0x2 ./Core/Src/optical_slice_sensors.o
 .bss.wondercam_candidate_streak
                0x2000053c        0x1 ./Core/Src/optical_slice_sensors.o
 .bss.cached_presence_detected
                0x2000053d        0x1 ./Core/Src/optical_slice_sensors.o
 .bss.cached_motion_detected
                0x2000053e        0x1 ./Core/Src/optical_slice_sensors.o
 .bss.laser_last_signal_detected
                0x2000053f        0x1 ./Core/Src/optical_slice_sensors.o
 .bss.laser_transition_seen
                0x20000540        0x1 ./Core/Src/optical_slice_sensors.o
 *fill*         0x20000541        0x3 
 .bss.laser_state_since_ms
                0x20000544        0x4 ./Core/Src/optical_slice_sensors.o
 .bss.laser_last_transition_ms
                0x20000548        0x4 ./Core/Src/optical_slice_sensors.o
 .bss.laser_tx_state
                0x2000054c        0x1 ./Core/Src/optical_slice_sensors.o
 .bss.wondercam_diag_code
                0x2000054d        0x1 ./Core/Src/optical_slice_sensors.o
 *fill*         0x2000054e        0x2 
 .bss.runtime_config
                0x20000550        0xa ./Core/Src/optical_slice_sensors.o
 *fill*         0x2000055a        0x2 
 .bss.runtime_diag
                0x2000055c       0x2c ./Core/Src/optical_slice_sensors.o
 .bss.sc18_ready
                0x20000588        0x1 ./Core/Src/sc18is604.o
 *fill*         0x20000589        0x3 
 .bss.hspi1     0x2000058c       0x64 ./Core/Src/spi.o
                0x2000058c                hspi1
 .bss.__sbrk_heap_end
                0x200005f0        0x4 ./Core/Src/sysmem.o
 .bss.master_link_latest_frame
                0x200005f4       0x1c ./Core/Src/usart.o
 .bss.master_link_status_packet
                0x20000610      0x180 ./Core/Src/usart.o
 .bss.master_link_config_packet
                0x20000790      0x140 ./Core/Src/usart.o
 .bss.master_link_diag_packet
                0x200008d0      0x280 ./Core/Src/usart.o
 .bss.master_link_status_length
                0x20000b50        0x2 ./Core/Src/usart.o
 .bss.master_link_config_length
                0x20000b52        0x2 ./Core/Src/usart.o
 .bss.master_link_diag_length
                0x20000b54        0x2 ./Core/Src/usart.o
 .bss.master_link_initialized
                0x20000b56        0x1 ./Core/Src/usart.o
 .bss.master_link_rx_enabled
                0x20000b57        0x1 ./Core/Src/usart.o
 .bss.master_link_rx_byte
                0x20000b58        0x1 ./Core/Src/usart.o
 .bss.master_link_waiting_for_slot_id
                0x20000b59        0x1 ./Core/Src/usart.o
 *fill*         0x20000b5a        0x2 
 .bss.master_link_last_activity_ms
                0x20000b5c        0x4 ./Core/Src/usart.o
 .bss.master_link_tx_count
                0x20000b60        0x4 ./Core/Src/usart.o
 .bss.master_link_rx_count
                0x20000b64        0x4 ./Core/Src/usart.o
 .bss.master_link_error_count
                0x20000b68        0x4 ./Core/Src/usart.o
 .bss.master_link_selected_view
                0x20000b6c        0x1 ./Core/Src/usart.o
 .bss.master_link_command_length
                0x20000b6d        0x1 ./Core/Src/usart.o
 *fill*         0x20000b6e        0x2 
 .bss.rxBuffers
                0x20000b70      0x400 ./Core/Src/usart.o
                0x20000b70                rxBuffers
 .bss.huart1    0x20000f70       0x88 ./Core/Src/usart.o
                0x20000f70                huart1
 .bss.huart2    0x20000ff8       0x88 ./Core/Src/usart.o
                0x20000ff8                huart2
 .bss.hdma_usart1_rx
                0x20001080       0x44 ./Core/Src/usart.o
                0x20001080                hdma_usart1_rx
 .bss.vl53_info
                0x200010c4        0xe ./Core/Src/vl53l1x_bridge.o
 *fill*         0x200010d2        0x2 
 .bss.uwTick    0x200010d4        0x4 ./Drivers/STM32F3xx_HAL_Driver/Src/stm32f3xx_hal.o
                0x200010d4                uwTick
 .bss.__sf      0x200010d8      0x138 C:/ST/STM32CubeIDE_2.0.0/STM32CubeIDE/plugins/com.st.stm32cube.ide.mcu.externaltools.gnu-tools-for-stm32.13.3.rel1.win32_1.0.100.202509120712/tools/bin/../lib/gcc/arm-none-eabi/13.3.1/../../../../arm-none-eabi/lib/thumb/v7e-m+fp/hard\libc_nano.a(libc_a-findfp.o)
                0x200010d8                __sf
 .bss.errno     0x20001210        0x4 C:/ST/STM32CubeIDE_2.0.0/STM32CubeIDE/plugins/com.st.stm32cube.ide.mcu.externaltools.gnu-tools-for-stm32.13.3.rel1.win32_1.0.100.202509120712/tools/bin/../lib/gcc/arm-none-eabi/13.3.1/../../../../arm-none-eabi/lib/thumb/v7e-m+fp/hard\libc_nano.a(libc_a-reent.o)
                0x20001210                errno
 .bss.__lock___malloc_recursive_mutex
                0x20001214        0x1 C:/ST/STM32CubeIDE_2.0.0/STM32CubeIDE/plugins/com.st.stm32cube.ide.mcu.externaltools.gnu-tools-for-stm32.13.3.rel1.win32_1.0.100.202509120712/tools/bin/../lib/gcc/arm-none-eabi/13.3.1/../../../../arm-none-eabi/lib/thumb/v7e-m+fp/hard\libc_nano.a(libc_a-lock.o)
                0x20001214                __lock___malloc_recursive_mutex
 *fill*         0x20001215        0x3 
 .bss.__malloc_sbrk_start
                0x20001218        0x4 C:/ST/STM32CubeIDE_2.0.0/STM32CubeIDE/plugins/com.st.stm32cube.ide.mcu.externaltools.gnu-tools-for-stm32.13.3.rel1.win32_1.0.100.202509120712/tools/bin/../lib/gcc/arm-none-eabi/13.3.1/../../../../arm-none-eabi/lib/thumb/v7e-m+fp/hard\libc_nano.a(libc_a-mallocr.o)
                0x20001218                __malloc_sbrk_start
 .bss.__malloc_free_list
                0x2000121c        0x4 C:/ST/STM32CubeIDE_2.0.0/STM32CubeIDE/plugins/com.st.stm32cube.ide.mcu.externaltools.gnu-tools-for-stm32.13.3.rel1.win32_1.0.100.202509120712/tools/bin/../lib/gcc/arm-none-eabi/13.3.1/../../../../arm-none-eabi/lib/thumb/v7e-m+fp/hard\libc_nano.a(libc_a-mallocr.o)
                0x2000121c                __malloc_free_list
 *(COMMON)
                0x20001220                        . = ALIGN (0x4)
                0x20001220                        _ebss = .
                0x20001220                        __bss_end__ = _ebss

._user_heap_stack
                0x20001220      0x600
                0x20001220                        . = ALIGN (0x8)
                [!provide]                        PROVIDE (end = .)
                0x20001220                        PROVIDE (_end = .)
                0x20001420                        . = (. + _Min_Heap_Size)
 *fill*         0x20001220      0x200 
                0x20001820                        . = (. + _Min_Stack_Size)
 *fill*         0x20001420      0x400 
                0x20001820                        . = ALIGN (0x8)

/DISCARD/
 libc.a(*)
 libm.a(*)
 libgcc.a(*)

.ARM.attributes
                0x00000000       0x30
 *(.ARM.attributes)
 .ARM.attributes
                0x00000000       0x22 C:/ST/STM32CubeIDE_2.0.0/STM32CubeIDE/plugins/com.st.stm32cube.ide.mcu.externaltools.gnu-tools-for-stm32.13.3.rel1.win32_1.0.100.202509120712/tools/bin/../lib/gcc/arm-none-eabi/13.3.1/thumb/v7e-m+fp/hard/crti.o
 .ARM.attributes
                0x00000022       0x34 C:/ST/STM32CubeIDE_2.0.0/STM32CubeIDE/plugins/com.st.stm32cube.ide.mcu.externaltools.gnu-tools-for-stm32.13.3.rel1.win32_1.0.100.202509120712/tools/bin/../lib/gcc/arm-none-eabi/13.3.1/thumb/v7e-m+fp/hard/crtbegin.o
 .ARM.attributes
                0x00000056       0x34 ./Core/Src/VL53L1X_api.o
 .ARM.attributes
                0x0000008a       0x34 ./Core/Src/dma.o
 .ARM.attributes
                0x000000be       0x34 ./Core/Src/gpio.o
 .ARM.attributes
                0x000000f2       0x34 ./Core/Src/main.o
 .ARM.attributes
                0x00000126       0x34 ./Core/Src/optical_slice_app.o
 .ARM.attributes
                0x0000015a       0x34 ./Core/Src/optical_slice_sensors.o
 .ARM.attributes
                0x0000018e       0x34 ./Core/Src/sc18is604.o
 .ARM.attributes
                0x000001c2       0x34 ./Core/Src/spi.o
 .ARM.attributes
                0x000001f6       0x34 ./Core/Src/stm32f3xx_hal_msp.o
 .ARM.attributes
                0x0000022a       0x34 ./Core/Src/stm32f3xx_it.o
 .ARM.attributes
                0x0000025e       0x34 ./Core/Src/sysmem.o
 .ARM.attributes
                0x00000292       0x34 ./Core/Src/system_stm32f3xx.o
 .ARM.attributes
                0x000002c6       0x34 ./Core/Src/usart.o
 .ARM.attributes
                0x000002fa       0x34 ./Core/Src/vl53l1_platform.o
 .ARM.attributes
                0x0000032e       0x34 ./Core/Src/vl53l1x_bridge.o
 .ARM.attributes
                0x00000362       0x21 ./Core/Startup/startup_stm32f303k8tx.o
 .ARM.attributes
                0x00000383       0x34 ./Drivers/STM32F3xx_HAL_Driver/Src/stm32f3xx_hal.o
 .ARM.attributes
                0x000003b7       0x34 ./Drivers/STM32F3xx_HAL_Driver/Src/stm32f3xx_hal_cortex.o
 .ARM.attributes
                0x000003eb       0x34 ./Drivers/STM32F3xx_HAL_Driver/Src/stm32f3xx_hal_dma.o
 .ARM.attributes
                0x0000041f       0x34 ./Drivers/STM32F3xx_HAL_Driver/Src/stm32f3xx_hal_gpio.o
 .ARM.attributes
                0x00000453       0x34 ./Drivers/STM32F3xx_HAL_Driver/Src/stm32f3xx_hal_rcc.o
 .ARM.attributes
                0x00000487       0x34 ./Drivers/STM32F3xx_HAL_Driver/Src/stm32f3xx_hal_rcc_ex.o
 .ARM.attributes
                0x000004bb       0x34 ./Drivers/STM32F3xx_HAL_Driver/Src/stm32f3xx_hal_spi.o
 .ARM.attributes
                0x000004ef       0x34 ./Drivers/STM32F3xx_HAL_Driver/Src/stm32f3xx_hal_uart.o
 .ARM.attributes
                0x00000523       0x34 ./Drivers/STM32F3xx_HAL_Driver/Src/stm32f3xx_hal_uart_ex.o
 .ARM.attributes
                0x00000557       0x34 C:/ST/STM32CubeIDE_2.0.0/STM32CubeIDE/plugins/com.st.stm32cube.ide.mcu.externaltools.gnu-tools-for-stm32.13.3.rel1.win32_1.0.100.202509120712/tools/bin/../lib/gcc/arm-none-eabi/13.3.1/../../../../arm-none-eabi/lib/thumb/v7e-m+fp/hard\libc_nano.a(libc_a-findfp.o)
 .ARM.attributes
                0x0000058b       0x34 C:/ST/STM32CubeIDE_2.0.0/STM32CubeIDE/plugins/com.st.stm32cube.ide.mcu.externaltools.gnu-tools-for-stm32.13.3.rel1.win32_1.0.100.202509120712/tools/bin/../lib/gcc/arm-none-eabi/13.3.1/../../../../arm-none-eabi/lib/thumb/v7e-m+fp/hard\libc_nano.a(libc_a-snprintf.o)
 .ARM.attributes
                0x000005bf       0x34 C:/ST/STM32CubeIDE_2.0.0/STM32CubeIDE/plugins/com.st.stm32cube.ide.mcu.externaltools.gnu-tools-for-stm32.13.3.rel1.win32_1.0.100.202509120712/tools/bin/../lib/gcc/arm-none-eabi/13.3.1/../../../../arm-none-eabi/lib/thumb/v7e-m+fp/hard\libc_nano.a(libc_a-vsnprintf.o)
 .ARM.attributes
                0x000005f3       0x34 C:/ST/STM32CubeIDE_2.0.0/STM32CubeIDE/plugins/com.st.stm32cube.ide.mcu.externaltools.gnu-tools-for-stm32.13.3.rel1.win32_1.0.100.202509120712/tools/bin/../lib/gcc/arm-none-eabi/13.3.1/../../../../arm-none-eabi/lib/thumb/v7e-m+fp/hard\libc_nano.a(libc_a-memset.o)
 .ARM.attributes
                0x00000627       0x34 C:/ST/STM32CubeIDE_2.0.0/STM32CubeIDE/plugins/com.st.stm32cube.ide.mcu.externaltools.gnu-tools-for-stm32.13.3.rel1.win32_1.0.100.202509120712/tools/bin/../lib/gcc/arm-none-eabi/13.3.1/../../../../arm-none-eabi/lib/thumb/v7e-m+fp/hard\libc_nano.a(libc_a-strncpy.o)
 .ARM.attributes
                0x0000065b       0x34 C:/ST/STM32CubeIDE_2.0.0/STM32CubeIDE/plugins/com.st.stm32cube.ide.mcu.externaltools.gnu-tools-for-stm32.13.3.rel1.win32_1.0.100.202509120712/tools/bin/../lib/gcc/arm-none-eabi/13.3.1/../../../../arm-none-eabi/lib/thumb/v7e-m+fp/hard\libc_nano.a(libc_a-reent.o)
 .ARM.attributes
                0x0000068f       0x34 C:/ST/STM32CubeIDE_2.0.0/STM32CubeIDE/plugins/com.st.stm32cube.ide.mcu.externaltools.gnu-tools-for-stm32.13.3.rel1.win32_1.0.100.202509120712/tools/bin/../lib/gcc/arm-none-eabi/13.3.1/../../../../arm-none-eabi/lib/thumb/v7e-m+fp/hard\libc_nano.a(libc_a-impure.o)
 .ARM.attributes
                0x000006c3       0x34 C:/ST/STM32CubeIDE_2.0.0/STM32CubeIDE/plugins/com.st.stm32cube.ide.mcu.externaltools.gnu-tools-for-stm32.13.3.rel1.win32_1.0.100.202509120712/tools/bin/../lib/gcc/arm-none-eabi/13.3.1/../../../../arm-none-eabi/lib/thumb/v7e-m+fp/hard\libc_nano.a(libc_a-errno.o)
 .ARM.attributes
                0x000006f7       0x34 C:/ST/STM32CubeIDE_2.0.0/STM32CubeIDE/plugins/com.st.stm32cube.ide.mcu.externaltools.gnu-tools-for-stm32.13.3.rel1.win32_1.0.100.202509120712/tools/bin/../lib/gcc/arm-none-eabi/13.3.1/../../../../arm-none-eabi/lib/thumb/v7e-m+fp/hard\libc_nano.a(libc_a-init.o)
 .ARM.attributes
                0x0000072b       0x34 C:/ST/STM32CubeIDE_2.0.0/STM32CubeIDE/plugins/com.st.stm32cube.ide.mcu.externaltools.gnu-tools-for-stm32.13.3.rel1.win32_1.0.100.202509120712/tools/bin/../lib/gcc/arm-none-eabi/13.3.1/../../../../arm-none-eabi/lib/thumb/v7e-m+fp/hard\libc_nano.a(libc_a-lock.o)
 .ARM.attributes
                0x0000075f       0x34 C:/ST/STM32CubeIDE_2.0.0/STM32CubeIDE/plugins/com.st.stm32cube.ide.mcu.externaltools.gnu-tools-for-stm32.13.3.rel1.win32_1.0.100.202509120712/tools/bin/../lib/gcc/arm-none-eabi/13.3.1/../../../../arm-none-eabi/lib/thumb/v7e-m+fp/hard\libc_nano.a(libc_a-memcpy-stub.o)
 .ARM.attributes
                0x00000793       0x17 C:/ST/STM32CubeIDE_2.0.0/STM32CubeIDE/plugins/com.st.stm32cube.ide.mcu.externaltools.gnu-tools-for-stm32.13.3.rel1.win32_1.0.100.202509120712/tools/bin/../lib/gcc/arm-none-eabi/13.3.1/../../../../arm-none-eabi/lib/thumb/v7e-m+fp/hard\libc_nano.a(libc_a-strlen.o)
 .ARM.attributes
                0x000007aa       0x34 C:/ST/STM32CubeIDE_2.0.0/STM32CubeIDE/plugins/com.st.stm32cube.ide.mcu.externaltools.gnu-tools-for-stm32.13.3.rel1.win32_1.0.100.202509120712/tools/bin/../lib/gcc/arm-none-eabi/13.3.1/../../../../arm-none-eabi/lib/thumb/v7e-m+fp/hard\libc_nano.a(libc_a-freer.o)
 .ARM.attributes
                0x000007de       0x34 C:/ST/STM32CubeIDE_2.0.0/STM32CubeIDE/plugins/com.st.stm32cube.ide.mcu.externaltools.gnu-tools-for-stm32.13.3.rel1.win32_1.0.100.202509120712/tools/bin/../lib/gcc/arm-none-eabi/13.3.1/../../../../arm-none-eabi/lib/thumb/v7e-m+fp/hard\libc_nano.a(libc_a-mallocr.o)
 .ARM.attributes
                0x00000812       0x34 C:/ST/STM32CubeIDE_2.0.0/STM32CubeIDE/plugins/com.st.stm32cube.ide.mcu.externaltools.gnu-tools-for-stm32.13.3.rel1.win32_1.0.100.202509120712/tools/bin/../lib/gcc/arm-none-eabi/13.3.1/../../../../arm-none-eabi/lib/thumb/v7e-m+fp/hard\libc_nano.a(libc_a-mlock.o)
 .ARM.attributes
                0x00000846       0x34 C:/ST/STM32CubeIDE_2.0.0/STM32CubeIDE/plugins/com.st.stm32cube.ide.mcu.externaltools.gnu-tools-for-stm32.13.3.rel1.win32_1.0.100.202509120712/tools/bin/../lib/gcc/arm-none-eabi/13.3.1/../../../../arm-none-eabi/lib/thumb/v7e-m+fp/hard\libc_nano.a(libc_a-nano-svfprintf.o)
 .ARM.attributes
                0x0000087a       0x34 C:/ST/STM32CubeIDE_2.0.0/STM32CubeIDE/plugins/com.st.stm32cube.ide.mcu.externaltools.gnu-tools-for-stm32.13.3.rel1.win32_1.0.100.202509120712/tools/bin/../lib/gcc/arm-none-eabi/13.3.1/../../../../arm-none-eabi/lib/thumb/v7e-m+fp/hard\libc_nano.a(libc_a-nano-vfprintf_i.o)
 .ARM.attributes
                0x000008ae       0x34 C:/ST/STM32CubeIDE_2.0.0/STM32CubeIDE/plugins/com.st.stm32cube.ide.mcu.externaltools.gnu-tools-for-stm32.13.3.rel1.win32_1.0.100.202509120712/tools/bin/../lib/gcc/arm-none-eabi/13.3.1/../../../../arm-none-eabi/lib/thumb/v7e-m+fp/hard\libc_nano.a(libc_a-memmove.o)
 .ARM.attributes
                0x000008e2       0x34 C:/ST/STM32CubeIDE_2.0.0/STM32CubeIDE/plugins/com.st.stm32cube.ide.mcu.externaltools.gnu-tools-for-stm32.13.3.rel1.win32_1.0.100.202509120712/tools/bin/../lib/gcc/arm-none-eabi/13.3.1/../../../../arm-none-eabi/lib/thumb/v7e-m+fp/hard\libc_nano.a(libc_a-sbrkr.o)
 .ARM.attributes
                0x00000916       0x1c C:/ST/STM32CubeIDE_2.0.0/STM32CubeIDE/plugins/com.st.stm32cube.ide.mcu.externaltools.gnu-tools-for-stm32.13.3.rel1.win32_1.0.100.202509120712/tools/bin/../lib/gcc/arm-none-eabi/13.3.1/../../../../arm-none-eabi/lib/thumb/v7e-m+fp/hard\libc_nano.a(libc_a-memchr.o)
 .ARM.attributes
                0x00000932       0x34 C:/ST/STM32CubeIDE_2.0.0/STM32CubeIDE/plugins/com.st.stm32cube.ide.mcu.externaltools.gnu-tools-for-stm32.13.3.rel1.win32_1.0.100.202509120712/tools/bin/../lib/gcc/arm-none-eabi/13.3.1/../../../../arm-none-eabi/lib/thumb/v7e-m+fp/hard\libc_nano.a(libc_a-reallocr.o)
 .ARM.attributes
                0x00000966       0x34 C:/ST/STM32CubeIDE_2.0.0/STM32CubeIDE/plugins/com.st.stm32cube.ide.mcu.externaltools.gnu-tools-for-stm32.13.3.rel1.win32_1.0.100.202509120712/tools/bin/../lib/gcc/arm-none-eabi/13.3.1/../../../../arm-none-eabi/lib/thumb/v7e-m+fp/hard\libc_nano.a(libc_a-msizer.o)
 .ARM.attributes
                0x0000099a       0x22 C:/ST/STM32CubeIDE_2.0.0/STM32CubeIDE/plugins/com.st.stm32cube.ide.mcu.externaltools.gnu-tools-for-stm32.13.3.rel1.win32_1.0.100.202509120712/tools/bin/../lib/gcc/arm-none-eabi/13.3.1/thumb/v7e-m+fp/hard\libgcc.a(_arm_addsubdf3.o)
 .ARM.attributes
                0x000009bc       0x22 C:/ST/STM32CubeIDE_2.0.0/STM32CubeIDE/plugins/com.st.stm32cube.ide.mcu.externaltools.gnu-tools-for-stm32.13.3.rel1.win32_1.0.100.202509120712/tools/bin/../lib/gcc/arm-none-eabi/13.3.1/thumb/v7e-m+fp/hard\libgcc.a(_arm_muldivdf3.o)
 .ARM.attributes
                0x000009de       0x22 C:/ST/STM32CubeIDE_2.0.0/STM32CubeIDE/plugins/com.st.stm32cube.ide.mcu.externaltools.gnu-tools-for-stm32.13.3.rel1.win32_1.0.100.202509120712/tools/bin/../lib/gcc/arm-none-eabi/13.3.1/thumb/v7e-m+fp/hard\libgcc.a(_arm_fixunsdfsi.o)
 .ARM.attributes
                0x00000a00       0x22 C:/ST/STM32CubeIDE_2.0.0/STM32CubeIDE/plugins/com.st.stm32cube.ide.mcu.externaltools.gnu-tools-for-stm32.13.3.rel1.win32_1.0.100.202509120712/tools/bin/../lib/gcc/arm-none-eabi/13.3.1/thumb/v7e-m+fp/hard/crtn.o
OUTPUT(Optical Slice.elf elf32-littlearm)
LOAD linker stubs
LOAD C:/ST/STM32CubeIDE_2.0.0/STM32CubeIDE/plugins/com.st.stm32cube.ide.mcu.externaltools.gnu-tools-for-stm32.13.3.rel1.win32_1.0.100.202509120712/tools/bin/../lib/gcc/arm-none-eabi/13.3.1/../../../../arm-none-eabi/lib/thumb/v7e-m+fp/hard\libc.a
LOAD C:/ST/STM32CubeIDE_2.0.0/STM32CubeIDE/plugins/com.st.stm32cube.ide.mcu.externaltools.gnu-tools-for-stm32.13.3.rel1.win32_1.0.100.202509120712/tools/bin/../lib/gcc/arm-none-eabi/13.3.1/../../../../arm-none-eabi/lib/thumb/v7e-m+fp/hard\libm.a
LOAD C:/ST/STM32CubeIDE_2.0.0/STM32CubeIDE/plugins/com.st.stm32cube.ide.mcu.externaltools.gnu-tools-for-stm32.13.3.rel1.win32_1.0.100.202509120712/tools/bin/../lib/gcc/arm-none-eabi/13.3.1/thumb/v7e-m+fp/hard\libgcc.a

.debug_info     0x00000000    0x11d56
 .debug_info    0x00000000     0x1105 ./Core/Src/VL53L1X_api.o
 .debug_info    0x00001105      0x2f3 ./Core/Src/dma.o
 .debug_info    0x000013f8      0x321 ./Core/Src/gpio.o
 .debug_info    0x00001719      0x357 ./Core/Src/main.o
 .debug_info    0x00001a70     0x128a ./Core/Src/optical_slice_app.o
 .debug_info    0x00002cfa     0x181a ./Core/Src/optical_slice_sensors.o
 .debug_info    0x00004514      0xec2 ./Core/Src/sc18is604.o
 .debug_info    0x000053d6      0x839 ./Core/Src/spi.o
 .debug_info    0x00005c0f      0x18d ./Core/Src/stm32f3xx_hal_msp.o
 .debug_info    0x00005d9c      0x719 ./Core/Src/stm32f3xx_it.o
 .debug_info    0x000064b5      0x168 ./Core/Src/sysmem.o
 .debug_info    0x0000661d      0x407 ./Core/Src/system_stm32f3xx.o
 .debug_info    0x00006a24     0x149c ./Core/Src/usart.o
 .debug_info    0x00007ec0      0x4f0 ./Core/Src/vl53l1_platform.o
 .debug_info    0x000083b0      0x418 ./Core/Src/vl53l1x_bridge.o
 .debug_info    0x000087c8       0x30 ./Core/Startup/startup_stm32f303k8tx.o
 .debug_info    0x000087f8      0x74a ./Drivers/STM32F3xx_HAL_Driver/Src/stm32f3xx_hal.o
 .debug_info    0x00008f42      0xa87 ./Drivers/STM32F3xx_HAL_Driver/Src/stm32f3xx_hal_cortex.o
 .debug_info    0x000099c9      0x6e1 ./Drivers/STM32F3xx_HAL_Driver/Src/stm32f3xx_hal_dma.o
 .debug_info    0x0000a0aa      0x6a6 ./Drivers/STM32F3xx_HAL_Driver/Src/stm32f3xx_hal_gpio.o
 .debug_info    0x0000a750     0x148a ./Drivers/STM32F3xx_HAL_Driver/Src/stm32f3xx_hal_rcc.o
 .debug_info    0x0000bbda      0x52e ./Drivers/STM32F3xx_HAL_Driver/Src/stm32f3xx_hal_rcc_ex.o
 .debug_info    0x0000c108     0x160a ./Drivers/STM32F3xx_HAL_Driver/Src/stm32f3xx_hal_spi.o
 .debug_info    0x0000d712     0x39a8 ./Drivers/STM32F3xx_HAL_Driver/Src/stm32f3xx_hal_uart.o
 .debug_info    0x000110ba      0xc9c ./Drivers/STM32F3xx_HAL_Driver/Src/stm32f3xx_hal_uart_ex.o

.debug_abbrev   0x00000000     0x31d5
 .debug_abbrev  0x00000000      0x19d ./Core/Src/VL53L1X_api.o
 .debug_abbrev  0x0000019d       0xfc ./Core/Src/dma.o
 .debug_abbrev  0x00000299      0x151 ./Core/Src/gpio.o
 .debug_abbrev  0x000003ea      0x192 ./Core/Src/main.o
 .debug_abbrev  0x0000057c      0x356 ./Core/Src/optical_slice_app.o
 .debug_abbrev  0x000008d2      0x3fd ./Core/Src/optical_slice_sensors.o
 .debug_abbrev  0x00000ccf      0x2b9 ./Core/Src/sc18is604.o
 .debug_abbrev  0x00000f88      0x1f1 ./Core/Src/spi.o
 .debug_abbrev  0x00001179       0xc6 ./Core/Src/stm32f3xx_hal_msp.o
 .debug_abbrev  0x0000123f      0x175 ./Core/Src/stm32f3xx_it.o
 .debug_abbrev  0x000013b4       0xbc ./Core/Src/sysmem.o
 .debug_abbrev  0x00001470      0x11a ./Core/Src/system_stm32f3xx.o
 .debug_abbrev  0x0000158a      0x3aa ./Core/Src/usart.o
 .debug_abbrev  0x00001934      0x130 ./Core/Src/vl53l1_platform.o
 .debug_abbrev  0x00001a64      0x14f ./Core/Src/vl53l1x_bridge.o
 .debug_abbrev  0x00001bb3       0x24 ./Core/Startup/startup_stm32f303k8tx.o
 .debug_abbrev  0x00001bd7      0x215 ./Drivers/STM32F3xx_HAL_Driver/Src/stm32f3xx_hal.o
 .debug_abbrev  0x00001dec      0x2f8 ./Drivers/STM32F3xx_HAL_Driver/Src/stm32f3xx_hal_cortex.o
 .debug_abbrev  0x000020e4      0x20d ./Drivers/STM32F3xx_HAL_Driver/Src/stm32f3xx_hal_dma.o
 .debug_abbrev  0x000022f1      0x1ca ./Drivers/STM32F3xx_HAL_Driver/Src/stm32f3xx_hal_gpio.o
 .debug_abbrev  0x000024bb      0x300 ./Drivers/STM32F3xx_HAL_Driver/Src/stm32f3xx_hal_rcc.o
 .debug_abbrev  0x000027bb      0x221 ./Drivers/STM32F3xx_HAL_Driver/Src/stm32f3xx_hal_rcc_ex.o
 .debug_abbrev  0x000029dc      0x269 ./Drivers/STM32F3xx_HAL_Driver/Src/stm32f3xx_hal_spi.o
 .debug_abbrev  0x00002c45      0x2d1 ./Drivers/STM32F3xx_HAL_Driver/Src/stm32f3xx_hal_uart.o
 .debug_abbrev  0x00002f16      0x2bf ./Drivers/STM32F3xx_HAL_Driver/Src/stm32f3xx_hal_uart_ex.o

.debug_aranges  0x00000000      0xee0
 .debug_aranges
                0x00000000      0x168 ./Core/Src/VL53L1X_api.o
 .debug_aranges
                0x00000168       0x20 ./Core/Src/dma.o
 .debug_aranges
                0x00000188       0x20 ./Core/Src/gpio.o
 .debug_aranges
                0x000001a8       0x30 ./Core/Src/main.o
 .debug_aranges
                0x000001d8       0xc0 ./Core/Src/optical_slice_app.o
 .debug_aranges
                0x00000298      0x138 ./Core/Src/optical_slice_sensors.o
 .debug_aranges
                0x000003d0       0xb0 ./Core/Src/sc18is604.o
 .debug_aranges
                0x00000480       0x30 ./Core/Src/spi.o
 .debug_aranges
                0x000004b0       0x20 ./Core/Src/stm32f3xx_hal_msp.o
 .debug_aranges
                0x000004d0       0x70 ./Core/Src/stm32f3xx_it.o
 .debug_aranges
                0x00000540       0x20 ./Core/Src/sysmem.o
 .debug_aranges
                0x00000560       0x28 ./Core/Src/system_stm32f3xx.o
 .debug_aranges
                0x00000588       0xa8 ./Core/Src/usart.o
 .debug_aranges
                0x00000630       0x68 ./Core/Src/vl53l1_platform.o
 .debug_aranges
                0x00000698       0x30 ./Core/Src/vl53l1x_bridge.o
 .debug_aranges
                0x000006c8       0x28 ./Core/Startup/startup_stm32f303k8tx.o
 .debug_aranges
                0x000006f0       0xe0 ./Drivers/STM32F3xx_HAL_Driver/Src/stm32f3xx_hal.o
 .debug_aranges
                0x000007d0      0x100 ./Drivers/STM32F3xx_HAL_Driver/Src/stm32f3xx_hal_cortex.o
 .debug_aranges
                0x000008d0       0x88 ./Drivers/STM32F3xx_HAL_Driver/Src/stm32f3xx_hal_dma.o
 .debug_aranges
                0x00000958       0x58 ./Drivers/STM32F3xx_HAL_Driver/Src/stm32f3xx_hal_gpio.o
 .debug_aranges
                0x000009b0       0x88 ./Drivers/STM32F3xx_HAL_Driver/Src/stm32f3xx_hal_rcc.o
 .debug_aranges
                0x00000a38       0x38 ./Drivers/STM32F3xx_HAL_Driver/Src/stm32f3xx_hal_rcc_ex.o
 .debug_aranges
                0x00000a70      0x1d8 ./Drivers/STM32F3xx_HAL_Driver/Src/stm32f3xx_hal_spi.o
 .debug_aranges
                0x00000c48      0x228 ./Drivers/STM32F3xx_HAL_Driver/Src/stm32f3xx_hal_uart.o
 .debug_aranges
                0x00000e70       0x70 ./Drivers/STM32F3xx_HAL_Driver/Src/stm32f3xx_hal_uart_ex.o

.debug_rnglists
                0x00000000      0xb53
 .debug_rnglists
                0x00000000      0x116 ./Core/Src/VL53L1X_api.o
 .debug_rnglists
                0x00000116       0x13 ./Core/Src/dma.o
 .debug_rnglists
                0x00000129       0x14 ./Core/Src/gpio.o
 .debug_rnglists
                0x0000013d       0x20 ./Core/Src/main.o
 .debug_rnglists
                0x0000015d       0x95 ./Core/Src/optical_slice_app.o
 .debug_rnglists
                0x000001f2       0xef ./Core/Src/optical_slice_sensors.o
 .debug_rnglists
                0x000002e1       0x85 ./Core/Src/sc18is604.o
 .debug_rnglists
                0x00000366       0x20 ./Core/Src/spi.o
 .debug_rnglists
                0x00000386       0x13 ./Core/Src/stm32f3xx_hal_msp.o
 .debug_rnglists
                0x00000399       0x4f ./Core/Src/stm32f3xx_it.o
 .debug_rnglists
                0x000003e8       0x13 ./Core/Src/sysmem.o
 .debug_rnglists
                0x000003fb       0x1a ./Core/Src/system_stm32f3xx.o
 .debug_rnglists
                0x00000415       0x80 ./Core/Src/usart.o
 .debug_rnglists
                0x00000495       0x4b ./Core/Src/vl53l1_platform.o
 .debug_rnglists
                0x000004e0       0x21 ./Core/Src/vl53l1x_bridge.o
 .debug_rnglists
                0x00000501       0x19 ./Core/Startup/startup_stm32f303k8tx.o
 .debug_rnglists
                0x0000051a       0xa3 ./Drivers/STM32F3xx_HAL_Driver/Src/stm32f3xx_hal.o
 .debug_rnglists
                0x000005bd       0xbb ./Drivers/STM32F3xx_HAL_Driver/Src/stm32f3xx_hal_cortex.o
 .debug_rnglists
                0x00000678       0x69 ./Drivers/STM32F3xx_HAL_Driver/Src/stm32f3xx_hal_dma.o
 .debug_rnglists
                0x000006e1       0x3f ./Drivers/STM32F3xx_HAL_Driver/Src/stm32f3xx_hal_gpio.o
 .debug_rnglists
                0x00000720       0x66 ./Drivers/STM32F3xx_HAL_Driver/Src/stm32f3xx_hal_rcc.o
 .debug_rnglists
                0x00000786       0x27 ./Drivers/STM32F3xx_HAL_Driver/Src/stm32f3xx_hal_rcc_ex.o
 .debug_rnglists
                0x000007ad      0x178 ./Drivers/STM32F3xx_HAL_Driver/Src/stm32f3xx_hal_spi.o
 .debug_rnglists
                0x00000925      0x1da ./Drivers/STM32F3xx_HAL_Driver/Src/stm32f3xx_hal_uart.o
 .debug_rnglists
                0x00000aff       0x54 ./Drivers/STM32F3xx_HAL_Driver/Src/stm32f3xx_hal_uart_ex.o

.debug_macro    0x00000000    0x1d001
 .debug_macro   0x00000000      0x1d3 ./Core/Src/VL53L1X_api.o
 .debug_macro   0x000001d3      0xad8 ./Core/Src/VL53L1X_api.o
 .debug_macro   0x00000cab       0x22 ./Core/Src/VL53L1X_api.o
 .debug_macro   0x00000ccd       0x8e ./Core/Src/VL53L1X_api.o
 .debug_macro   0x00000d5b       0x51 ./Core/Src/VL53L1X_api.o
 .debug_macro   0x00000dac      0x103 ./Core/Src/VL53L1X_api.o
 .debug_macro   0x00000eaf       0x6a ./Core/Src/VL53L1X_api.o
 .debug_macro   0x00000f19      0x1df ./Core/Src/VL53L1X_api.o
 .debug_macro   0x000010f8      0x190 ./Core/Src/VL53L1X_api.o
 .debug_macro   0x00001288       0x61 ./Core/Src/VL53L1X_api.o
 .debug_macro   0x000012e9       0x2a ./Core/Src/VL53L1X_api.o
 .debug_macro   0x00001313       0x43 ./Core/Src/VL53L1X_api.o
 .debug_macro   0x00001356       0x34 ./Core/Src/VL53L1X_api.o
 .debug_macro   0x0000138a      0x370 ./Core/Src/VL53L1X_api.o
 .debug_macro   0x000016fa       0x16 ./Core/Src/VL53L1X_api.o
 .debug_macro   0x00001710       0x4a ./Core/Src/VL53L1X_api.o
 .debug_macro   0x0000175a       0x34 ./Core/Src/VL53L1X_api.o
 .debug_macro   0x0000178e       0x10 ./Core/Src/VL53L1X_api.o
 .debug_macro   0x0000179e       0x58 ./Core/Src/VL53L1X_api.o
 .debug_macro   0x000017f6       0x8e ./Core/Src/VL53L1X_api.o
 .debug_macro   0x00001884       0x1c ./Core/Src/VL53L1X_api.o
 .debug_macro   0x000018a0      0x185 ./Core/Src/VL53L1X_api.o
 .debug_macro   0x00001a25       0x10 ./Core/Src/VL53L1X_api.o
 .debug_macro   0x00001a35       0x3c ./Core/Src/VL53L1X_api.o
 .debug_macro   0x00001a71       0x20 ./Core/Src/VL53L1X_api.o
 .debug_macro   0x00001a91       0x1c ./Core/Src/VL53L1X_api.o
 .debug_macro   0x00001aad       0x10 ./Core/Src/VL53L1X_api.o
 .debug_macro   0x00001abd       0x1c ./Core/Src/VL53L1X_api.o
 .debug_macro   0x00001ad9       0x16 ./Core/Src/VL53L1X_api.o
 .debug_macro   0x00001aef      0x146 ./Core/Src/VL53L1X_api.o
 .debug_macro   0x00001c35       0x16 ./Core/Src/VL53L1X_api.o
 .debug_macro   0x00001c4b       0x16 ./Core/Src/VL53L1X_api.o
 .debug_macro   0x00001c61       0x29 ./Core/Src/VL53L1X_api.o
 .debug_macro   0x00001c8a      0x12a ./Core/Src/VL53L1X_api.o
 .debug_macro   0x00001db4      0x1df ./Core/Src/dma.o
 .debug_macro   0x00001f93      0x15e ./Core/Src/dma.o
 .debug_macro   0x000020f1       0x2e ./Core/Src/dma.o
 .debug_macro   0x0000211f       0x28 ./Core/Src/dma.o
 .debug_macro   0x00002147       0x1c ./Core/Src/dma.o
 .debug_macro   0x00002163       0x22 ./Core/Src/dma.o
 .debug_macro   0x00002185       0xd9 ./Core/Src/dma.o
 .debug_macro   0x0000225e      0xf07 ./Core/Src/dma.o
 .debug_macro   0x00003165    0x10be0 ./Core/Src/dma.o
 .debug_macro   0x00013d45       0x6d ./Core/Src/dma.o
 .debug_macro   0x00013db2     0x3574 ./Core/Src/dma.o
 .debug_macro   0x00017326       0x55 ./Core/Src/dma.o
 .debug_macro   0x0001737b      0x8f8 ./Core/Src/dma.o
 .debug_macro   0x00017c73      0x304 ./Core/Src/dma.o
 .debug_macro   0x00017f77      0x1b5 ./Core/Src/dma.o
 .debug_macro   0x0001812c      0x11b ./Core/Src/dma.o
 .debug_macro   0x00018247      0x1d5 ./Core/Src/dma.o
 .debug_macro   0x0001841c      0x1bc ./Core/Src/dma.o
 .debug_macro   0x000185d8       0x34 ./Core/Src/dma.o
 .debug_macro   0x0001860c       0x3c ./Core/Src/dma.o
 .debug_macro   0x00018648       0x57 ./Core/Src/dma.o
 .debug_macro   0x0001869f       0xc5 ./Core/Src/dma.o
 .debug_macro   0x00018764      0x19f ./Core/Src/dma.o
 .debug_macro   0x00018903      0x22c ./Core/Src/dma.o
 .debug_macro   0x00018b2f       0x5b ./Core/Src/dma.o
 .debug_macro   0x00018b8a       0xa5 ./Core/Src/dma.o
 .debug_macro   0x00018c2f       0x81 ./Core/Src/dma.o
 .debug_macro   0x00018cb0       0xd3 ./Core/Src/dma.o
 .debug_macro   0x00018d83      0x2fe ./Core/Src/dma.o
 .debug_macro   0x00019081      0x5ba ./Core/Src/dma.o
 .debug_macro   0x0001963b       0x44 ./Core/Src/dma.o
 .debug_macro   0x0001967f      0x285 ./Core/Src/dma.o
 .debug_macro   0x00019904       0x7c ./Core/Src/dma.o
 .debug_macro   0x00019980      0x1df ./Core/Src/gpio.o
 .debug_macro   0x00019b5f      0x214 ./Core/Src/main.o
 .debug_macro   0x00019d73       0x10 ./Core/Src/main.o
 .debug_macro   0x00019d83      0x330 ./Core/Src/optical_slice_app.o
 .debug_macro   0x0001a0b3       0x58 ./Core/Src/optical_slice_app.o
 .debug_macro   0x0001a10b       0x16 ./Core/Src/optical_slice_app.o
 .debug_macro   0x0001a121       0x9e ./Core/Src/optical_slice_app.o
 .debug_macro   0x0001a1bf      0x112 ./Core/Src/optical_slice_app.o
 .debug_macro   0x0001a2d1       0x16 ./Core/Src/optical_slice_app.o
 .debug_macro   0x0001a2e7       0x16 ./Core/Src/optical_slice_app.o
 .debug_macro   0x0001a2fd      0x124 ./Core/Src/optical_slice_app.o
 .debug_macro   0x0001a421       0x4f ./Core/Src/optical_slice_app.o
 .debug_macro   0x0001a470      0x349 ./Core/Src/optical_slice_sensors.o
 .debug_macro   0x0001a7b9      0x32c ./Core/Src/sc18is604.o
 .debug_macro   0x0001aae5      0x1df ./Core/Src/spi.o
 .debug_macro   0x0001acc4      0x1d5 ./Core/Src/stm32f3xx_hal_msp.o
 .debug_macro   0x0001ae99      0x1df ./Core/Src/stm32f3xx_it.o
 .debug_macro   0x0001b078      0x112 ./Core/Src/sysmem.o
 .debug_macro   0x0001b18a      0x23c ./Core/Src/sysmem.o
 .debug_macro   0x0001b3c6      0x1c6 ./Core/Src/system_stm32f3xx.o
 .debug_macro   0x0001b58c      0x32a ./Core/Src/usart.o
 .debug_macro   0x0001b8b6       0x22 ./Core/Src/usart.o
 .debug_macro   0x0001b8d8      0x33b ./Core/Src/vl53l1_platform.o
 .debug_macro   0x0001bc13      0x384 ./Core/Src/vl53l1x_bridge.o
 .debug_macro   0x0001bf97      0x1ea ./Drivers/STM32F3xx_HAL_Driver/Src/stm32f3xx_hal.o
 .debug_macro   0x0001c181      0x1c6 ./Drivers/STM32F3xx_HAL_Driver/Src/stm32f3xx_hal_cortex.o
 .debug_macro   0x0001c347      0x1c6 ./Drivers/STM32F3xx_HAL_Driver/Src/stm32f3xx_hal_dma.o
 .debug_macro   0x0001c50d      0x1cd ./Drivers/STM32F3xx_HAL_Driver/Src/stm32f3xx_hal_gpio.o
 .debug_macro   0x0001c6da      0x1ea ./Drivers/STM32F3xx_HAL_Driver/Src/stm32f3xx_hal_rcc.o
 .debug_macro   0x0001c8c4      0x1c6 ./Drivers/STM32F3xx_HAL_Driver/Src/stm32f3xx_hal_rcc_ex.o
 .debug_macro   0x0001ca8a      0x1ce ./Drivers/STM32F3xx_HAL_Driver/Src/stm32f3xx_hal_spi.o
 .debug_macro   0x0001cc58      0x1e3 ./Drivers/STM32F3xx_HAL_Driver/Src/stm32f3xx_hal_uart.o