../Core/Src/optical_slice_app.c:26:16:OpticalSlice_ReadLaserRaw	8	static
../Core/Src/optical_slice_app.c:31:16:OpticalSlice_ReadLaserBeam	8	static
../Core/Src/optical_slice_app.c:37:13:OpticalSlice_UartPrint	272	static
../Core/Src/optical_slice_app.c:58:39:OpticalSlice_GetSensorStatus	32	static
../Core/Src/optical_slice_app.c:76:13:OpticalSlice_ReportBootDiagnostics	56	static
../Core/Src/optical_slice_app.c:106:13:OpticalSlice_ReportVl53BridgeProbe	232	static
../Core/Src/optical_slice_app.c:174:31:OpticalSlice_GetHeightLevel	16	static
../Core/Src/optical_slice_app.c:195:20:OpticalSlice_HeightLevelText	16	static
../Core/Src/optical_slice_app.c:213:20:OpticalSlice_YNText	16	static
../Core/Src/optical_slice_app.c:218:20:OpticalSlice_CameraShortText	16	static
../Core/Src/optical_slice_app.c:223:13:OpticalSlice_FormatAmbientText	24	static
../Core/Src/optical_slice_app.c:243:20:OpticalSlice_PackageShortText	16	static
../Core/Src/optical_slice_app.c:253:13:OpticalSlice_FormatVl53Text	40	static
../Core/Src/optical_slice_app.c:283:13:OpticalSlice_FormatSnowHeightText	16	static
../Core/Src/optical_slice_app.c:318:13:OpticalSlice_FormatPrecipitationText	24	static
../Core/Src/optical_slice_app.c:351:13:OpticalSlice_ReportFrame	528	static
../Core/Src/optical_slice_app.c:390:13:OpticalSlice_ReportHealth	136	static
../Core/Src/optical_slice_app.c:425:6:OpticalSlice_Init	32	static
../Core/Src/optical_slice_app.c:474:6:OpticalSlice_Run	24	static,ignoring_inline_asm
../Core/Src/optical_slice_app.c:559:30:OpticalSlice_GetLatestFrame	4	static
../Core/Src/optical_slice_app.c:564:6:HAL_GPIO_EXTI_Callback	16	static
