../Core/Src/optical_slice_app.c:23:16:OpticalSlice_ReadLaserRaw	8	static
../Core/Src/optical_slice_app.c:28:16:OpticalSlice_ReadLaserBeam	8	static
../Core/Src/optical_slice_app.c:34:13:OpticalSlice_UartPrint	272	static
../Core/Src/optical_slice_app.c:55:39:OpticalSlice_GetSensorStatus	32	static
../Core/Src/optical_slice_app.c:73:13:OpticalSlice_ReportBootDiagnostics	56	static
../Core/Src/optical_slice_app.c:103:13:OpticalSlice_ReportVl53BridgeProbe	232	static
../Core/Src/optical_slice_app.c:171:31:OpticalSlice_GetHeightLevel	16	static
../Core/Src/optical_slice_app.c:192:20:OpticalSlice_HeightLevelText	16	static
../Core/Src/optical_slice_app.c:210:20:OpticalSlice_YNText	16	static
../Core/Src/optical_slice_app.c:215:20:OpticalSlice_CameraShortText	16	static
../Core/Src/optical_slice_app.c:220:13:OpticalSlice_FormatAmbientText	24	static
../Core/Src/optical_slice_app.c:240:20:OpticalSlice_PackageShortText	16	static
../Core/Src/optical_slice_app.c:250:13:OpticalSlice_FormatVl53Text	40	static
../Core/Src/optical_slice_app.c:280:13:OpticalSlice_FormatSnowHeightText	16	static
../Core/Src/optical_slice_app.c:315:13:OpticalSlice_FormatPrecipitationText	24	static
../Core/Src/optical_slice_app.c:348:13:OpticalSlice_ReportFrame	528	static
../Core/Src/optical_slice_app.c:387:13:OpticalSlice_ReportHealth	136	static
../Core/Src/optical_slice_app.c:422:6:OpticalSlice_Init	32	static
../Core/Src/optical_slice_app.c:471:6:OpticalSlice_Run	24	static,ignoring_inline_asm
../Core/Src/optical_slice_app.c:553:30:OpticalSlice_GetLatestFrame	4	static
../Core/Src/optical_slice_app.c:558:6:HAL_GPIO_EXTI_Callback	16	static
