../Core/Src/optical_slice_app.c:23:16:OpticalSlice_ReadLaserRaw	8	static
../Core/Src/optical_slice_app.c:28:16:OpticalSlice_ReadLaserBeam	8	static
../Core/Src/optical_slice_app.c:34:39:OpticalSlice_GetSensorStatus	32	static
../Core/Src/optical_slice_app.c:52:13:OpticalSlice_ReportBootDiagnostics	376	static
../Core/Src/optical_slice_app.c:89:13:OpticalSlice_ReportVl53BridgeProbe	232	static
../Core/Src/optical_slice_app.c:157:31:OpticalSlice_GetHeightLevel	16	static
../Core/Src/optical_slice_app.c:179:20:OpticalSlice_HeightLevelText	16	static
../Core/Src/optical_slice_app.c:197:20:OpticalSlice_YesNoText	16	static
../Core/Src/optical_slice_app.c:202:20:OpticalSlice_CameraText	16	static
../Core/Src/optical_slice_app.c:207:20:OpticalSlice_PackageText	16	static
../Core/Src/optical_slice_app.c:217:13:OpticalSlice_FormatVl53Text	40	static
../Core/Src/optical_slice_app.c:241:13:OpticalSlice_FormatPrecipitationText	24	static
../Core/Src/optical_slice_app.c:282:13:OpticalSlice_ReportFrame	488	static
../Core/Src/optical_slice_app.c:327:6:OpticalSlice_Init	32	static
../Core/Src/optical_slice_app.c:371:6:OpticalSlice_Run	24	static,ignoring_inline_asm
../Core/Src/optical_slice_app.c:435:30:OpticalSlice_GetLatestFrame	4	static
../Core/Src/optical_slice_app.c:440:6:HAL_GPIO_EXTI_Callback	16	static
