../Core/Src/optical_slice_sensors.c:67:13:OpticalSensors_SetUpdateFlag	16	static
../Core/Src/optical_slice_sensors.c:75:13:OpticalSensors_ResetFrameFlags	16	static
../Core/Src/optical_slice_sensors.c:93:13:OpticalSensors_RecordHealthEvent	16	static
../Core/Src/optical_slice_sensors.c:100:13:OpticalSensors_RecordFaultEvent	16	static
../Core/Src/optical_slice_sensors.c:107:13:OpticalSensors_ApplyLaserProfile	16	static
../Core/Src/optical_slice_sensors.c:134:16:OpticalSensors_IsVl53MeasurementValid	16	static
../Core/Src/optical_slice_sensors.c:140:17:OpticalSensors_ComputeSnowHeight	24	static
../Core/Src/optical_slice_sensors.c:165:16:OpticalSensors_IsObstructionDistance	16	static
../Core/Src/optical_slice_sensors.c:171:13:OpticalSensors_ResetBh1750Cache	4	static
../Core/Src/optical_slice_sensors.c:177:13:OpticalSensors_ResetVl53Cache	4	static
../Core/Src/optical_slice_sensors.c:183:13:OpticalSensors_ResetWonderCamCache	4	static
../Core/Src/optical_slice_sensors.c:194:13:OpticalSensors_InvalidateBridgeSensors	8	static
../Core/Src/optical_slice_sensors.c:207:13:OpticalSensors_RequestBridgeRecovery	8	static
../Core/Src/optical_slice_sensors.c:221:26:OpticalSensors_EnsureBridgeReady	16	static
../Core/Src/optical_slice_sensors.c:256:13:OpticalSensors_LogWonderCamDiag	144	static
../Core/Src/optical_slice_sensors.c:324:13:OpticalSensors_ScanBridgeI2cBus	136	static
../Core/Src/optical_slice_sensors.c:360:26:OpticalSensors_WonderCamRead	24	static
../Core/Src/optical_slice_sensors.c:382:26:OpticalSensors_WonderCamWrite	40	static
../Core/Src/optical_slice_sensors.c:398:26:OpticalSensors_StartWonderCam	48	static
../Core/Src/optical_slice_sensors.c:484:13:OpticalSensors_ApplyWonderCamClass	24	static
../Core/Src/optical_slice_sensors.c:525:26:OpticalSensors_SampleWonderCam	168	static
../Core/Src/optical_slice_sensors.c:640:26:OpticalSensors_StartBh1750	24	static
../Core/Src/optical_slice_sensors.c:661:26:OpticalSensors_SampleBh1750	32	static
../Core/Src/optical_slice_sensors.c:735:26:OpticalSensors_SampleLaser	24	static
../Core/Src/optical_slice_sensors.c:784:19:OpticalSensors_Init	16	static
../Core/Src/optical_slice_sensors.c:887:19:OpticalSensors_Poll	32	static
../Core/Src/optical_slice_sensors.c:1061:32:OpticalSensors_GetTable	16	static
../Core/Src/optical_slice_sensors.c:1071:6:OpticalSensors_GetRuntimeConfig	16	static
../Core/Src/optical_slice_sensors.c:1081:6:OpticalSensors_GetDiagnostics	24	static
../Core/Src/optical_slice_sensors.c:1095:9:OpticalSensors_HasSnowBaseline	4	static
../Core/Src/optical_slice_sensors.c:1100:10:OpticalSensors_GetSnowBaselineMm	4	static
../Core/Src/optical_slice_sensors.c:1105:19:OpticalSensors_CaptureSnowBaseline	8	static
../Core/Src/optical_slice_sensors.c:1117:6:OpticalSensors_ClearSnowBaseline	8	static
../Core/Src/optical_slice_sensors.c:1123:19:OpticalSensors_SetLaserProfile	16	static
../Core/Src/optical_slice_sensors.c:1147:13:OpticalSensors_GetLaserProfileName	16	static
../Core/Src/optical_slice_sensors.c:1163:6:OpticalSensors_ResetDiagnostics	4	static
