../Core/Src/sc18is604.c:33:13:SC18IS604_DelayUs	24	static
../Core/Src/sc18is604.c:61:13:SC18IS604_Select	8	static
../Core/Src/sc18is604.c:66:13:SC18IS604_Deselect	8	static
../Core/Src/sc18is604.c:71:26:SC18IS604_SpiTransfer	40	static
../Core/Src/sc18is604.c:98:26:SC18IS604_SendCommand	280	static
../Core/Src/sc18is604.c:111:26:SC18IS604_WriteRegister	24	static
../Core/Src/sc18is604.c:119:26:SC18IS604_ReadRegister	24	static
../Core/Src/sc18is604.c:139:26:SC18IS604_WaitForI2cCompletion	24	static
../Core/Src/sc18is604.c:173:26:SC18IS604_ReadBuffer	536	static
../Core/Src/sc18is604.c:199:19:SC18IS604_Init	16	static
../Core/Src/sc18is604.c:281:9:SC18IS604_IsReady	4	static
../Core/Src/sc18is604.c:286:9:SC18IS604_GetLastI2cStatus	4	static
../Core/Src/sc18is604.c:291:9:SC18IS604_GetLastI2cRawStatus	4	static
../Core/Src/sc18is604.c:296:13:SC18IS604_I2cStatusText	16	static
../Core/Src/sc18is604.c:315:19:SC18IS604_ReadVersion	40	static
../Core/Src/sc18is604.c:344:19:SC18IS604_ReadGpioState	16	static
../Core/Src/sc18is604.c:349:19:SC18IS604_I2cWrite	280	static
../Core/Src/sc18is604.c:373:19:SC18IS604_I2cRead	24	static
../Core/Src/sc18is604.c:402:19:SC18IS604_I2cWriteRead	296	static
