../Drivers/CMSIS/Include/core_cm4.h:1775:22:__NVIC_ClearPendingIRQ	16	static
../Drivers/BSP/X-NUCLEO-53L1A1/X-NUCLEO-53L1A1.c:221:13:_I2cFailRecover	48	static
../Drivers/BSP/X-NUCLEO-53L1A1/X-NUCLEO-53L1A1.c:274:5:XNUCLEO53L1A1_I2C1Configure	40	static
../Drivers/BSP/X-NUCLEO-53L1A1/X-NUCLEO-53L1A1.c:313:5:XNUCLEO53L1A1_SetIntrStateId	32	static
../Drivers/BSP/X-NUCLEO-53L1A1/X-NUCLEO-53L1A1.c:385:5:XNUCLEO53L1A1_Init	16	static
../Drivers/BSP/X-NUCLEO-53L1A1/X-NUCLEO-53L1A1.c:431:5:XNUCLEO53L1A1_GetPB1	24	static
../Drivers/BSP/X-NUCLEO-53L1A1/X-NUCLEO-53L1A1.c:448:5:XNUCLEO53L1A1_ResetId	24	static
../Drivers/BSP/X-NUCLEO-53L1A1/X-NUCLEO-53L1A1.c:486:6:VL53L1A1_EXTI_IOConfigure	56	static
../Drivers/BSP/X-NUCLEO-53L1A1/X-NUCLEO-53L1A1.c:527:6:VL53L1A1_EXTI_IOUnconfigure	16	static
../Drivers/BSP/X-NUCLEO-53L1A1/X-NUCLEO-53L1A1.c:557:12:_ExpandersSetAllIO	16	static
../Drivers/BSP/X-NUCLEO-53L1A1/X-NUCLEO-53L1A1.c:576:12:_ExpanderRd	40	static
../Drivers/BSP/X-NUCLEO-53L1A1/X-NUCLEO-53L1A1.c:600:12:_ExpanderWR	56	static
../Drivers/BSP/X-NUCLEO-53L1A1/X-NUCLEO-53L1A1.c:764:5:XNUCLEO53L1A1_SetDisplayString	32	static
